Archive member included to satisfy reference by file (symbol)

c:/program files (x86)/atmel/studio/7.0/toolchain/arm/arm-gnu-toolchain/bin/../lib/gcc/arm-none-eabi/6.3.1/thumb/v6-m\libgcc.a(_thumb1_case_uqi.o)
                              src/ASF/common/components/wifi/winc1500/driver/source/m2m_hif.o (__gnu_thumb1_case_uqi)
c:/program files (x86)/atmel/studio/7.0/toolchain/arm/arm-gnu-toolchain/bin/../lib/gcc/arm-none-eabi/6.3.1/thumb/v6-m\libgcc.a(_udivsi3.o)
                              src/ASF/common2/services/delay/sam0/systick_counter.o (__aeabi_uidiv)
c:/program files (x86)/atmel/studio/7.0/toolchain/arm/arm-gnu-toolchain/bin/../lib/gcc/arm-none-eabi/6.3.1/thumb/v6-m\libgcc.a(_divsi3.o)
                              src/iot/sw_timer.o (__aeabi_idiv)
c:/program files (x86)/atmel/studio/7.0/toolchain/arm/arm-gnu-toolchain/bin/../lib/gcc/arm-none-eabi/6.3.1/thumb/v6-m\libgcc.a(_dvmd_tls.o)
                              c:/program files (x86)/atmel/studio/7.0/toolchain/arm/arm-gnu-toolchain/bin/../lib/gcc/arm-none-eabi/6.3.1/thumb/v6-m\libgcc.a(_udivsi3.o) (__aeabi_idiv0)
c:/program files (x86)/atmel/studio/7.0/toolchain/arm/arm-gnu-toolchain/bin/../lib/gcc/arm-none-eabi/6.3.1/thumb/v6-m\libgcc.a(_ashldi3.o)
                              src/ASF/sam0/drivers/sercom/sercom.o (__aeabi_llsl)
c:/program files (x86)/atmel/studio/7.0/toolchain/arm/arm-gnu-toolchain/bin/../lib/gcc/arm-none-eabi/6.3.1/thumb/v6-m\libgcc.a(_muldi3.o)
                              src/ASF/sam0/drivers/sercom/sercom.o (__aeabi_lmul)
c:/program files (x86)/atmel/studio/7.0/toolchain/arm/arm-gnu-toolchain/bin/../lib/gcc/arm-none-eabi/6.3.1/thumb/v6-m\libgcc.a(addsf3.o)
                              src/GyroscopeDriver.o (__aeabi_fadd)
c:/program files (x86)/atmel/studio/7.0/toolchain/arm/arm-gnu-toolchain/bin/../lib/gcc/arm-none-eabi/6.3.1/thumb/v6-m\libgcc.a(divsf3.o)
                              src/GyroscopeDriver.o (__aeabi_fdiv)
c:/program files (x86)/atmel/studio/7.0/toolchain/arm/arm-gnu-toolchain/bin/../lib/gcc/arm-none-eabi/6.3.1/thumb/v6-m\libgcc.a(mulsf3.o)
                              src/GyroscopeDriver.o (__aeabi_fmul)
c:/program files (x86)/atmel/studio/7.0/toolchain/arm/arm-gnu-toolchain/bin/../lib/gcc/arm-none-eabi/6.3.1/thumb/v6-m\libgcc.a(floatsisf.o)
                              src/GyroscopeDriver.o (__aeabi_i2f)
c:/program files (x86)/atmel/studio/7.0/toolchain/arm/arm-gnu-toolchain/bin/../lib/gcc/arm-none-eabi/6.3.1/thumb/v6-m\libgcc.a(adddf3.o)
                              src/ASF/sam0/drivers/sercom/i2c/i2c_sam0/i2c_master.o (__aeabi_dadd)
c:/program files (x86)/atmel/studio/7.0/toolchain/arm/arm-gnu-toolchain/bin/../lib/gcc/arm-none-eabi/6.3.1/thumb/v6-m\libgcc.a(divdf3.o)
                              src/ASF/sam0/drivers/sercom/i2c/i2c_sam0/i2c_master.o (__aeabi_ddiv)
c:/program files (x86)/atmel/studio/7.0/toolchain/arm/arm-gnu-toolchain/bin/../lib/gcc/arm-none-eabi/6.3.1/thumb/v6-m\libgcc.a(muldf3.o)
                              src/ASF/sam0/drivers/sercom/i2c/i2c_sam0/i2c_master.o (__aeabi_dmul)
c:/program files (x86)/atmel/studio/7.0/toolchain/arm/arm-gnu-toolchain/bin/../lib/gcc/arm-none-eabi/6.3.1/thumb/v6-m\libgcc.a(subdf3.o)
                              src/ASF/sam0/drivers/sercom/i2c/i2c_sam0/i2c_master.o (__aeabi_dsub)
c:/program files (x86)/atmel/studio/7.0/toolchain/arm/arm-gnu-toolchain/bin/../lib/gcc/arm-none-eabi/6.3.1/thumb/v6-m\libgcc.a(fixdfsi.o)
                              src/ASF/sam0/drivers/sercom/i2c/i2c_sam0/i2c_master.o (__aeabi_d2iz)
c:/program files (x86)/atmel/studio/7.0/toolchain/arm/arm-gnu-toolchain/bin/../lib/gcc/arm-none-eabi/6.3.1/thumb/v6-m\libgcc.a(floatsidf.o)
                              src/GyroscopeDriver.o (__aeabi_i2d)
c:/program files (x86)/atmel/studio/7.0/toolchain/arm/arm-gnu-toolchain/bin/../lib/gcc/arm-none-eabi/6.3.1/thumb/v6-m\libgcc.a(floatunsidf.o)
                              src/ASF/sam0/drivers/sercom/i2c/i2c_sam0/i2c_master.o (__aeabi_ui2d)
c:/program files (x86)/atmel/studio/7.0/toolchain/arm/arm-gnu-toolchain/bin/../lib/gcc/arm-none-eabi/6.3.1/thumb/v6-m\libgcc.a(extendsfdf2.o)
                              src/GyroscopeDriver.o (__aeabi_f2d)
c:/program files (x86)/atmel/studio/7.0/toolchain/arm/arm-gnu-toolchain/bin/../lib/gcc/arm-none-eabi/6.3.1/thumb/v6-m\libgcc.a(truncdfsf2.o)
                              src/GyroscopeDriver.o (__aeabi_d2f)
c:/program files (x86)/atmel/studio/7.0/toolchain/arm/arm-gnu-toolchain/bin/../lib/gcc/arm-none-eabi/6.3.1/thumb/v6-m\libgcc.a(_clzsi2.o)
                              c:/program files (x86)/atmel/studio/7.0/toolchain/arm/arm-gnu-toolchain/bin/../lib/gcc/arm-none-eabi/6.3.1/thumb/v6-m\libgcc.a(addsf3.o) (__clzsi2)
c:/program files (x86)/atmel/studio/7.0/toolchain/arm/arm-gnu-toolchain/bin/../lib/gcc/arm-none-eabi/6.3.1/../../../../arm-none-eabi/lib/thumb/v6-m\libc_nano.a(lib_a-atoi.o)
                              src/iot/http/http_client.o (atoi)
[...]
Memory Configuration

Name             Origin             Length             Attributes
rom              0x00000000         0x00040000         xr
ram              0x20000000         0x00008000         xrw
*default*        0x00000000         0xffffffff

Linker script and memory map

LOAD c:/program files (x86)/atmel/studio/7.0/toolchain/arm/arm-gnu-toolchain/bin/../lib/gcc/arm-none-eabi/6.3.1/thumb/v6-m/crti.o
LOAD c:/program files (x86)/atmel/studio/7.0/toolchain/arm/arm-gnu-toolchain/bin/../lib/gcc/arm-none-eabi/6.3.1/thumb/v6-m/crtbegin.o
LOAD c:/program files (x86)/atmel/studio/7.0/toolchain/arm/arm-gnu-toolchain/bin/../lib/gcc/arm-none-eabi/6.3.1/../../../../arm-none-eabi/lib/thumb/v6-m/crt0.o
LOAD src/ASF/common2/components/memory/serial_flash/at25dfx/at25dfx.o
LOAD src/ASF/common/services/crc32/crc32.o
LOAD src/ASF/common2/services/delay/sam0/systick_counter.o
LOAD src/ASF/common/components/wifi/winc1500/bsp/source/nm_bsp_samd21.o
LOAD src/ASF/common/components/wifi/winc1500/bus_wrapper/source/nm_bus_wrapper_samd21.o
LOAD src/ASF/common/components/wifi/winc1500/common/source/nm_common.o
LOAD src/ASF/common/components/wifi/winc1500/driver/source/m2m_ate_mode.o
LOAD src/ASF/common/components/wifi/winc1500/driver/source/m2m_crypto.o
LOAD src/ASF/common/components/wifi/winc1500/driver/source/m2m_hif.o
LOAD src/ASF/common/components/wifi/winc1500/driver/source/m2m_ota.o
LOAD src/ASF/common/components/wifi/winc1500/driver/source/m2m_periph.o
LOAD src/ASF/common/components/wifi/winc1500/driver/source/m2m_ssl.o
LOAD src/ASF/common/components/wifi/winc1500/driver/source/m2m_wifi.o
LOAD src/ASF/common/components/wifi/winc1500/driver/source/nmasic.o
LOAD src/ASF/common/components/wifi/winc1500/driver/source/nmbus.o
LOAD src/ASF/common/components/wifi/winc1500/driver/source/nmdrv.o
LOAD src/ASF/common/components/wifi/winc1500/driver/source/nmi2c.o
LOAD src/ASF/common/components/wifi/winc1500/driver/source/nmspi.o
LOAD src/ASF/common/components/wifi/winc1500/driver/source/nmuart.o
LOAD src/ASF/common/components/wifi/winc1500/socket/source/socket.o
LOAD src/ASF/common/components/wifi/winc1500/spi_flash/source/spi_flash.o
LOAD src/ASF/sam0/drivers/extint/extint_callback.o
LOAD src/ASF/sam0/drivers/extint/extint_sam_d_r_h/extint.o
LOAD src/ASF/sam0/drivers/rtc/rtc_sam_d_r_h/rtc_calendar.o
LOAD src/ASF/sam0/drivers/rtc/rtc_sam_d_r_h/rtc_calendar_interrupt.o
LOAD src/ASF/sam0/drivers/sercom/i2c/i2c_sam0/i2c_master.o
LOAD src/ASF/sam0/drivers/tcc/tcc.o
LOAD src/ASF/sam0/drivers/tcc/tcc_callback.o
LOAD src/GyroscopeDriver.o
LOAD src/ASF/sam0/drivers/nvm/nvm.o
LOAD src/ASF/sam0/drivers/port/port.o
LOAD src/ASF/common2/boards/user_board/init.o
LOAD src/ASF/common/utils/interrupt/interrupt_sam_nvic.o
LOAD src/ASF/sam0/drivers/sercom/sercom.o
LOAD src/ASF/sam0/drivers/sercom/sercom_interrupt.o
LOAD src/ASF/sam0/drivers/sercom/spi/spi.o
LOAD src/ASF/sam0/drivers/sercom/spi/spi_interrupt.o
LOAD src/ASF/sam0/drivers/sercom/usart/usart.o
LOAD src/ASF/sam0/drivers/sercom/usart/usart_interrupt.o
LOAD src/ASF/sam0/drivers/system/clock/clock_samd21_r21_da_ha1/clock.o
LOAD src/ASF/sam0/drivers/system/clock/clock_samd21_r21_da_ha1/gclk.o
LOAD src/ASF/sam0/drivers/system/interrupt/system_interrupt.o
LOAD src/ASF/sam0/drivers/system/pinmux/pinmux.o
LOAD src/ASF/sam0/drivers/system/system.o
LOAD src/ASF/sam0/utils/cmsis/samd21/source/gcc/startup_samd21.o
LOAD src/ASF/sam0/utils/cmsis/samd21/source/system_samd21.o
LOAD src/ASF/sam0/utils/stdio/read.o
LOAD src/ASF/sam0/utils/stdio/write.o
LOAD src/ASF/sam0/utils/syscalls/gcc/syscalls.o
LOAD src/iot/http/http_client.o
LOAD src/iot/stream_writer.o
LOAD src/iot/sw_timer.o
LOAD src/main.o
START GROUP
LOAD ../src/ASF/thirdparty/CMSIS/Lib/GCC\libarm_cortexM0l_math.a
LOAD c:/program files (x86)/atmel/studio/7.0/toolchain/arm/arm-gnu-toolchain/bin/../lib/gcc/arm-none-eabi/6.3.1/../../../../arm-none-eabi/lib/thumb/v6-m\libm.a
END GROUP
Address of section .text set to 0x2000
START GROUP
LOAD c:/program files (x86)/atmel/studio/7.0/toolchain/arm/arm-gnu-toolchain/bin/../lib/gcc/arm-none-eabi/6.3.1/thumb/v6-m\libgcc.a
LOAD c:/program files (x86)/atmel/studio/7.0/toolchain/arm/arm-gnu-toolchain/bin/../lib/gcc/arm-none-eabi/6.3.1/../../../../arm-none-eabi/lib/thumb/v6-m\libc_nano.a
END GROUP
START GROUP
LOAD c:/program files (x86)/atmel/studio/7.0/toolchain/arm/arm-gnu-toolchain/bin/../lib/gcc/arm-none-eabi/6.3.1/thumb/v6-m\libgcc.a
LOAD c:/program files (x86)/atmel/studio/7.0/toolchain/arm/arm-gnu-toolchain/bin/../lib/gcc/arm-none-eabi/6.3.1/../../../../arm-none-eabi/lib/thumb/v6-m\libc_nano.a
END GROUP
LOAD c:/program files (x86)/atmel/studio/7.0/toolchain/arm/arm-gnu-toolchain/bin/../lib/gcc/arm-none-eabi/6.3.1/thumb/v6-m/crtend.o
LOAD c:/program files (x86)/atmel/studio/7.0/toolchain/arm/arm-gnu-toolchain/bin/../lib/gcc/arm-none-eabi/6.3.1/thumb/v6-m/crtn.o
                0x00002000                STACK_SIZE = DEFINED (STACK_SIZE)?STACK_SIZE:DEFINED (__stack_size__)?__stack_size__:0x2000

.text           0x00002000     0xbe98
                0x00002000                . = ALIGN (0x4)
                0x00002000                _sfixed = .
 *(.vectors .vectors.*)
 .vectors       0x00002000       0xb4 src/ASF/sam0/utils/cmsis/samd21/source/gcc/startup_samd21.o
                0x00002000                exception_table
 *(.text .text.* .gnu.linkonce.t.*)
 .text          0x000020b4       0x60 c:/program files (x86)/atmel/studio/7.0/toolchain/arm/arm-gnu-toolchain/bin/../lib/gcc/arm-none-eabi/6.3.1/thumb/v6-m/crtbegin.o
 .text.port_pin_set_output_level
                0x00002114       0x2c src/ASF/common2/components/memory/serial_flash/at25dfx/at25dfx.o
 .text.spi_read
                0x00002140       0x30 src/ASF/common2/components/memory/serial_flash/at25dfx/at25dfx.o
 .text.spi_lock
                0x00002170       0x28 src/ASF/common2/components/memory/serial_flash/at25dfx/at25dfx.o
 .text._at25dfx_chip_get_nonbusy_status
                0x00002198       0x88 src/ASF/common2/components/memory/serial_flash/at25dfx/at25dfx.o
 .text._at25dfx_chip_issue_write_command_wait.isra.2
                0x00002220       0x54 src/ASF/common2/components/memory/serial_flash/at25dfx/at25dfx.o
 .text._at25dfx_chip_enable_write
                0x00002274       0x18 src/ASF/common2/components/memory/serial_flash/at25dfx/at25dfx.o
 .text._at25dfx_chip_issue_read_command_wait.isra.3
                0x0000228c       0x5c src/ASF/common2/components/memory/serial_flash/at25dfx/at25dfx.o
 .text.at25dfx_chip_read_buffer
                0x000022e8       0x50 src/ASF/common2/components/memory/serial_flash/at25dfx/at25dfx.o
                0x000022e8                at25dfx_chip_read_buffer
 .text.at25dfx_chip_write_buffer
                0x00002338       0xd0 src/ASF/common2/components/memory/serial_flash/at25dfx/at25dfx.o
                0x00002338                at25dfx_chip_write_buffer
 .text.at25dfx_chip_erase_block
                0x00002408       0x68 src/ASF/common2/components/memory/serial_flash/at25dfx/at25dfx.o
                0x00002408                at25dfx_chip_erase_block
 .text.at25dfx_chip_set_global_sector_protect
                0x00002470       0x50 src/ASF/common2/components/memory/serial_flash/at25dfx/at25dfx.o
                0x00002470                at25dfx_chip_set_global_sector_protect
 .text.at25dfx_chip_set_sector_protect
                0x000024c0       0x5c src/ASF/common2/components/memory/serial_flash/at25dfx/at25dfx.o
                0x000024c0                at25dfx_chip_set_sector_protect
 .text.at25dfx_chip_sleep
                0x0000251c       0x30 src/ASF/common2/components/memory/serial_flash/at25dfx/at25dfx.o
                0x0000251c                at25dfx_chip_sleep
 .text.at25dfx_chip_wake
                0x0000254c       0x30 src/ASF/common2/components/memory/serial_flash/at25dfx/at25dfx.o
                0x0000254c                at25dfx_chip_wake
 .text._crc32_recalculate_bytes_helper
                0x0000257c       0x24 src/ASF/common/services/crc32/crc32.o
 .text.crc32_recalculate
                0x000025a0       0x88 src/ASF/common/services/crc32/crc32.o
                0x000025a0                crc32_recalculate
 .text.delay_init
                0x00002628       0x40 src/ASF/common2/services/delay/sam0/systick_counter.o
                0x00002628                delay_init
 .text.delay_cycles_us
                0x00002668       0x2c src/ASF/common2/services/delay/sam0/systick_counter.o
                0x00002668                delay_cycles_us
 .text.delay_cycles_ms
                0x00002694       0x2c src/ASF/common2/services/delay/sam0/systick_counter.o
                0x00002694                delay_cycles_ms
 .text.chip_isr
                0x000026c0       0x14 src/ASF/common/components/wifi/winc1500/bsp/source/nm_bsp_samd21.o
 .text.nm_bsp_sleep
                0x000026d4       0x18 src/ASF/common/components/wifi/winc1500/bsp/source/nm_bsp_samd21.o
                0x000026d4                nm_bsp_sleep
 .text.nm_bsp_reset
                0x000026ec       0x28 src/ASF/common/components/wifi/winc1500/bsp/source/nm_bsp_samd21.o
                0x000026ec                nm_bsp_reset
 .text.nm_bsp_init
                0x00002714       0x78 src/ASF/common/components/wifi/winc1500/bsp/source/nm_bsp_samd21.o
                0x00002714                nm_bsp_init
 .text.nm_bsp_register_isr
                0x0000278c       0x58 src/ASF/common/components/wifi/winc1500/bsp/source/nm_bsp_samd21.o
                0x0000278c                nm_bsp_register_isr
 .text.nm_bsp_interrupt_ctrl
                0x000027e4       0x20 src/ASF/common/components/wifi/winc1500/bsp/source/nm_bsp_samd21.o
                0x000027e4                nm_bsp_interrupt_ctrl
 .text.nm_bus_init
                0x00002804      0x100 src/ASF/common/components/wifi/winc1500/bus_wrapper/source/nm_bus_wrapper_samd21.o
                0x00002804                nm_bus_init
 .text.nm_bus_ioctl
                0x00002904      0x114 src/ASF/common/components/wifi/winc1500/bus_wrapper/source/nm_bus_wrapper_samd21.o
                0x00002904                nm_bus_ioctl
 .text.nm_bus_deinit
                0x00002a18       0x68 src/ASF/common/components/wifi/winc1500/bus_wrapper/source/nm_bus_wrapper_samd21.o
                0x00002a18                nm_bus_deinit
 .text.m2m_memcpy
                0x00002a80       0x12 src/ASF/common/components/wifi/winc1500/common/source/nm_common.o
                0x00002a80                m2m_memcpy
 .text.m2m_memset
                0x00002a92       0x10 src/ASF/common/components/wifi/winc1500/common/source/nm_common.o
                0x00002a92                m2m_memset
 .text.m2m_strlen
                0x00002aa2       0x10 src/ASF/common/components/wifi/winc1500/common/source/nm_common.o
                0x00002aa2                m2m_strlen
 *fill*         0x00002ab2        0x2 
 .text.isr      0x00002ab4       0x10 src/ASF/common/components/wifi/winc1500/driver/source/m2m_hif.o
 .text.m2m_hif_cb
                0x00002ac4        0x2 src/ASF/common/components/wifi/winc1500/driver/source/m2m_hif.o
 *fill*         0x00002ac6        0x2 
 .text.hif_set_rx_done
                0x00002ac8       0x40 src/ASF/common/components/wifi/winc1500/driver/source/m2m_hif.o
 .text.hif_chip_wake
                0x00002b08       0x38 src/ASF/common/components/wifi/winc1500/driver/source/m2m_hif.o
                0x00002b08                hif_chip_wake
 .text.hif_chip_sleep_sc
                0x00002b40       0x18 src/ASF/common/components/wifi/winc1500/driver/source/m2m_hif.o
                0x00002b40                hif_chip_sleep_sc
 .text.hif_chip_sleep
                0x00002b58       0x30 src/ASF/common/components/wifi/winc1500/driver/source/m2m_hif.o
                0x00002b58                hif_chip_sleep
 .text.hif_send
                0x00002b88      0x1fc src/ASF/common/components/wifi/winc1500/driver/source/m2m_hif.o
                0x00002b88                hif_send
 .text.hif_handle_isr
                0x00002d84      0x2ec src/ASF/common/components/wifi/winc1500/driver/source/m2m_hif.o
                0x00002d84                hif_handle_isr
 .text.hif_receive
                0x00003070       0xc8 src/ASF/common/components/wifi/winc1500/driver/source/m2m_hif.o
                0x00003070                hif_receive
 .text.hif_register_cb
                0x00003138       0x70 src/ASF/common/components/wifi/winc1500/driver/source/m2m_hif.o
                0x00003138                hif_register_cb
 .text.hif_init
                0x000031a8       0x38 src/ASF/common/components/wifi/winc1500/driver/source/m2m_hif.o
                0x000031a8                hif_init
 .text.m2m_wifi_cb
                0x000031e0      0x1ac src/ASF/common/components/wifi/winc1500/driver/source/m2m_wifi.o
 .text.m2m_wifi_init
                0x0000338c      0x12c src/ASF/common/components/wifi/winc1500/driver/source/m2m_wifi.o
                0x0000338c                m2m_wifi_init
 .text.m2m_wifi_handle_events
                0x000034b8        0xc src/ASF/common/components/wifi/winc1500/driver/source/m2m_wifi.o
                0x000034b8                m2m_wifi_handle_events
 .text.m2m_wifi_connect_sc
                0x000034c4      0x1f4 src/ASF/common/components/wifi/winc1500/driver/source/m2m_wifi.o
                0x000034c4                m2m_wifi_connect_sc
 .text.m2m_wifi_connect
                0x000036b8       0x18 src/ASF/common/components/wifi/winc1500/driver/source/m2m_wifi.o
                0x000036b8                m2m_wifi_connect
 .text.m2m_wifi_request_dhcp_client
                0x000036d0        0x4 src/ASF/common/components/wifi/winc1500/driver/source/m2m_wifi.o
                0x000036d0                m2m_wifi_request_dhcp_client
 .text.chip_apply_conf
                0x000036d4       0x34 src/ASF/common/components/wifi/winc1500/driver/source/nmasic.o
                0x000036d4                chip_apply_conf
 .text.enable_interrupts
                0x00003708       0x50 src/ASF/common/components/wifi/winc1500/driver/source/nmasic.o
                0x00003708                enable_interrupts
 .text.nmi_get_chipid
                0x00003758       0xa4 src/ASF/common/components/wifi/winc1500/driver/source/nmasic.o
                0x00003758                nmi_get_chipid
 .text.chip_sleep
                0x000037fc       0x60 src/ASF/common/components/wifi/winc1500/driver/source/nmasic.o
                0x000037fc                chip_sleep
 .text.chip_wake
                0x0000385c       0xdc src/ASF/common/components/wifi/winc1500/driver/source/nmasic.o
                0x0000385c                chip_wake
 .text.wait_for_bootrom
                0x00003938       0xe4 src/ASF/common/components/wifi/winc1500/driver/source/nmasic.o
                0x00003938                wait_for_bootrom
 .text.wait_for_firmware_start
                0x00003a1c       0x6c src/ASF/common/components/wifi/winc1500/driver/source/nmasic.o
                0x00003a1c                wait_for_firmware_start
 .text.chip_deinit
                0x00003a88       0x74 src/ASF/common/components/wifi/winc1500/driver/source/nmasic.o
                0x00003a88                chip_deinit
 .text.nm_bus_iface_init
                0x00003afc        0xc src/ASF/common/components/wifi/winc1500/driver/source/nmbus.o
                0x00003afc                nm_bus_iface_init
 .text.nm_bus_iface_deinit
                0x00003b08        0xc src/ASF/common/components/wifi/winc1500/driver/source/nmbus.o
                0x00003b08                nm_bus_iface_deinit
 .text.nm_bus_reset
                0x00003b14        0xc src/ASF/common/components/wifi/winc1500/driver/source/nmbus.o
                0x00003b14                nm_bus_reset
 .text.nm_read_reg
                0x00003b20        0xc src/ASF/common/components/wifi/winc1500/driver/source/nmbus.o
                0x00003b20                nm_read_reg
 .text.nm_read_reg_with_ret
                0x00003b2c        0xc src/ASF/common/components/wifi/winc1500/driver/source/nmbus.o
                0x00003b2c                nm_read_reg_with_ret
 .text.nm_write_reg
                0x00003b38        0xc src/ASF/common/components/wifi/winc1500/driver/source/nmbus.o
                0x00003b38                nm_write_reg
 .text.nm_read_block
                0x00003b44       0x40 src/ASF/common/components/wifi/winc1500/driver/source/nmbus.o
                0x00003b44                nm_read_block
 .text.nm_write_block
                0x00003b84       0x40 src/ASF/common/components/wifi/winc1500/driver/source/nmbus.o
                0x00003b84                nm_write_block
 .text.nm_get_firmware_full_info
                0x00003bc4       0xc4 src/ASF/common/components/wifi/winc1500/driver/source/nmdrv.o
                0x00003bc4                nm_get_firmware_full_info
 .text.nm_drv_init
                0x00003c88       0xcc src/ASF/common/components/wifi/winc1500/driver/source/nmdrv.o
                0x00003c88                nm_drv_init
 .text.nm_drv_deinit
                0x00003d54       0x8c src/ASF/common/components/wifi/winc1500/driver/source/nmdrv.o
                0x00003d54                nm_drv_deinit
 .text.nmi_spi_write
                0x00003de0       0x1c src/ASF/common/components/wifi/winc1500/driver/source/nmspi.o
 .text.nmi_spi_read
                0x00003dfc       0x1c src/ASF/common/components/wifi/winc1500/driver/source/nmspi.o
 .text.spi_cmd_rsp
                0x00003e18       0xb8 src/ASF/common/components/wifi/winc1500/driver/source/nmspi.o
 .text.spi_data_read
                0x00003ed0      0x11c src/ASF/common/components/wifi/winc1500/driver/source/nmspi.o
 .text.spi_cmd  0x00003fec      0x144 src/ASF/common/components/wifi/winc1500/driver/source/nmspi.o
 .text.spi_write_reg
                0x00004130       0xf0 src/ASF/common/components/wifi/winc1500/driver/source/nmspi.o
 .text.spi_read_reg
                0x00004220      0x128 src/ASF/common/components/wifi/winc1500/driver/source/nmspi.o
 .text.nm_spi_reset
                0x00004348       0x24 src/ASF/common/components/wifi/winc1500/driver/source/nmspi.o
                0x00004348                nm_spi_reset
 .text.nm_spi_deinit
                0x0000436c        0xc src/ASF/common/components/wifi/winc1500/driver/source/nmspi.o
                0x0000436c                nm_spi_deinit
 .text.nm_spi_read_reg
                0x00004378       0x10 src/ASF/common/components/wifi/winc1500/driver/source/nmspi.o
                0x00004378                nm_spi_read_reg
 .text.nm_spi_read_reg_with_ret
                0x00004388       0x18 src/ASF/common/components/wifi/winc1500/driver/source/nmspi.o
                0x00004388                nm_spi_read_reg_with_ret
 .text.nm_spi_write_reg
                0x000043a0       0x18 src/ASF/common/components/wifi/winc1500/driver/source/nmspi.o
                0x000043a0                nm_spi_write_reg
 .text.nm_spi_init
                0x000043b8      0x114 src/ASF/common/components/wifi/winc1500/driver/source/nmspi.o
                0x000043b8                nm_spi_init
 .text.nm_spi_read_block
                0x000044cc      0x12c src/ASF/common/components/wifi/winc1500/driver/source/nmspi.o
                0x000044cc                nm_spi_read_block
 .text.nm_spi_write_block
                0x000045f8      0x238 src/ASF/common/components/wifi/winc1500/driver/source/nmspi.o
                0x000045f8                nm_spi_write_block
 .text.Socket_ReadSocketData
                0x00004830       0xec src/ASF/common/components/wifi/winc1500/socket/source/socket.o
                0x00004830                Socket_ReadSocketData
 .text.m2m_ip_cb
                0x0000491c      0x2a0 src/ASF/common/components/wifi/winc1500/socket/source/socket.o
 .text.socketInit
                0x00004bbc       0x40 src/ASF/common/components/wifi/winc1500/socket/source/socket.o
                0x00004bbc                socketInit
 .text.registerSocketCallback
                0x00004bfc       0x14 src/ASF/common/components/wifi/winc1500/socket/source/socket.o
                0x00004bfc                registerSocketCallback
 .text.socket   0x00004c10      0x114 src/ASF/common/components/wifi/winc1500/socket/source/socket.o
                0x00004c10                socket
 .text.connect  0x00004d24       0x78 src/ASF/common/components/wifi/winc1500/socket/source/socket.o
                0x00004d24                connect
 .text.send     0x00004d9c       0x70 src/ASF/common/components/wifi/winc1500/socket/source/socket.o
                0x00004d9c                send
 .text.recv     0x00004e0c       0x78 src/ASF/common/components/wifi/winc1500/socket/source/socket.o
                0x00004e0c                recv
 .text.close    0x00004e84       0x8c src/ASF/common/components/wifi/winc1500/socket/source/socket.o
                0x00004e84                close
 .text.nmi_inet_addr
                0x00004f10       0x58 src/ASF/common/components/wifi/winc1500/socket/source/socket.o
                0x00004f10                nmi_inet_addr
 .text.gethostbyname
                0x00004f68       0x34 src/ASF/common/components/wifi/winc1500/socket/source/socket.o
                0x00004f68                gethostbyname
 .text.spi_flash_enable
                0x00004f9c       0xd8 src/ASF/common/components/wifi/winc1500/spi_flash/source/spi_flash.o
                0x00004f9c                spi_flash_enable
 .text.extint_register_callback
                0x00005074       0x28 src/ASF/sam0/drivers/extint/extint_callback.o
                0x00005074                extint_register_callback
 .text.extint_chan_enable_callback
                0x0000509c       0x20 src/ASF/sam0/drivers/extint/extint_callback.o
                0x0000509c                extint_chan_enable_callback
 .text.extint_chan_disable_callback
                0x000050bc       0x20 src/ASF/sam0/drivers/extint/extint_callback.o
                0x000050bc                extint_chan_disable_callback
 .text.EIC_Handler
                0x000050dc       0x40 src/ASF/sam0/drivers/extint/extint_callback.o
                0x000050dc                EIC_Handler
 .text.extint_is_syncing
                0x0000511c        0xc src/ASF/sam0/drivers/extint/extint_sam_d_r_h/extint.o
 .text._extint_enable
                0x00005128       0x20 src/ASF/sam0/drivers/extint/extint_sam_d_r_h/extint.o
 .text._system_extint_init
                0x00005148       0x68 src/ASF/sam0/drivers/extint/extint_sam_d_r_h/extint.o
                0x00005148                _system_extint_init
 .text.extint_chan_get_config_defaults
                0x000051b0       0x14 src/ASF/sam0/drivers/extint/extint_sam_d_r_h/extint.o
                0x000051b0                extint_chan_get_config_defaults
 .text.extint_chan_set_config
                0x000051c4       0x70 src/ASF/sam0/drivers/extint/extint_sam_d_r_h/extint.o
                0x000051c4                extint_chan_set_config
 .text.RTC_Handler
                0x00005234       0x40 src/ASF/sam0/drivers/rtc/rtc_sam_d_r_h/rtc_calendar_interrupt.o
                0x00005234                RTC_Handler
 .text._i2c_master_wait_for_sync
                0x00005274        0xc src/ASF/sam0/drivers/sercom/i2c/i2c_sam0/i2c_master.o
 .text.i2c_master_init
                0x00005280      0x2ac src/ASF/sam0/drivers/sercom/i2c/i2c_sam0/i2c_master.o
                0x00005280                i2c_master_init
 .text._i2c_master_address_response
                0x0000552c       0x2c src/ASF/sam0/drivers/sercom/i2c/i2c_sam0/i2c_master.o
                0x0000552c                _i2c_master_address_response
 .text._i2c_master_wait_for_bus
                0x00005558       0x28 src/ASF/sam0/drivers/sercom/i2c/i2c_sam0/i2c_master.o
                0x00005558                _i2c_master_wait_for_bus
 .text._i2c_master_send_hs_master_code
                0x00005580       0x20 src/ASF/sam0/drivers/sercom/i2c/i2c_sam0/i2c_master.o
                0x00005580                _i2c_master_send_hs_master_code
 .text._i2c_master_read_packet
                0x000055a0      0x154 src/ASF/sam0/drivers/sercom/i2c/i2c_sam0/i2c_master.o
 .text._i2c_master_write_packet
                0x000056f4       0xc8 src/ASF/sam0/drivers/sercom/i2c/i2c_sam0/i2c_master.o
 .text.i2c_master_read_packet_wait_no_stop
                0x000057bc       0x14 src/ASF/sam0/drivers/sercom/i2c/i2c_sam0/i2c_master.o
                0x000057bc                i2c_master_read_packet_wait_no_stop
 .text.i2c_master_write_packet_wait_no_stop
                0x000057d0       0x14 src/ASF/sam0/drivers/sercom/i2c/i2c_sam0/i2c_master.o
                0x000057d0                i2c_master_write_packet_wait_no_stop
 .text._tcc_get_inst_index
                0x000057e4       0x30 src/ASF/sam0/drivers/tcc/tcc.o
                0x000057e4                _tcc_get_inst_index
 .text.tcc_get_config_defaults
                0x00005814       0xf4 src/ASF/sam0/drivers/tcc/tcc.o
                0x00005814                tcc_get_config_defaults
 .text.tcc_init
                0x00005908      0x33c src/ASF/sam0/drivers/tcc/tcc.o
                0x00005908                tcc_init
 .text.tcc_register_callback
                0x00005c44       0x18 src/ASF/sam0/drivers/tcc/tcc_callback.o
                0x00005c44                tcc_register_callback
 .text.tcc_enable_callback
                0x00005c5c       0x40 src/ASF/sam0/drivers/tcc/tcc_callback.o
                0x00005c5c                tcc_enable_callback
 .text._tcc_interrupt_handler
                0x00005c9c       0x3c src/ASF/sam0/drivers/tcc/tcc_callback.o
                0x00005c9c                _tcc_interrupt_handler
 .text.TCC0_Handler
                0x00005cd8       0x10 src/ASF/sam0/drivers/tcc/tcc_callback.o
                0x00005cd8                TCC0_Handler
 .text.TCC1_Handler
                0x00005ce8       0x10 src/ASF/sam0/drivers/tcc/tcc_callback.o
                0x00005ce8                TCC1_Handler
 .text.TCC2_Handler
                0x00005cf8       0x10 src/ASF/sam0/drivers/tcc/tcc_callback.o
                0x00005cf8                TCC2_Handler
 .text.readRegister
                0x00005d08       0x68 src/GyroscopeDriver.o
                0x00005d08                readRegister
 .text.checkChipPrecense
                0x00005d70       0x20 src/GyroscopeDriver.o
                0x00005d70                checkChipPrecense
 .text.writeRegister
                0x00005d90       0x3c src/GyroscopeDriver.o
                0x00005d90                writeRegister
 .text.setDefaultSettings
                0x00005dcc       0x54 src/GyroscopeDriver.o
                0x00005dcc                setDefaultSettings
 .text.begin    0x00005e20      0x1c4 src/GyroscopeDriver.o
                0x00005e20                begin
 .text.lsm6ds3_init
                0x00005fe4       0x1c src/GyroscopeDriver.o
                0x00005fe4                lsm6ds3_init
 .text.nvm_is_ready
                0x00006000       0x10 src/ASF/sam0/drivers/nvm/nvm.o
 .text.nvm_set_config
                0x00006010       0x88 src/ASF/sam0/drivers/nvm/nvm.o
                0x00006010                nvm_set_config
 .text.nvm_execute_command
                0x00006098       0xa4 src/ASF/sam0/drivers/nvm/nvm.o
                0x00006098                nvm_execute_command
 .text.nvm_write_buffer
                0x0000613c       0x9c src/ASF/sam0/drivers/nvm/nvm.o
                0x0000613c                nvm_write_buffer
 .text.nvm_read_buffer
                0x000061d8       0x68 src/ASF/sam0/drivers/nvm/nvm.o
                0x000061d8                nvm_read_buffer
 .text.nvm_erase_row
                0x00006240       0x60 src/ASF/sam0/drivers/nvm/nvm.o
                0x00006240                nvm_erase_row
 .text.port_pin_set_config
                0x000062a0       0x20 src/ASF/sam0/drivers/port/port.o
                0x000062a0                port_pin_set_config
 .text.system_board_init
                0x000062c0        0x2 src/ASF/common2/boards/user_board/init.o
                0x000062c0                board_init
                0x000062c0                system_board_init
 *fill*         0x000062c2        0x2 
 .text.cpu_irq_enter_critical
                0x000062c4       0x34 src/ASF/common/utils/interrupt/interrupt_sam_nvic.o
                0x000062c4                cpu_irq_enter_critical
 .text.cpu_irq_leave_critical
                0x000062f8       0x30 src/ASF/common/utils/interrupt/interrupt_sam_nvic.o
                0x000062f8                cpu_irq_leave_critical
 .text.long_division
                0x00006328       0x6c src/ASF/sam0/drivers/sercom/sercom.o
 .text._sercom_get_sync_baud_val
                0x00006394       0x28 src/ASF/sam0/drivers/sercom/sercom.o
                0x00006394                _sercom_get_sync_baud_val
 .text._sercom_get_async_baud_val
                0x000063bc       0x98 src/ASF/sam0/drivers/sercom/sercom.o
                0x000063bc                _sercom_get_async_baud_val
 .text.sercom_set_gclk_generator
                0x00006454       0x44 src/ASF/sam0/drivers/sercom/sercom.o
                0x00006454                sercom_set_gclk_generator
 .text._sercom_get_default_pad
                0x00006498      0x15c src/ASF/sam0/drivers/sercom/sercom.o
                0x00006498                _sercom_get_default_pad
 .text._sercom_get_sercom_inst_index
                0x000065f4       0x30 src/ASF/sam0/drivers/sercom/sercom.o
                0x000065f4                _sercom_get_sercom_inst_index
 .text._sercom_default_handler
                0x00006624        0x2 src/ASF/sam0/drivers/sercom/sercom_interrupt.o
 *fill*         0x00006626        0x2 
 .text._sercom_set_handler
                0x00006628       0x38 src/ASF/sam0/drivers/sercom/sercom_interrupt.o
                0x00006628                _sercom_set_handler
 .text._sercom_get_interrupt_vector
                0x00006660       0x2c src/ASF/sam0/drivers/sercom/sercom_interrupt.o
                0x00006660                _sercom_get_interrupt_vector
 .text.SERCOM0_Handler
                0x0000668c       0x10 src/ASF/sam0/drivers/sercom/sercom_interrupt.o
                0x0000668c                SERCOM0_Handler
 .text.SERCOM1_Handler
                0x0000669c       0x10 src/ASF/sam0/drivers/sercom/sercom_interrupt.o
                0x0000669c                SERCOM1_Handler
 .text.SERCOM2_Handler
                0x000066ac       0x10 src/ASF/sam0/drivers/sercom/sercom_interrupt.o
                0x000066ac                SERCOM2_Handler
 .text.SERCOM3_Handler
                0x000066bc       0x10 src/ASF/sam0/drivers/sercom/sercom_interrupt.o
                0x000066bc                SERCOM3_Handler
 .text.SERCOM4_Handler
                0x000066cc       0x10 src/ASF/sam0/drivers/sercom/sercom_interrupt.o
                0x000066cc                SERCOM4_Handler
 .text.SERCOM5_Handler
                0x000066dc       0x10 src/ASF/sam0/drivers/sercom/sercom_interrupt.o
                0x000066dc                SERCOM5_Handler
 .text.port_pin_set_output_level
                0x000066ec       0x2c src/ASF/sam0/drivers/sercom/spi/spi.o
 .text.spi_write
                0x00006718       0x14 src/ASF/sam0/drivers/sercom/spi/spi.o
 .text.spi_read
                0x0000672c       0x30 src/ASF/sam0/drivers/sercom/spi/spi.o
 .text.spi_init
                0x0000675c      0x1c8 src/ASF/sam0/drivers/sercom/spi/spi.o
                0x0000675c                spi_init
 .text.spi_read_buffer_wait
                0x00006924       0x90 src/ASF/sam0/drivers/sercom/spi/spi.o
                0x00006924                spi_read_buffer_wait
 .text.spi_select_slave
                0x000069b4       0x7c src/ASF/sam0/drivers/sercom/spi/spi.o
                0x000069b4                spi_select_slave
 .text.spi_write_buffer_wait
                0x00006a30       0x8c src/ASF/sam0/drivers/sercom/spi/spi.o
                0x00006a30                spi_write_buffer_wait
 .text._spi_interrupt_handler
                0x00006abc      0x1ac src/ASF/sam0/drivers/sercom/spi/spi_interrupt.o
                0x00006abc                _spi_interrupt_handler
 .text._usart_wait_for_sync
                0x00006c68        0xa src/ASF/sam0/drivers/sercom/usart/usart.o
 *fill*         0x00006c72        0x2 
 .text.usart_init
                0x00006c74      0x2c4 src/ASF/sam0/drivers/sercom/usart/usart.o
                0x00006c74                usart_init
 .text.usart_write_wait
                0x00006f38       0x30 src/ASF/sam0/drivers/sercom/usart/usart.o
                0x00006f38                usart_write_wait
 .text.usart_read_wait
                0x00006f68       0x74 src/ASF/sam0/drivers/sercom/usart/usart.o
                0x00006f68                usart_read_wait
 .text._usart_interrupt_handler
                0x00006fdc      0x168 src/ASF/sam0/drivers/sercom/usart/usart_interrupt.o
                0x00006fdc                _usart_interrupt_handler
 .text._system_dfll_wait_for_sync
                0x00007144       0x10 src/ASF/sam0/drivers/system/clock/clock_samd21_r21_da_ha1/clock.o
 .text.system_clock_source_enable.part.0
                0x00007154       0x38 src/ASF/sam0/drivers/system/clock/clock_samd21_r21_da_ha1/clock.o
 .text.system_clock_source_get_hz
                0x0000718c       0x8c src/ASF/sam0/drivers/system/clock/clock_samd21_r21_da_ha1/clock.o
                0x0000718c                system_clock_source_get_hz
 .text.system_clock_source_osc8m_set_config
                0x00007218       0x3c src/ASF/sam0/drivers/system/clock/clock_samd21_r21_da_ha1/clock.o
                0x00007218                system_clock_source_osc8m_set_config
 .text.system_clock_source_xosc32k_set_config
                0x00007254       0x9c src/ASF/sam0/drivers/system/clock/clock_samd21_r21_da_ha1/clock.o
                0x00007254                system_clock_source_xosc32k_set_config
 .text.system_clock_source_dfll_set_config
                0x000072f0       0x7c src/ASF/sam0/drivers/system/clock/clock_samd21_r21_da_ha1/clock.o
                0x000072f0                system_clock_source_dfll_set_config
 .text.system_clock_source_enable
                0x0000736c       0x68 src/ASF/sam0/drivers/system/clock/clock_samd21_r21_da_ha1/clock.o
                0x0000736c                system_clock_source_enable
 .text.system_clock_init
                0x000073d4      0x158 src/ASF/sam0/drivers/system/clock/clock_samd21_r21_da_ha1/clock.o
                0x000073d4                system_clock_init
 .text.system_gclk_is_syncing
                0x0000752c        0xc src/ASF/sam0/drivers/system/clock/clock_samd21_r21_da_ha1/gclk.o
 .text.system_gclk_init
                0x00007538       0x20 src/ASF/sam0/drivers/system/clock/clock_samd21_r21_da_ha1/gclk.o
                0x00007538                system_gclk_init
 .text.system_gclk_gen_set_config
                0x00007558       0xa4 src/ASF/sam0/drivers/system/clock/clock_samd21_r21_da_ha1/gclk.o
                0x00007558                system_gclk_gen_set_config
 .text.system_gclk_gen_enable
                0x000075fc       0x40 src/ASF/sam0/drivers/system/clock/clock_samd21_r21_da_ha1/gclk.o
                0x000075fc                system_gclk_gen_enable
 .text.system_gclk_gen_get_hz
                0x0000763c       0x88 src/ASF/sam0/drivers/system/clock/clock_samd21_r21_da_ha1/gclk.o
                0x0000763c                system_gclk_gen_get_hz
 .text.system_gclk_chan_enable
                0x000076c4       0x30 src/ASF/sam0/drivers/system/clock/clock_samd21_r21_da_ha1/gclk.o
                0x000076c4                system_gclk_chan_enable
 .text.system_gclk_chan_disable
                0x000076f4       0x58 src/ASF/sam0/drivers/system/clock/clock_samd21_r21_da_ha1/gclk.o
                0x000076f4                system_gclk_chan_disable
 .text.system_gclk_chan_set_config
                0x0000774c       0x1c src/ASF/sam0/drivers/system/clock/clock_samd21_r21_da_ha1/gclk.o
                0x0000774c                system_gclk_chan_set_config
 .text.system_gclk_chan_get_hz
                0x00007768       0x34 src/ASF/sam0/drivers/system/clock/clock_samd21_r21_da_ha1/gclk.o
                0x00007768                system_gclk_chan_get_hz
 .text._system_pinmux_config
                0x0000779c       0x84 src/ASF/sam0/drivers/system/pinmux/pinmux.o
 .text.system_pinmux_pin_set_config
                0x00007820       0x2c src/ASF/sam0/drivers/system/pinmux/pinmux.o
                0x00007820                system_pinmux_pin_set_config
 .text._system_dummy_init
                0x0000784c        0x2 src/ASF/sam0/drivers/system/system.o
                0x0000784c                _system_events_init
                0x0000784c                _system_dummy_init
                0x0000784c                _system_divas_init
 *fill*         0x0000784e        0x2 
 .text.system_init
                0x00007850       0x2c src/ASF/sam0/drivers/system/system.o
                0x00007850                system_init
 .text.Dummy_Handler
                0x0000787c        0x2 src/ASF/sam0/utils/cmsis/samd21/source/gcc/startup_samd21.o
                0x0000787c                DMAC_Handler
                0x0000787c                HardFault_Handler
                0x0000787c                AC_Handler
                0x0000787c                SysTick_Handler
                0x0000787c                PendSV_Handler
                0x0000787c                NMI_Handler
                0x0000787c                ADC_Handler
                0x0000787c                WDT_Handler
                0x0000787c                TC4_Handler
                0x0000787c                USB_Handler
                0x0000787c                TC3_Handler
                0x0000787c                Dummy_Handler
                0x0000787c                PM_Handler
                0x0000787c                SVC_Handler
                0x0000787c                EVSYS_Handler
                0x0000787c                I2S_Handler
                0x0000787c                NVMCTRL_Handler
                0x0000787c                DAC_Handler
                0x0000787c                PTC_Handler
                0x0000787c                TC5_Handler
                0x0000787c                SYSCTRL_Handler
 *fill*         0x0000787e        0x2 
 .text.Reset_Handler
                0x00007880       0xbc src/ASF/sam0/utils/cmsis/samd21/source/gcc/startup_samd21.o
                0x00007880                Reset_Handler
 .text._read    0x0000793c       0x38 src/ASF/sam0/utils/stdio/read.o
                0x0000793c                _read
 .text._write   0x00007974       0x34 src/ASF/sam0/utils/stdio/write.o
                0x00007974                _write
 .text._sbrk    0x000079a8       0x20 src/ASF/sam0/utils/syscalls/gcc/syscalls.o
                0x000079a8                _sbrk
 .text._close   0x000079c8        0x6 src/ASF/sam0/utils/syscalls/gcc/syscalls.o
                0x000079c8                _close
 .text._fstat   0x000079ce        0xa src/ASF/sam0/utils/syscalls/gcc/syscalls.o
                0x000079ce                _fstat
 .text._isatty  0x000079d8        0x4 src/ASF/sam0/utils/syscalls/gcc/syscalls.o
                0x000079d8                _isatty
 .text._lseek   0x000079dc        0x4 src/ASF/sam0/utils/syscalls/gcc/syscalls.o
                0x000079dc                _lseek
 .text._hwerr_to_stderr
                0x000079e0       0x4a src/iot/http/http_client.o
 *fill*         0x00007a2a        0x2 
 .text._http_client_send_wait
                0x00007a2c       0x50 src/iot/http/http_client.o
                0x00007a2c                _http_client_send_wait
 .text.http_client_get_config_defaults
                0x00007a7c       0x28 src/iot/http/http_client.o
                0x00007a7c                http_client_get_config_defaults
 .text.http_client_init
                0x00007aa4       0x98 src/iot/http/http_client.o
                0x00007aa4                http_client_init
 .text.http_client_register_callback
                0x00007b3c       0x10 src/iot/http/http_client.o
                0x00007b3c                http_client_register_callback
 .text._http_client_clear_conn
                0x00007b4c       0x88 src/iot/http/http_client.o
                0x00007b4c                _http_client_clear_conn
 .text.http_client_socket_resolve_handler
                0x00007bd4       0x74 src/iot/http/http_client.o
                0x00007bd4                http_client_socket_resolve_handler
 .text.http_client_timer_callback
                0x00007c48       0x18 src/iot/http/http_client.o
                0x00007c48                http_client_timer_callback
 .text._http_client_request
                0x00007c60      0x3b8 src/iot/http/http_client.o
                0x00007c60                _http_client_request
 .text.http_client_send_request
                0x00008018      0x230 src/iot/http/http_client.o
                0x00008018                http_client_send_request
 .text._http_client_recv_packet
                0x00008248       0x34 src/iot/http/http_client.o
                0x00008248                _http_client_recv_packet
 .text._http_client_move_buffer
                0x0000827c       0x24 src/iot/http/http_client.o
                0x0000827c                _http_client_move_buffer
 .text._http_client_handle_header
                0x000082a0      0x184 src/iot/http/http_client.o
                0x000082a0                _http_client_handle_header
 .text._http_client_handle_entity
                0x00008424      0x1d0 src/iot/http/http_client.o
                0x00008424                _http_client_handle_entity
 .text._http_client_handle_response
                0x000085f4       0x28 src/iot/http/http_client.o
                0x000085f4                _http_client_handle_response
 .text._http_client_recved_packet
                0x0000861c       0x30 src/iot/http/http_client.o
                0x0000861c                _http_client_recved_packet
 .text.http_client_socket_event_handler
                0x0000864c       0xc4 src/iot/http/http_client.o
                0x0000864c                http_client_socket_event_handler
 .text.stream_writer_init
                0x00008710       0x10 src/iot/stream_writer.o
                0x00008710                stream_writer_init
 .text.stream_writer_send_remain
                0x00008720       0x18 src/iot/stream_writer.o
                0x00008720                stream_writer_send_remain
 .text.stream_writer_send_8
                0x00008738       0x24 src/iot/stream_writer.o
                0x00008738                stream_writer_send_8
 .text.stream_writer_send_buffer
                0x0000875c       0x20 src/iot/stream_writer.o
                0x0000875c                stream_writer_send_buffer
 .text.sw_timer_tcc_callback
                0x0000877c       0x10 src/iot/sw_timer.o
 .text.sw_timer_get_config_defaults
                0x0000878c        0xc src/iot/sw_timer.o
                0x0000878c                sw_timer_get_config_defaults
 .text.sw_timer_init
                0x00008798       0xa0 src/iot/sw_timer.o
                0x00008798                sw_timer_init
 .text.sw_timer_enable
                0x00008838       0x12 src/iot/sw_timer.o
                0x00008838                sw_timer_enable
 *fill*         0x0000884a        0x2 
 .text.sw_timer_register_callback
                0x0000884c       0x38 src/iot/sw_timer.o
                0x0000884c                sw_timer_register_callback
 .text.sw_timer_enable_callback
                0x00008884       0x2c src/iot/sw_timer.o
                0x00008884                sw_timer_enable_callback
 .text.sw_timer_disable_callback
                0x000088b0        0xe src/iot/sw_timer.o
                0x000088b0                sw_timer_disable_callback
 *fill*         0x000088be        0x2 
 .text.sw_timer_task
                0x000088c0       0x50 src/iot/sw_timer.o
                0x000088c0                sw_timer_task
 .text.clear_state
                0x00008910       0x10 src/main.o
 .text.add_state
                0x00008920       0x10 src/main.o
 .text.resolve_cb
                0x00008930       0x38 src/main.o
 .text.socket_cb
                0x00008968        0xc src/main.o
 .text.usart_serial_getchar
                0x00008974       0x24 src/main.o
 .text.usart_serial_putchar
                0x00008998       0x18 src/main.o
 .text.sendHttpReq_metadata
                0x000089b0       0x58 src/main.o
 .text.sendHttpReq_firmware
                0x00008a08       0x64 src/main.o
 .text.wifi_cb  0x00008a6c       0xa0 src/main.o
 .text.http_client_metadata_req_callback
                0x00008b0c      0x174 src/main.o
 .text.i2c_init
                0x00008c80       0x98 src/main.o
                0x00008c80                i2c_init
 .text.lp3944_init
                0x00008d18       0x24 src/main.o
                0x00008d18                lp3944_init
 .text.dd_flash_read_data
                0x00008d3c       0x3c src/main.o
                0x00008d3c                dd_flash_read_data
 .text.dd_flash_write_data
                0x00008d78       0x84 src/main.o
                0x00008d78                dd_flash_write_data
 .text.store_firmware_file
                0x00008dfc       0x94 src/main.o
 .text.nvm_init
                0x00008e90       0x2c src/main.o
                0x00008e90                nvm_init
 .text.dd_nvm_row_read
                0x00008ebc       0x1c src/main.o
                0x00008ebc                dd_nvm_row_read
 .text.dd_nvm_row_write
                0x00008ed8       0x30 src/main.o
                0x00008ed8                dd_nvm_row_write
 .text.get_boot_status
                0x00008f08       0x18 src/main.o
                0x00008f08                get_boot_status
 .text.set_boot_status
                0x00008f20       0x18 src/main.o
                0x00008f20                set_boot_status
 .text.http_client_firmware_download_req_callback
                0x00008f38      0x184 src/main.o
 .text.getServerFirmwareVersion
                0x000090bc       0x68 src/main.o
                0x000090bc                getServerFirmwareVersion
 .text.downloadFirmwareUpdate
                0x00009124       0x58 src/main.o
                0x00009124                downloadFirmwareUpdate
 .text.handleUpdateRequest
                0x0000917c      0x120 src/main.o
                0x0000917c                handleUpdateRequest
 .text.initDroneDAD
                0x0000929c      0x23c src/main.o
                0x0000929c                initDroneDAD
 .text.startup.main
                0x000094d8       0x4c src/main.o
                0x000094d8                main
 .text          0x00009524       0x14 c:/program files (x86)/atmel/studio/7.0/toolchain/arm/arm-gnu-toolchain/bin/../lib/gcc/arm-none-eabi/6.3.1/thumb/v6-m\libgcc.a(_thumb1_case_uqi.o)
                0x00009524                __gnu_thumb1_case_uqi
 .text          0x00009538      0x114 c:/program files (x86)/atmel/studio/7.0/toolchain/arm/arm-gnu-toolchain/bin/../lib/gcc/arm-none-eabi/6.3.1/thumb/v6-m\libgcc.a(_udivsi3.o)
                0x00009538                __aeabi_uidiv
                0x00009538                __udivsi3
                0x00009644                __aeabi_uidivmod
 .text          0x0000964c      0x1d4 c:/program files (x86)/atmel/studio/7.0/toolchain/arm/arm-gnu-toolchain/bin/../lib/gcc/arm-none-eabi/6.3.1/thumb/v6-m\libgcc.a(_divsi3.o)
                0x0000964c                __divsi3
                0x0000964c                __aeabi_idiv
                0x00009818                __aeabi_idivmod
 .text          0x00009820        0x4 c:/program files (x86)/atmel/studio/7.0/toolchain/arm/arm-gnu-toolchain/bin/../lib/gcc/arm-none-eabi/6.3.1/thumb/v6-m\libgcc.a(_dvmd_tls.o)
                0x00009820                __aeabi_idiv0
                0x00009820                __aeabi_ldiv0
 .text          0x00009824       0x18 c:/program files (x86)/atmel/studio/7.0/toolchain/arm/arm-gnu-toolchain/bin/../lib/gcc/arm-none-eabi/6.3.1/thumb/v6-m\libgcc.a(_ashldi3.o)
                0x00009824                __aeabi_llsl
                0x00009824                __ashldi3
 .text          0x0000983c       0x54 c:/program files (x86)/atmel/studio/7.0/toolchain/arm/arm-gnu-toolchain/bin/../lib/gcc/arm-none-eabi/6.3.1/thumb/v6-m\libgcc.a(_muldi3.o)
                0x0000983c                __muldi3
                0x0000983c                __aeabi_lmul
 .text          0x00009890      0x620 c:/program files (x86)/atmel/studio/7.0/toolchain/arm/arm-gnu-toolchain/bin/../lib/gcc/arm-none-eabi/6.3.1/thumb/v6-m\libgcc.a(adddf3.o)
                0x00009890                __aeabi_dadd
 .text          0x00009eb0      0x668 c:/program files (x86)/atmel/studio/7.0/toolchain/arm/arm-gnu-toolchain/bin/../lib/gcc/arm-none-eabi/6.3.1/thumb/v6-m\libgcc.a(divdf3.o)
                0x00009eb0                __aeabi_ddiv
 .text          0x0000a518      0x500 c:/program files (x86)/atmel/studio/7.0/toolchain/arm/arm-gnu-toolchain/bin/../lib/gcc/arm-none-eabi/6.3.1/thumb/v6-m\libgcc.a(muldf3.o)
                0x0000a518                __aeabi_dmul
 .text          0x0000aa18      0x62c c:/program files (x86)/atmel/studio/7.0/toolchain/arm/arm-gnu-toolchain/bin/../lib/gcc/arm-none-eabi/6.3.1/thumb/v6-m\libgcc.a(subdf3.o)
                0x0000aa18                __aeabi_dsub
 .text          0x0000b044       0x68 c:/program files (x86)/atmel/studio/7.0/toolchain/arm/arm-gnu-toolchain/bin/../lib/gcc/arm-none-eabi/6.3.1/thumb/v6-m\libgcc.a(fixdfsi.o)
                0x0000b044                __aeabi_d2iz
 .text          0x0000b0ac       0x70 c:/program files (x86)/atmel/studio/7.0/toolchain/arm/arm-gnu-toolchain/bin/../lib/gcc/arm-none-eabi/6.3.1/thumb/v6-m\libgcc.a(floatunsidf.o)
                0x0000b0ac                __aeabi_ui2d
 .text          0x0000b11c       0x3c c:/program files (x86)/atmel/studio/7.0/toolchain/arm/arm-gnu-toolchain/bin/../lib/gcc/arm-none-eabi/6.3.1/thumb/v6-m\libgcc.a(_clzsi2.o)
                0x0000b11c                __clzsi2
 .text.atoi     0x0000b158        0xc c:/program files (x86)/atmel/studio/7.0/toolchain/arm/arm-gnu-toolchain/bin/../lib/gcc/arm-none-eabi/6.3.1/../../../../arm-none-eabi/lib/thumb/v6-m\libc_nano.a(lib_a-atoi.o)
                0x0000b158                atoi
 .text.__libc_init_array
                0x0000b164       0x48 c:/program files (x86)/atmel/studio/7.0/toolchain/arm/arm-gnu-toolchain/bin/../lib/gcc/arm-none-eabi/6.3.1/../../../../arm-none-eabi/lib/thumb/v6-m\libc_nano.a(lib_a-init.o)
                0x0000b164                __libc_init_array
 .text.malloc   0x0000b1ac       0x14 c:/program files (x86)/atmel/studio/7.0/toolchain/arm/arm-gnu-toolchain/bin/../lib/gcc/arm-none-eabi/6.3.1/../../../../arm-none-eabi/lib/thumb/v6-m\libc_nano.a(lib_a-malloc.o)
                0x0000b1ac                malloc
 .text.free     0x0000b1c0       0x14 c:/program files (x86)/atmel/studio/7.0/toolchain/arm/arm-gnu-toolchain/bin/../lib/gcc/arm-none-eabi/6.3.1/../../../../arm-none-eabi/lib/thumb/v6-m\libc_nano.a(lib_a-malloc.o)
                0x0000b1c0                free
 .text.memcpy   0x0000b1d4       0x12 c:/program files (x86)/atmel/studio/7.0/toolchain/arm/arm-gnu-toolchain/bin/../lib/gcc/arm-none-eabi/6.3.1/../../../../arm-none-eabi/lib/thumb/v6-m\libc_nano.a(lib_a-memcpy-stub.o)
                0x0000b1d4                memcpy
 .text.memmove  0x0000b1e6       0x24 c:/program files (x86)/atmel/studio/7.0/toolchain/arm/arm-gnu-toolchain/bin/../lib/gcc/arm-none-eabi/6.3.1/../../../../arm-none-eabi/lib/thumb/v6-m\libc_nano.a(lib_a-memmove.o)
                0x0000b1e6                memmove
 .text.memset   0x0000b20a       0x10 c:/program files (x86)/atmel/studio/7.0/toolchain/arm/arm-gnu-toolchain/bin/../lib/gcc/arm-none-eabi/6.3.1/../../../../arm-none-eabi/lib/thumb/v6-m\libc_nano.a(lib_a-memset.o)
                0x0000b20a                memset
 *fill*         0x0000b21a        0x2 
 .text._free_r  0x0000b21c       0x94 c:/program files (x86)/atmel/studio/7.0/toolchain/arm/arm-gnu-toolchain/bin/../lib/gcc/arm-none-eabi/6.3.1/../../../../arm-none-eabi/lib/thumb/v6-m\libc_nano.a(lib_a-nano-freer.o)
                0x0000b21c                _free_r
 .text._malloc_r
                0x0000b2b0       0xbc c:/program files (x86)/atmel/studio/7.0/toolchain/arm/arm-gnu-toolchain/bin/../lib/gcc/arm-none-eabi/6.3.1/../../../../arm-none-eabi/lib/thumb/v6-m\libc_nano.a(lib_a-nano-mallocr.o)
                0x0000b2b0                _malloc_r
 .text.printf   0x0000b36c       0x34 c:/program files (x86)/atmel/studio/7.0/toolchain/arm/arm-gnu-toolchain/bin/../lib/gcc/arm-none-eabi/6.3.1/../../../../arm-none-eabi/lib/thumb/v6-m\libc_nano.a(lib_a-printf.o)
                0x0000b36c                iprintf
                0x0000b36c                printf
 .text.putchar  0x0000b3a0       0x28 c:/program files (x86)/atmel/studio/7.0/toolchain/arm/arm-gnu-toolchain/bin/../lib/gcc/arm-none-eabi/6.3.1/../../../../arm-none-eabi/lib/thumb/v6-m\libc_nano.a(lib_a-putchar.o)
                0x0000b3a0                putchar
 .text._puts_r  0x0000b3c8       0xc0 c:/program files (x86)/atmel/studio/7.0/toolchain/arm/arm-gnu-toolchain/bin/../lib/gcc/arm-none-eabi/6.3.1/../../../../arm-none-eabi/lib/thumb/v6-m\libc_nano.a(lib_a-puts.o)
                0x0000b3c8                _puts_r
 .text.puts     0x0000b488       0x14 c:/program files (x86)/atmel/studio/7.0/toolchain/arm/arm-gnu-toolchain/bin/../lib/gcc/arm-none-eabi/6.3.1/../../../../arm-none-eabi/lib/thumb/v6-m\libc_nano.a(lib_a-puts.o)
                0x0000b488                puts
 .text._sbrk_r  0x0000b49c       0x24 c:/program files (x86)/atmel/studio/7.0/toolchain/arm/arm-gnu-toolchain/bin/../lib/gcc/arm-none-eabi/6.3.1/../../../../arm-none-eabi/lib/thumb/v6-m\libc_nano.a(lib_a-sbrkr.o)
                0x0000b49c                _sbrk_r
 .text.setbuf   0x0000b4c0       0x12 c:/program files (x86)/atmel/studio/7.0/toolchain/arm/arm-gnu-toolchain/bin/../lib/gcc/arm-none-eabi/6.3.1/../../../../arm-none-eabi/lib/thumb/v6-m\libc_nano.a(lib_a-setbuf.o)
                0x0000b4c0                setbuf
 *fill*         0x0000b4d2        0x2 
 .text.setvbuf  0x0000b4d4      0x158 c:/program files (x86)/atmel/studio/7.0/toolchain/arm/arm-gnu-toolchain/bin/../lib/gcc/arm-none-eabi/6.3.1/../../../../arm-none-eabi/lib/thumb/v6-m\libc_nano.a(lib_a-setvbuf.o)
                0x0000b4d4                setvbuf
 .text.sprintf  0x0000b62c       0x44 c:/program files (x86)/atmel/studio/7.0/toolchain/arm/arm-gnu-toolchain/bin/../lib/gcc/arm-none-eabi/6.3.1/../../../../arm-none-eabi/lib/thumb/v6-m\libc_nano.a(lib_a-sprintf.o)
                0x0000b62c                siprintf
                0x0000b62c                sprintf
 .text          0x0000b670       0x14 c:/program files (x86)/atmel/studio/7.0/toolchain/arm/arm-gnu-toolchain/bin/../lib/gcc/arm-none-eabi/6.3.1/../../../../arm-none-eabi/lib/thumb/v6-m\libc_nano.a(lib_a-strcmp.o)
                0x0000b670                strcmp
 .text.strcpy   0x0000b684       0x10 c:/program files (x86)/atmel/studio/7.0/toolchain/arm/arm-gnu-toolchain/bin/../lib/gcc/arm-none-eabi/6.3.1/../../../../arm-none-eabi/lib/thumb/v6-m\libc_nano.a(lib_a-strcpy.o)
                0x0000b684                strcpy
 .text.strdup   0x0000b694       0x14 c:/program files (x86)/atmel/studio/7.0/toolchain/arm/arm-gnu-toolchain/bin/../lib/gcc/arm-none-eabi/6.3.1/../../../../arm-none-eabi/lib/thumb/v6-m\libc_nano.a(lib_a-strdup.o)
                0x0000b694                strdup
 .text._strdup_r
                0x0000b6a8       0x26 c:/program files (x86)/atmel/studio/7.0/toolchain/arm/arm-gnu-toolchain/bin/../lib/gcc/arm-none-eabi/6.3.1/../../../../arm-none-eabi/lib/thumb/v6-m\libc_nano.a(lib_a-strdup_r.o)
                0x0000b6a8                _strdup_r
 .text          0x0000b6ce        0xe c:/program files (x86)/atmel/studio/7.0/toolchain/arm/arm-gnu-toolchain/bin/../lib/gcc/arm-none-eabi/6.3.1/../../../../arm-none-eabi/lib/thumb/v6-m\libc_nano.a(lib_a-strlen.o)
                0x0000b6ce                strlen
 .text.strncmp  0x0000b6dc       0x22 c:/program files (x86)/atmel/studio/7.0/toolchain/arm/arm-gnu-toolchain/bin/../lib/gcc/arm-none-eabi/6.3.1/../../../../arm-none-eabi/lib/thumb/v6-m\libc_nano.a(lib_a-strncmp.o)
                0x0000b6dc                strncmp
 .text.strstr   0x0000b6fe       0x30 c:/program files (x86)/atmel/studio/7.0/toolchain/arm/arm-gnu-toolchain/bin/../lib/gcc/arm-none-eabi/6.3.1/../../../../arm-none-eabi/lib/thumb/v6-m\libc_nano.a(lib_a-strstr.o)
                0x0000b6fe                strstr
 *fill*         0x0000b72e        0x2 
 .text._strtol_l.isra.0
                0x0000b730      0x10c c:/program files (x86)/atmel/studio/7.0/toolchain/arm/arm-gnu-toolchain/bin/../lib/gcc/arm-none-eabi/6.3.1/../../../../arm-none-eabi/lib/thumb/v6-m\libc_nano.a(lib_a-strtol.o)
 .text.strtol   0x0000b83c       0x28 c:/program files (x86)/atmel/studio/7.0/toolchain/arm/arm-gnu-toolchain/bin/../lib/gcc/arm-none-eabi/6.3.1/../../../../arm-none-eabi/lib/thumb/v6-m\libc_nano.a(lib_a-strtol.o)
                0x0000b83c                strtol
 .text.__swbuf_r
                0x0000b864       0xac c:/program files (x86)/atmel/studio/7.0/toolchain/arm/arm-gnu-toolchain/bin/../lib/gcc/arm-none-eabi/6.3.1/../../../../arm-none-eabi/lib/thumb/v6-m\libc_nano.a(lib_a-wbuf.o)
                0x0000b864                __swbuf_r
 .text.__swsetup_r
                0x0000b910       0xec c:/program files (x86)/atmel/studio/7.0/toolchain/arm/arm-gnu-toolchain/bin/../lib/gcc/arm-none-eabi/6.3.1/../../../../arm-none-eabi/lib/thumb/v6-m\libc_nano.a(lib_a-wsetup.o)
                0x0000b910                __swsetup_r
 .text.__sflush_r
                0x0000b9fc      0x114 c:/program files (x86)/atmel/studio/7.0/toolchain/arm/arm-gnu-toolchain/bin/../lib/gcc/arm-none-eabi/6.3.1/../../../../arm-none-eabi/lib/thumb/v6-m\libc_nano.a(lib_a-fflush.o)
                0x0000b9fc                __sflush_r
 .text._fflush_r
                0x0000bb10       0x58 c:/program files (x86)/atmel/studio/7.0/toolchain/arm/arm-gnu-toolchain/bin/../lib/gcc/arm-none-eabi/6.3.1/../../../../arm-none-eabi/lib/thumb/v6-m\libc_nano.a(lib_a-fflush.o)
                0x0000bb10                _fflush_r
 .text._cleanup_r
                0x0000bb68       0x10 c:/program files (x86)/atmel/studio/7.0/toolchain/arm/arm-gnu-toolchain/bin/../lib/gcc/arm-none-eabi/6.3.1/../../../../arm-none-eabi/lib/thumb/v6-m\libc_nano.a(lib_a-findfp.o)
                0x0000bb68                _cleanup_r
 .text.std.isra.0
                0x0000bb78       0x48 c:/program files (x86)/atmel/studio/7.0/toolchain/arm/arm-gnu-toolchain/bin/../lib/gcc/arm-none-eabi/6.3.1/../../../../arm-none-eabi/lib/thumb/v6-m\libc_nano.a(lib_a-findfp.o)
 .text.__sfmoreglue
                0x0000bbc0       0x2c c:/program files (x86)/atmel/studio/7.0/toolchain/arm/arm-gnu-toolchain/bin/../lib/gcc/arm-none-eabi/6.3.1/../../../../arm-none-eabi/lib/thumb/v6-m\libc_nano.a(lib_a-findfp.o)
                0x0000bbc0                __sfmoreglue
 .text.__sinit  0x0000bbec       0x68 c:/program files (x86)/atmel/studio/7.0/toolchain/arm/arm-gnu-toolchain/bin/../lib/gcc/arm-none-eabi/6.3.1/../../../../arm-none-eabi/lib/thumb/v6-m\libc_nano.a(lib_a-findfp.o)
                0x0000bbec                __sinit
 .text.__sfp    0x0000bc54       0x80 c:/program files (x86)/atmel/studio/7.0/toolchain/arm/arm-gnu-toolchain/bin/../lib/gcc/arm-none-eabi/6.3.1/../../../../arm-none-eabi/lib/thumb/v6-m\libc_nano.a(lib_a-findfp.o)
                0x0000bc54                __sfp
 .text._fwalk_reent
                0x0000bcd4       0x42 c:/program files (x86)/atmel/studio/7.0/toolchain/arm/arm-gnu-toolchain/bin/../lib/gcc/arm-none-eabi/6.3.1/../../../../arm-none-eabi/lib/thumb/v6-m\libc_nano.a(lib_a-fwalk.o)
                0x0000bcd4                _fwalk_reent
 .text.__locale_ctype_ptr_l
                0x0000bd16        0x6 c:/program files (x86)/atmel/studio/7.0/toolchain/arm/arm-gnu-toolchain/bin/../lib/gcc/arm-none-eabi/6.3.1/../../../../arm-none-eabi/lib/thumb/v6-m\libc_nano.a(lib_a-locale.o)
                0x0000bd16                __locale_ctype_ptr_l
 .text.__swhatbuf_r
                0x0000bd1c       0x50 c:/program files (x86)/atmel/studio/7.0/toolchain/arm/arm-gnu-toolchain/bin/../lib/gcc/arm-none-eabi/6.3.1/../../../../arm-none-eabi/lib/thumb/v6-m\libc_nano.a(lib_a-makebuf.o)
                0x0000bd1c                __swhatbuf_r
 .text.__smakebuf_r
                0x0000bd6c       0x88 c:/program files (x86)/atmel/studio/7.0/toolchain/arm/arm-gnu-toolchain/bin/../lib/gcc/arm-none-eabi/6.3.1/../../../../arm-none-eabi/lib/thumb/v6-m\libc_nano.a(lib_a-makebuf.o)
                0x0000bd6c                __smakebuf_r
 .text.__ascii_mbtowc
                0x0000bdf4       0x24 c:/program files (x86)/atmel/studio/7.0/toolchain/arm/arm-gnu-toolchain/bin/../lib/gcc/arm-none-eabi/6.3.1/../../../../arm-none-eabi/lib/thumb/v6-m\libc_nano.a(lib_a-mbtowc_r.o)
                0x0000bdf4                __ascii_mbtowc
 .text.__malloc_lock
                0x0000be18        0x2 c:/program files (x86)/atmel/studio/7.0/toolchain/arm/arm-gnu-toolchain/bin/../lib/gcc/arm-none-eabi/6.3.1/../../../../arm-none-eabi/lib/thumb/v6-m\libc_nano.a(lib_a-mlock.o)
                0x0000be18                __malloc_lock
 .text.__malloc_unlock
                0x0000be1a        0x2 c:/program files (x86)/atmel/studio/7.0/toolchain/arm/arm-gnu-toolchain/bin/../lib/gcc/arm-none-eabi/6.3.1/../../../../arm-none-eabi/lib/thumb/v6-m\libc_nano.a(lib_a-mlock.o)
                0x0000be1a                __malloc_unlock
 .text.__ssputs_r
                0x0000be1c       0xc4 c:/program files (x86)/atmel/studio/7.0/toolchain/arm/arm-gnu-toolchain/bin/../lib/gcc/arm-none-eabi/6.3.1/../../../../arm-none-eabi/lib/thumb/v6-m\libc_nano.a(lib_a-nano-svfprintf.o)
                0x0000be1c                __ssputs_r
 .text._svfprintf_r
                0x0000bee0      0x208 c:/program files (x86)/atmel/studio/7.0/toolchain/arm/arm-gnu-toolchain/bin/../lib/gcc/arm-none-eabi/6.3.1/../../../../arm-none-eabi/lib/thumb/v6-m\libc_nano.a(lib_a-nano-svfprintf.o)
                0x0000bee0                _svfiprintf_r
                0x0000bee0                _svfprintf_r
 .text.__sfputc_r
                0x0000c0e8       0x2a c:/program files (x86)/atmel/studio/7.0/toolchain/arm/arm-gnu-toolchain/bin/../lib/gcc/arm-none-eabi/6.3.1/../../../../arm-none-eabi/lib/thumb/v6-m\libc_nano.a(lib_a-nano-vfprintf.o)
 .text.__sfputs_r
                0x0000c112       0x24 c:/program files (x86)/atmel/studio/7.0/toolchain/arm/arm-gnu-toolchain/bin/../lib/gcc/arm-none-eabi/6.3.1/../../../../arm-none-eabi/lib/thumb/v6-m\libc_nano.a(lib_a-nano-vfprintf.o)
                0x0000c112                __sfputs_r
 *fill*         0x0000c136        0x2 
 .text._vfprintf_r
                0x0000c138      0x238 c:/program files (x86)/atmel/studio/7.0/toolchain/arm/arm-gnu-toolchain/bin/../lib/gcc/arm-none-eabi/6.3.1/../../../../arm-none-eabi/lib/thumb/v6-m\libc_nano.a(lib_a-nano-vfprintf.o)
                0x0000c138                _vfprintf_r
                0x0000c138                _vfiprintf_r
 .text._printf_common
                0x0000c370       0xda c:/program files (x86)/atmel/studio/7.0/toolchain/arm/arm-gnu-toolchain/bin/../lib/gcc/arm-none-eabi/6.3.1/../../../../arm-none-eabi/lib/thumb/v6-m\libc_nano.a(lib_a-nano-vfprintf_i.o)
                0x0000c370                _printf_common
 *fill*         0x0000c44a        0x2 
 .text._printf_i
                0x0000c44c      0x234 c:/program files (x86)/atmel/studio/7.0/toolchain/arm/arm-gnu-toolchain/bin/../lib/gcc/arm-none-eabi/6.3.1/../../../../arm-none-eabi/lib/thumb/v6-m\libc_nano.a(lib_a-nano-vfprintf_i.o)
                0x0000c44c                _printf_i
 .text._putc_r  0x0000c680       0x6c c:/program files (x86)/atmel/studio/7.0/toolchain/arm/arm-gnu-toolchain/bin/../lib/gcc/arm-none-eabi/6.3.1/../../../../arm-none-eabi/lib/thumb/v6-m\libc_nano.a(lib_a-putc.o)
                0x0000c680                _putc_r
 .text.__sread  0x0000c6ec       0x28 c:/program files (x86)/atmel/studio/7.0/toolchain/arm/arm-gnu-toolchain/bin/../lib/gcc/arm-none-eabi/6.3.1/../../../../arm-none-eabi/lib/thumb/v6-m\libc_nano.a(lib_a-stdio.o)
                0x0000c6ec                __sread
 .text.__swrite
                0x0000c714       0x38 c:/program files (x86)/atmel/studio/7.0/toolchain/arm/arm-gnu-toolchain/bin/../lib/gcc/arm-none-eabi/6.3.1/../../../../arm-none-eabi/lib/thumb/v6-m\libc_nano.a(lib_a-stdio.o)
                0x0000c714                __swrite
 .text.__sseek  0x0000c74c       0x2c c:/program files (x86)/atmel/studio/7.0/toolchain/arm/arm-gnu-toolchain/bin/../lib/gcc/arm-none-eabi/6.3.1/../../../../arm-none-eabi/lib/thumb/v6-m\libc_nano.a(lib_a-stdio.o)
                0x0000c74c                __sseek
 .text.__sclose
                0x0000c778        0xc c:/program files (x86)/atmel/studio/7.0/toolchain/arm/arm-gnu-toolchain/bin/../lib/gcc/arm-none-eabi/6.3.1/../../../../arm-none-eabi/lib/thumb/v6-m\libc_nano.a(lib_a-stdio.o)
                0x0000c778                __sclose
 .text.__ascii_wctomb
                0x0000c784       0x18 c:/program files (x86)/atmel/studio/7.0/toolchain/arm/arm-gnu-toolchain/bin/../lib/gcc/arm-none-eabi/6.3.1/../../../../arm-none-eabi/lib/thumb/v6-m\libc_nano.a(lib_a-wctomb_r.o)
                0x0000c784                __ascii_wctomb
 .text._write_r
                0x0000c79c       0x28 c:/program files (x86)/atmel/studio/7.0/toolchain/arm/arm-gnu-toolchain/bin/../lib/gcc/arm-none-eabi/6.3.1/../../../../arm-none-eabi/lib/thumb/v6-m\libc_nano.a(lib_a-writer.o)
                0x0000c79c                _write_r
 .text._close_r
                0x0000c7c4       0x24 c:/program files (x86)/atmel/studio/7.0/toolchain/arm/arm-gnu-toolchain/bin/../lib/gcc/arm-none-eabi/6.3.1/../../../../arm-none-eabi/lib/thumb/v6-m\libc_nano.a(lib_a-closer.o)
                0x0000c7c4                _close_r
 .text._fstat_r
                0x0000c7e8       0x24 c:/program files (x86)/atmel/studio/7.0/toolchain/arm/arm-gnu-toolchain/bin/../lib/gcc/arm-none-eabi/6.3.1/../../../../arm-none-eabi/lib/thumb/v6-m\libc_nano.a(lib_a-fstatr.o)
                0x0000c7e8                _fstat_r
 .text._isatty_r
                0x0000c80c       0x24 c:/program files (x86)/atmel/studio/7.0/toolchain/arm/arm-gnu-toolchain/bin/../lib/gcc/arm-none-eabi/6.3.1/../../../../arm-none-eabi/lib/thumb/v6-m\libc_nano.a(lib_a-isattyr.o)
                0x0000c80c                _isatty_r
 .text._lseek_r
                0x0000c830       0x28 c:/program files (x86)/atmel/studio/7.0/toolchain/arm/arm-gnu-toolchain/bin/../lib/gcc/arm-none-eabi/6.3.1/../../../../arm-none-eabi/lib/thumb/v6-m\libc_nano.a(lib_a-lseekr.o)
                0x0000c830                _lseek_r
 .text.memchr   0x0000c858       0x16 c:/program files (x86)/atmel/studio/7.0/toolchain/arm/arm-gnu-toolchain/bin/../lib/gcc/arm-none-eabi/6.3.1/../../../../arm-none-eabi/lib/thumb/v6-m\libc_nano.a(lib_a-memchr-stub.o)
                0x0000c858                memchr
 .text._realloc_r
                0x0000c86e       0x4c c:/program files (x86)/atmel/studio/7.0/toolchain/arm/arm-gnu-toolchain/bin/../lib/gcc/arm-none-eabi/6.3.1/../../../../arm-none-eabi/lib/thumb/v6-m\libc_nano.a(lib_a-nano-reallocr.o)
                0x0000c86e                _realloc_r
 *fill*         0x0000c8ba        0x2 
 .text._read_r  0x0000c8bc       0x28 c:/program files (x86)/atmel/studio/7.0/toolchain/arm/arm-gnu-toolchain/bin/../lib/gcc/arm-none-eabi/6.3.1/../../../../arm-none-eabi/lib/thumb/v6-m\libc_nano.a(lib_a-readr.o)
                0x0000c8bc                _read_r
 .text._malloc_usable_size_r
                0x0000c8e4       0x10 c:/program files (x86)/atmel/studio/7.0/toolchain/arm/arm-gnu-toolchain/bin/../lib/gcc/arm-none-eabi/6.3.1/../../../../arm-none-eabi/lib/thumb/v6-m\libc_nano.a(lib_a-nano-msizer.o)
                0x0000c8e4                _malloc_usable_size_r
 *(.glue_7t)
 .glue_7t       0x0000c8f4        0x0 linker stubs
 *(.glue_7)
 .glue_7        0x0000c8f4        0x0 linker stubs
 *(.rodata .rodata* .gnu.linkonce.r.*)
 .rodata.at25dfx_chip_write_buffer.cst2
                0x0000c8f4        0x2 src/ASF/common2/components/memory/serial_flash/at25dfx/at25dfx.o
 *fill*         0x0000c8f6        0x2 
 .rodata.CSWTCH.16
                0x0000c8f8       0x28 src/ASF/common2/components/memory/serial_flash/at25dfx/at25dfx.o
 .rodata.CSWTCH.79
                0x0000c920        0x3 src/ASF/common2/components/memory/serial_flash/at25dfx/at25dfx.o
 .rodata.__FUNCTION__.14524
                0x0000c923        0xd src/ASF/common/components/wifi/winc1500/bus_wrapper/source/nm_bus_wrapper_samd21.o
 .rodata.nm_bus_ioctl.str1.1
                0x0000c930       0x26 src/ASF/common/components/wifi/winc1500/bus_wrapper/source/nm_bus_wrapper_samd21.o
 .rodata.__FUNCTION__.13073
                0x0000c956        0x9 src/ASF/common/components/wifi/winc1500/driver/source/m2m_hif.o
 .rodata.__FUNCTION__.13083
                0x0000c95f        0x8 src/ASF/common/components/wifi/winc1500/driver/source/m2m_hif.o
 .rodata.__FUNCTION__.13089
                0x0000c967        0xf src/ASF/common/components/wifi/winc1500/driver/source/m2m_hif.o
 .rodata.__FUNCTION__.13101
                0x0000c976        0xc src/ASF/common/components/wifi/winc1500/driver/source/m2m_hif.o
 .rodata.__FUNCTION__.13117
                0x0000c982       0x10 src/ASF/common/components/wifi/winc1500/driver/source/m2m_hif.o
 .rodata.hif_handle_isr.str1.1
                0x0000c992      0x1db src/ASF/common/components/wifi/winc1500/driver/source/m2m_hif.o
 .rodata.hif_receive.str1.1
                0x0000cb6d       0xa7 src/ASF/common/components/wifi/winc1500/driver/source/m2m_hif.o
 .rodata.hif_register_cb.str1.1
                0x0000cc14        0xa src/ASF/common/components/wifi/winc1500/driver/source/m2m_hif.o
 .rodata.hif_send.str1.1
                0x0000cc1e       0x38 src/ASF/common/components/wifi/winc1500/driver/source/m2m_hif.o
                                 0x4b (size before relaxing)
 .rodata.__FUNCTION__.13052
                0x0000cc56        0xc src/ASF/common/components/wifi/winc1500/driver/source/m2m_wifi.o
 .rodata.__FUNCTION__.13081
                0x0000cc62        0xe src/ASF/common/components/wifi/winc1500/driver/source/m2m_wifi.o
 .rodata.__FUNCTION__.13109
                0x0000cc70       0x14 src/ASF/common/components/wifi/winc1500/driver/source/m2m_wifi.o
 .rodata.m2m_wifi_cb.str1.1
                0x0000cc84       0x34 src/ASF/common/components/wifi/winc1500/driver/source/m2m_wifi.o
                                 0x53 (size before relaxing)
 .rodata.m2m_wifi_connect_sc.str1.1
                0x0000ccb8       0x9a src/ASF/common/components/wifi/winc1500/driver/source/m2m_wifi.o
 .rodata.m2m_wifi_init.str1.1
                0x0000cd52       0xc0 src/ASF/common/components/wifi/winc1500/driver/source/m2m_wifi.o
 .rodata.__FUNCTION__.12915
                0x0000ce12        0xa src/ASF/common/components/wifi/winc1500/driver/source/nmasic.o
 .rodata.__FUNCTION__.12964
                0x0000ce1c        0xc src/ASF/common/components/wifi/winc1500/driver/source/nmasic.o
 .rodata.chip_deinit.str1.1
                0x0000ce28       0x18 src/ASF/common/components/wifi/winc1500/driver/source/nmasic.o
 .rodata.chip_wake.str1.1
                0x0000ce40       0x2f src/ASF/common/components/wifi/winc1500/driver/source/nmasic.o
                                 0x42 (size before relaxing)
 .rodata.wait_for_bootrom.str1.1
                0x0000ce6f       0x18 src/ASF/common/components/wifi/winc1500/driver/source/nmasic.o
                                 0x24 (size before relaxing)
 .rodata.__FUNCTION__.12962
                0x0000ce87        0xc src/ASF/common/components/wifi/winc1500/driver/source/nmdrv.o
 .rodata.__FUNCTION__.12969
                0x0000ce93        0xe src/ASF/common/components/wifi/winc1500/driver/source/nmdrv.o
 .rodata.nm_drv_deinit.str1.1
                0x0000cea1       0x5a src/ASF/common/components/wifi/winc1500/driver/source/nmdrv.o
 .rodata.nm_drv_init.str1.1
                0x0000cefb       0x1e src/ASF/common/components/wifi/winc1500/driver/source/nmdrv.o
 .rodata.nm_drv_init_download_mode.str1.1
                0x0000cf19       0x28 src/ASF/common/components/wifi/winc1500/driver/source/nmdrv.o
                                 0x47 (size before relaxing)
 *fill*         0x0000cf41        0x1 
 .rodata.spi_data_read.cst2
                0x0000cf42        0x2 src/ASF/common/components/wifi/winc1500/driver/source/nmspi.o
 .rodata.spi_write_reg.cst1
                0x0000cf44        0x2 src/ASF/common/components/wifi/winc1500/driver/source/nmspi.o
 .rodata.spi_read_reg.cst1
                0x0000cf46        0x2 src/ASF/common/components/wifi/winc1500/driver/source/nmspi.o
 .rodata.nm_spi_write_block.cst2
                0x0000cf48        0x2 src/ASF/common/components/wifi/winc1500/driver/source/nmspi.o
 .rodata.__FUNCTION__.12268
                0x0000cf48        0x8 src/ASF/common/components/wifi/winc1500/driver/source/nmspi.o
 .rodata.__FUNCTION__.12275
                0x0000cf50        0xd src/ASF/common/components/wifi/winc1500/driver/source/nmspi.o
 .rodata.__FUNCTION__.12284
                0x0000cf5d        0xc src/ASF/common/components/wifi/winc1500/driver/source/nmspi.o
 .rodata.__FUNCTION__.12300
                0x0000cf69        0xe src/ASF/common/components/wifi/winc1500/driver/source/nmspi.o
 .rodata.__FUNCTION__.12315
                0x0000cf77        0xf src/ASF/common/components/wifi/winc1500/driver/source/nmspi.o
 .rodata.__FUNCTION__.12327
                0x0000cf86        0xe src/ASF/common/components/wifi/winc1500/driver/source/nmspi.o
 .rodata.__FUNCTION__.12338
                0x0000cf94        0xd src/ASF/common/components/wifi/winc1500/driver/source/nmspi.o
 .rodata.__FUNCTION__.12350
                0x0000cfa1        0xd src/ASF/common/components/wifi/winc1500/driver/source/nmspi.o
 .rodata.__FUNCTION__.12363
                0x0000cfae        0xc src/ASF/common/components/wifi/winc1500/driver/source/nmspi.o
 .rodata.__FUNCTION__.12384
                0x0000cfba        0xc src/ASF/common/components/wifi/winc1500/driver/source/nmspi.o
 .rodata.crc7_syndrome_table
                0x0000cfc6      0x100 src/ASF/common/components/wifi/winc1500/driver/source/nmspi.o
 .rodata.nm_spi_init.str1.1
                0x0000d0c6       0xd0 src/ASF/common/components/wifi/winc1500/driver/source/nmspi.o
 .rodata.nm_spi_read_block.str1.1
                0x0000d196       0xa3 src/ASF/common/components/wifi/winc1500/driver/source/nmspi.o
 .rodata.nm_spi_write_block.str1.1
                0x0000d239      0x176 src/ASF/common/components/wifi/winc1500/driver/source/nmspi.o
 .rodata.spi_cmd.str1.1
                0x0000d3af       0x2a src/ASF/common/components/wifi/winc1500/driver/source/nmspi.o
 .rodata.spi_cmd_rsp.str1.1
                0x0000d3d9       0x32 src/ASF/common/components/wifi/winc1500/driver/source/nmspi.o
                                 0x45 (size before relaxing)
 .rodata.spi_data_read.str1.1
                0x0000d40b       0xc6 src/ASF/common/components/wifi/winc1500/driver/source/nmspi.o
 .rodata.spi_read_reg.str1.1
                0x0000d4d1       0x96 src/ASF/common/components/wifi/winc1500/driver/source/nmspi.o
 .rodata.spi_write_reg.str1.1
                0x0000d567       0x7d src/ASF/common/components/wifi/winc1500/driver/source/nmspi.o
 .rodata.Socket_ReadSocketData.str1.1
                0x0000d5e4       0x14 src/ASF/common/components/wifi/winc1500/socket/source/socket.o
                                 0x20 (size before relaxing)
 .rodata.close.str1.1
                0x0000d5f8       0x15 src/ASF/common/components/wifi/winc1500/socket/source/socket.o
 .rodata.socket.str1.1
                0x0000d60d       0x1c src/ASF/common/components/wifi/winc1500/socket/source/socket.o
 *fill*         0x0000d629        0x3 
 .rodata._tcc_apbcmasks
                0x0000d62c        0xc src/ASF/sam0/drivers/tcc/tcc.o
                0x0000d62c                _tcc_apbcmasks
 .rodata._tcc_cc_nums
                0x0000d638        0x3 src/ASF/sam0/drivers/tcc/tcc.o
                0x0000d638                _tcc_cc_nums
 .rodata._tcc_gclk_ids
                0x0000d63b        0x3 src/ASF/sam0/drivers/tcc/tcc.o
                0x0000d63b                _tcc_gclk_ids
 *fill*         0x0000d63e        0x2 
 .rodata._tcc_maxs
                0x0000d640        0xc src/ASF/sam0/drivers/tcc/tcc.o
                0x0000d640                _tcc_maxs
 .rodata._tcc_ow_nums
                0x0000d64c        0x3 src/ASF/sam0/drivers/tcc/tcc.o
                0x0000d64c                _tcc_ow_nums
 *fill*         0x0000d64f        0x1 
 .rodata._tcc_intflag
                0x0000d650       0x30 src/ASF/sam0/drivers/tcc/tcc_callback.o
                0x0000d650                _tcc_intflag
 .rodata.tcc_interrupt_vectors.12458
                0x0000d680        0x3 src/ASF/sam0/drivers/tcc/tcc_callback.o
 *fill*         0x0000d683        0x1 
 .rodata        0x0000d684       0x18 src/ASF/sam0/drivers/sercom/sercom.o
 .rodata        0x0000d69c       0x10 src/iot/http/http_client.o
 .rodata._http_client_handle_entity.str1.1
                0x0000d6ac        0x3 src/iot/http/http_client.o
 .rodata._http_client_handle_header.str1.1
                0x0000d6af       0x27 src/iot/http/http_client.o
 .rodata._http_client_request.str1.1
                0x0000d6d6       0xbd src/iot/http/http_client.o
                                 0xc0 (size before relaxing)
 .rodata.http_client_get_config_defaults.str1.1
                0x0000d793        0xc src/iot/http/http_client.o
 .rodata.http_client_send_request.str1.1
                0x0000d79f       0x11 src/iot/http/http_client.o
 .rodata        0x0000d7b0        0xc src/iot/sw_timer.o
 .rodata.__func__.16490
                0x0000d7bc       0x14 src/main.o
 .rodata.__func__.16499
                0x0000d7d0       0x19 src/main.o
 .rodata.handleUpdateRequest.str1.1
                0x0000d7e9       0xf2 src/main.o
 .rodata.http_client_firmware_download_req_callback.str1.1
                0x0000d8db       0x55 src/main.o
 .rodata.http_client_metadata_req_callback.str1.1
                0x0000d930      0x130 src/main.o
 .rodata.main.str1.1
                0x0000da60       0x1e src/main.o
 .rodata.resolve_cb.str1.1
                0x0000da7e       0x2d src/main.o
 .rodata.sendHttpReq_firmware.str1.1
                0x0000daab       0x2e src/main.o
 .rodata.sendHttpReq_metadata.str1.1
                0x0000dad9       0xd3 src/main.o
 .rodata.store_firmware_file.str1.1
                0x0000dbac       0x2b src/main.o
 .rodata.wifi_cb.str1.1
                0x0000dbd7       0x81 src/main.o
 .rodata        0x0000dc58       0x40 c:/program files (x86)/atmel/studio/7.0/toolchain/arm/arm-gnu-toolchain/bin/../lib/gcc/arm-none-eabi/6.3.1/thumb/v6-m\libgcc.a(divdf3.o)
 .rodata        0x0000dc98       0x40 c:/program files (x86)/atmel/studio/7.0/toolchain/arm/arm-gnu-toolchain/bin/../lib/gcc/arm-none-eabi/6.3.1/thumb/v6-m\libgcc.a(muldf3.o)
 .rodata._global_impure_ptr
                0x0000dcd8        0x4 c:/program files (x86)/atmel/studio/7.0/toolchain/arm/arm-gnu-toolchain/bin/../lib/gcc/arm-none-eabi/6.3.1/../../../../arm-none-eabi/lib/thumb/v6-m\libc_nano.a(lib_a-impure.o)
                0x0000dcd8                _global_impure_ptr
 .rodata.__sf_fake_stderr
                0x0000dcdc       0x20 c:/program files (x86)/atmel/studio/7.0/toolchain/arm/arm-gnu-toolchain/bin/../lib/gcc/arm-none-eabi/6.3.1/../../../../arm-none-eabi/lib/thumb/v6-m\libc_nano.a(lib_a-findfp.o)
                0x0000dcdc                __sf_fake_stderr
 .rodata.__sf_fake_stdin
                0x0000dcfc       0x20 c:/program files (x86)/atmel/studio/7.0/toolchain/arm/arm-gnu-toolchain/bin/../lib/gcc/arm-none-eabi/6.3.1/../../../../arm-none-eabi/lib/thumb/v6-m\libc_nano.a(lib_a-findfp.o)
                0x0000dcfc                __sf_fake_stdin
 .rodata.__sf_fake_stdout
                0x0000dd1c       0x20 c:/program files (x86)/atmel/studio/7.0/toolchain/arm/arm-gnu-toolchain/bin/../lib/gcc/arm-none-eabi/6.3.1/../../../../arm-none-eabi/lib/thumb/v6-m\libc_nano.a(lib_a-findfp.o)
                0x0000dd1c                __sf_fake_stdout
 .rodata._setlocale_r.str1.1
                0x0000dd3c        0x8 c:/program files (x86)/atmel/studio/7.0/toolchain/arm/arm-gnu-toolchain/bin/../lib/gcc/arm-none-eabi/6.3.1/../../../../arm-none-eabi/lib/thumb/v6-m\libc_nano.a(lib_a-locale.o)
                                  0x9 (size before relaxing)
 .rodata.str1.1
                0x0000dd44        0x8 c:/program files (x86)/atmel/studio/7.0/toolchain/arm/arm-gnu-toolchain/bin/../lib/gcc/arm-none-eabi/6.3.1/../../../../arm-none-eabi/lib/thumb/v6-m\libc_nano.a(lib_a-locale.o)
                                  0x2 (size before relaxing)
 .rodata._svfprintf_r.str1.1
                0x0000dd44       0x11 c:/program files (x86)/atmel/studio/7.0/toolchain/arm/arm-gnu-toolchain/bin/../lib/gcc/arm-none-eabi/6.3.1/../../../../arm-none-eabi/lib/thumb/v6-m\libc_nano.a(lib_a-nano-svfprintf.o)
 .rodata._vfprintf_r.str1.1
                0x0000dd55       0x11 c:/program files (x86)/atmel/studio/7.0/toolchain/arm/arm-gnu-toolchain/bin/../lib/gcc/arm-none-eabi/6.3.1/../../../../arm-none-eabi/lib/thumb/v6-m\libc_nano.a(lib_a-nano-vfprintf.o)
 .rodata._printf_i.str1.1
                0x0000dd55       0x22 c:/program files (x86)/atmel/studio/7.0/toolchain/arm/arm-gnu-toolchain/bin/../lib/gcc/arm-none-eabi/6.3.1/../../../../arm-none-eabi/lib/thumb/v6-m\libc_nano.a(lib_a-nano-vfprintf_i.o)
 .rodata._ctype_
                0x0000dd77      0x101 c:/program files (x86)/atmel/studio/7.0/toolchain/arm/arm-gnu-toolchain/bin/../lib/gcc/arm-none-eabi/6.3.1/../../../../arm-none-eabi/lib/thumb/v6-m\libc_nano.a(lib_a-ctype_.o)
                0x0000dd77                _ctype_
 *(.ARM.extab* .gnu.linkonce.armextab.*)
                0x0000de78                . = ALIGN (0x4)
 *(.init)
 .init          0x0000de78        0x4 c:/program files (x86)/atmel/studio/7.0/toolchain/arm/arm-gnu-toolchain/bin/../lib/gcc/arm-none-eabi/6.3.1/thumb/v6-m/crti.o
                0x0000de78                _init
 .init          0x0000de7c        0x8 c:/program files (x86)/atmel/studio/7.0/toolchain/arm/arm-gnu-toolchain/bin/../lib/gcc/arm-none-eabi/6.3.1/thumb/v6-m/crtn.o
                0x0000de84                . = ALIGN (0x4)
                0x0000de84                __preinit_array_start = .
 *(.preinit_array)
                0x0000de84                __preinit_array_end = .
                0x0000de84                . = ALIGN (0x4)
                0x0000de84                __init_array_start = .
 *(SORT(.init_array.*))
 *(.init_array)
 .init_array    0x0000de84        0x4 c:/program files (x86)/atmel/studio/7.0/toolchain/arm/arm-gnu-toolchain/bin/../lib/gcc/arm-none-eabi/6.3.1/thumb/v6-m/crtbegin.o
                0x0000de88                __init_array_end = .
                0x0000de88                . = ALIGN (0x4)
 *crtbegin.o(.ctors)
 *(EXCLUDE_FILE(*crtend.o) .ctors)
 *(SORT(.ctors.*))
 *crtend.o(.ctors)
                0x0000de88                . = ALIGN (0x4)
 *(.fini)
 .fini          0x0000de88        0x4 c:/program files (x86)/atmel/studio/7.0/toolchain/arm/arm-gnu-toolchain/bin/../lib/gcc/arm-none-eabi/6.3.1/thumb/v6-m/crti.o
                0x0000de88                _fini
 .fini          0x0000de8c        0x8 c:/program files (x86)/atmel/studio/7.0/toolchain/arm/arm-gnu-toolchain/bin/../lib/gcc/arm-none-eabi/6.3.1/thumb/v6-m/crtn.o
                0x0000de94                . = ALIGN (0x4)
                0x0000de94                __fini_array_start = .
 *(.fini_array)
 .fini_array    0x0000de94        0x4 c:/program files (x86)/atmel/studio/7.0/toolchain/arm/arm-gnu-toolchain/bin/../lib/gcc/arm-none-eabi/6.3.1/thumb/v6-m/crtbegin.o
 *(SORT(.fini_array.*))
                0x0000de98                __fini_array_end = .
 *crtbegin.o(.dtors)
 *(EXCLUDE_FILE(*crtend.o) .dtors)
 *(SORT(.dtors.*))
 *crtend.o(.dtors)
                0x0000de98                . = ALIGN (0x4)
                0x0000de98                _efixed = .
                [!provide]                PROVIDE (__exidx_start, .)

.vfp11_veneer   0x0000de98        0x0
 .vfp11_veneer  0x0000de98        0x0 linker stubs

.v4_bx          0x0000de98        0x0
 .v4_bx         0x0000de98        0x0 linker stubs

.iplt           0x0000de98        0x0
 .iplt          0x0000de98        0x0 c:/program files (x86)/atmel/studio/7.0/toolchain/arm/arm-gnu-toolchain/bin/../lib/gcc/arm-none-eabi/6.3.1/thumb/v6-m/crtbegin.o

.eh_frame       0x0000de98        0x0
 .eh_frame      0x0000de98        0x0 c:/program files (x86)/atmel/studio/7.0/toolchain/arm/arm-gnu-toolchain/bin/../lib/gcc/arm-none-eabi/6.3.1/thumb/v6-m/crtbegin.o

.rel.dyn        0x0000de98        0x0
 .rel.iplt      0x0000de98        0x0 c:/program files (x86)/atmel/studio/7.0/toolchain/arm/arm-gnu-toolchain/bin/../lib/gcc/arm-none-eabi/6.3.1/thumb/v6-m/crtbegin.o

.jcr            0x0000de98        0x0
 .jcr           0x0000de98        0x0 c:/program files (x86)/atmel/studio/7.0/toolchain/arm/arm-gnu-toolchain/bin/../lib/gcc/arm-none-eabi/6.3.1/thumb/v6-m/crtbegin.o

.igot.plt       0x0000de98        0x0
 .igot.plt      0x0000de98        0x0 c:/program files (x86)/atmel/studio/7.0/toolchain/arm/arm-gnu-toolchain/bin/../lib/gcc/arm-none-eabi/6.3.1/thumb/v6-m/crtbegin.o

.ARM.exidx
 *(.ARM.exidx* .gnu.linkonce.armexidx.*)
                [!provide]                PROVIDE (__exidx_end, .)
                0x0000de98                . = ALIGN (0x4)
                0x0000de98                _etext = .

.relocate       0x20000000      0x1fc load address 0x0000de98
                0x20000000                . = ALIGN (0x4)
                0x20000000                _srelocate = .
 *(.ramfunc .ramfunc.*)
 *(.data .data.*)
 .data.cycles_per_ms
                0x20000000        0x4 src/ASF/common2/services/delay/sam0/systick_counter.o
 .data.cycles_per_us
                0x20000004        0x4 src/ASF/common2/services/delay/sam0/systick_counter.o
 .data.egstrNmBusCapabilities
                0x20000008        0x2 src/ASF/common/components/wifi/winc1500/bus_wrapper/source/nm_bus_wrapper_samd21.o
                0x20000008                egstrNmBusCapabilities
 *fill*         0x2000000a        0x2 
 .data.lsm6ds3_rd_packet
                0x2000000c        0xc src/GyroscopeDriver.o
 .data.lsm6ds3_wr_packet
                0x20000018        0xc src/GyroscopeDriver.o
 .data.g_interrupt_enabled
                0x20000024        0x1 src/ASF/common/utils/interrupt/interrupt_sam_nvic.o
                0x20000024                g_interrupt_enabled
 *fill*         0x20000025        0x3 
 .data.fw_writeAddr
                0x20000028        0x4 src/main.o
 .data._impure_ptr
                0x2000002c        0x4 c:/program files (x86)/atmel/studio/7.0/toolchain/arm/arm-gnu-toolchain/bin/../lib/gcc/arm-none-eabi/6.3.1/../../../../arm-none-eabi/lib/thumb/v6-m\libc_nano.a(lib_a-impure.o)
                0x2000002c                _impure_ptr
 .data.impure_data
                0x20000030       0x60 c:/program files (x86)/atmel/studio/7.0/toolchain/arm/arm-gnu-toolchain/bin/../lib/gcc/arm-none-eabi/6.3.1/../../../../arm-none-eabi/lib/thumb/v6-m\libc_nano.a(lib_a-impure.o)
 .data.__global_locale
                0x20000090      0x16c c:/program files (x86)/atmel/studio/7.0/toolchain/arm/arm-gnu-toolchain/bin/../lib/gcc/arm-none-eabi/6.3.1/../../../../arm-none-eabi/lib/thumb/v6-m\libc_nano.a(lib_a-locale.o)
                0x20000090                __global_locale
                0x200001fc                . = ALIGN (0x4)
                0x200001fc                _erelocate = .

.bss            0x200001fc     0x1860 load address 0x0000e094
                0x200001fc                . = ALIGN (0x4)
                0x200001fc                _sbss = .
                0x200001fc                _szero = .
 *(.bss .bss.*)
 .bss           0x200001fc       0x1c c:/program files (x86)/atmel/studio/7.0/toolchain/arm/arm-gnu-toolchain/bin/../lib/gcc/arm-none-eabi/6.3.1/thumb/v6-m/crtbegin.o
 .bss.gpfIsr    0x20000218        0x4 src/ASF/common/components/wifi/winc1500/bsp/source/nm_bsp_samd21.o
 .bss.gpfAppWifiCb
                0x2000021c        0x4 src/ASF/common/components/wifi/winc1500/driver/source/m2m_wifi.o
 .bss.gu8ChNum  0x20000220        0x1 src/ASF/common/components/wifi/winc1500/driver/source/m2m_wifi.o
 .bss.gu8scanInProgress
                0x20000221        0x1 src/ASF/common/components/wifi/winc1500/driver/source/m2m_wifi.o
 *fill*         0x20000222        0x2 
 .bss.chipid.12882
                0x20000224        0x4 src/ASF/common/components/wifi/winc1500/driver/source/nmasic.o
 .bss.gu8Crc_off
                0x20000228        0x1 src/ASF/common/components/wifi/winc1500/driver/source/nmspi.o
 .bss.gbSocketInit
                0x20000229        0x1 src/ASF/common/components/wifi/winc1500/socket/source/socket.o
                0x20000229                gbSocketInit
 .bss.gu16SessionID
                0x2000022a        0x2 src/ASF/common/components/wifi/winc1500/socket/source/socket.o
                0x2000022a                gu16SessionID
 .bss.u8NextTcpSock.13116
                0x2000022c        0x1 src/ASF/common/components/wifi/winc1500/socket/source/socket.o
 .bss.u8NextUdpSock.13117
                0x2000022d        0x1 src/ASF/common/components/wifi/winc1500/socket/source/socket.o
 .bss.lsm6ds3_rd_buffer
                0x2000022e        0xa src/GyroscopeDriver.o
 .bss.lsm6ds3_wr_buffer
                0x20000238        0xa src/GyroscopeDriver.o
 .bss._nvm_dev  0x20000242        0x6 src/ASF/sam0/drivers/nvm/nvm.o
 .bss.cpu_irq_critical_section_counter
                0x20000248        0x4 src/ASF/common/utils/interrupt/interrupt_sam_nvic.o
 .bss.cpu_irq_prev_interrupt_state
                0x2000024c        0x1 src/ASF/common/utils/interrupt/interrupt_sam_nvic.o
 .bss._sercom_config
                0x2000024d        0x2 src/ASF/sam0/drivers/sercom/sercom.o
 .bss._handler_table_initialized
                0x2000024f        0x1 src/ASF/sam0/drivers/sercom/sercom_interrupt.o
 .bss._sercom_interrupt_handlers
                0x20000250       0x18 src/ASF/sam0/drivers/sercom/sercom_interrupt.o
 .bss._system_clock_inst
                0x20000268       0x18 src/ASF/sam0/drivers/system/clock/clock_samd21_r21_da_ha1/clock.o
 .bss.heap.5296
                0x20000280        0x4 src/ASF/sam0/utils/syscalls/gcc/syscalls.o
 .bss.module_ref_inst
                0x20000284       0x1c src/iot/http/http_client.o
 .bss.sw_timer_tick
                0x200002a0        0x4 src/iot/sw_timer.o
 .bss.cdc_uart_module
                0x200002a4       0x34 src/main.o
 .bss.dl_state  0x200002d8        0x1 src/main.o
 *fill*         0x200002d9        0x1 
 .bss.firmware_buffer
                0x200002da     0x1004 src/main.o
 *fill*         0x200012de        0x2 
 .bss.fw_dataLen
                0x200012e0        0x4 src/main.o
 .bss.fw_rollingCRC
                0x200012e4        0x4 src/main.o
 .bss.metadata_buffer
                0x200012e8      0x404 src/main.o
 .bss.metadata_crc_buffer
                0x200016ec        0x9 src/main.o
 .bss.serverVersion
                0x200016f5        0x7 src/main.o
 .bss.__malloc_free_list
                0x200016fc        0x4 c:/program files (x86)/atmel/studio/7.0/toolchain/arm/arm-gnu-toolchain/bin/../lib/gcc/arm-none-eabi/6.3.1/../../../../arm-none-eabi/lib/thumb/v6-m\libc_nano.a(lib_a-nano-mallocr.o)
                0x200016fc                __malloc_free_list
 .bss.__malloc_sbrk_start
                0x20001700        0x4 c:/program files (x86)/atmel/studio/7.0/toolchain/arm/arm-gnu-toolchain/bin/../lib/gcc/arm-none-eabi/6.3.1/../../../../arm-none-eabi/lib/thumb/v6-m\libc_nano.a(lib_a-nano-mallocr.o)
                0x20001700                __malloc_sbrk_start
 *(COMMON)
 COMMON         0x20001704       0x40 src/ASF/common/components/wifi/winc1500/bus_wrapper/source/nm_bus_wrapper_samd21.o
                0x20001704                slave_inst
                0x20001708                master
 COMMON         0x20001744       0x28 src/ASF/common/components/wifi/winc1500/driver/source/m2m_hif.o
                0x20001744                gstrHifCxt
 COMMON         0x2000176c       0xc0 src/ASF/common/components/wifi/winc1500/socket/source/socket.o
                0x2000176c                gu16BufferSize
                0x2000176e                gsockerrno
                0x2000176f                gu8OpCode
                0x20001770                gastrSockets
                0x20001820                gpfAppSocketCb
                0x20001824                gfpPingCb
                0x20001828                gpfAppResolveCb
 COMMON         0x2000182c        0x1 src/ASF/sam0/drivers/extint/extint_callback.o
                0x2000182c                _current_channel
 *fill*         0x2000182d        0x3 
 COMMON         0x20001830       0x40 src/ASF/sam0/drivers/extint/extint_sam_d_r_h/extint.o
                0x20001830                _extint_dev
 COMMON         0x20001870        0x4 src/ASF/sam0/drivers/rtc/rtc_sam_d_r_h/rtc_calendar.o
                0x20001870                _rtc_instance
 COMMON         0x20001874        0xc src/ASF/sam0/drivers/tcc/tcc_callback.o
                0x20001874                _tcc_instances
 COMMON         0x20001880       0x20 src/GyroscopeDriver.o
                0x20001880                settings
                0x2000189c                allOnesCounter
                0x2000189e                nonSuccessCounter
 COMMON         0x200018a0       0x18 src/ASF/sam0/drivers/sercom/sercom_interrupt.o
                0x200018a0                _sercom_instances
 COMMON         0x200018b8        0x2 src/ASF/sam0/drivers/sercom/spi/spi_interrupt.o
                0x200018b8                dummy_write
 *fill*         0x200018ba        0x2 
 COMMON         0x200018bc        0x4 src/ASF/sam0/utils/stdio/read.o
                0x200018bc                ptr_get
 COMMON         0x200018c0        0x8 src/ASF/sam0/utils/stdio/write.o
                0x200018c0                ptr_put
                0x200018c4                stdio_base
 COMMON         0x200018c8      0x190 src/main.o
                0x200018c8                at25dfx_chip
                0x200018d0                swt_module_inst
                0x20001928                http_client_module_inst