Archive member included to satisfy reference by file (symbol)

c:/program files (x86)/atmel/studio/7.0/toolchain/arm/arm-gnu-toolchain/bin/../lib/gcc/arm-none-eabi/6.3.1/thumb/v6-m\libgcc.a(_udivsi3.o)
                              src/ASF/sam0/drivers/nvm/nvm.o (__aeabi_uidiv)
c:/program files (x86)/atmel/studio/7.0/toolchain/arm/arm-gnu-toolchain/bin/../lib/gcc/arm-none-eabi/6.3.1/thumb/v6-m\libgcc.a(_dvmd_tls.o)
                              c:/program files (x86)/atmel/studio/7.0/toolchain/arm/arm-gnu-toolchain/bin/../lib/gcc/arm-none-eabi/6.3.1/thumb/v6-m\libgcc.a(_udivsi3.o) (__aeabi_idiv0)
c:/program files (x86)/atmel/studio/7.0/toolchain/arm/arm-gnu-toolchain/bin/../lib/gcc/arm-none-eabi/6.3.1/thumb/v6-m\libgcc.a(_muldi3.o)
                              src/ASF/sam0/drivers/sercom/sercom.o (__aeabi_lmul)
c:/program files (x86)/atmel/studio/7.0/toolchain/arm/arm-gnu-toolchain/bin/../lib/gcc/arm-none-eabi/6.3.1/../../../../arm-none-eabi/lib/thumb/v6-m\libc_nano.a(lib_a-exit.o)
                              c:/program files (x86)/atmel/studio/7.0/toolchain/arm/arm-gnu-toolchain/bin/../lib/gcc/arm-none-eabi/6.3.1/../../../../arm-none-eabi/lib/thumb/v6-m/crt0.o (exit)
c:/program files (x86)/atmel/studio/7.0/toolchain/arm/arm-gnu-toolchain/bin/../lib/gcc/arm-none-eabi/6.3.1/../../../../arm-none-eabi/lib/thumb/v6-m\libc_nano.a(lib_a-impure.o)
                              c:/program files (x86)/atmel/studio/7.0/toolchain/arm/arm-gnu-toolchain/bin/../lib/gcc/arm-none-eabi/6.3.1/../../../../arm-none-eabi/lib/thumb/v6-m\libc_nano.a(lib_a-exit.o) (_global_impure_ptr)
c:/program files (x86)/atmel/studio/7.0/toolchain/arm/arm-gnu-toolchain/bin/../lib/gcc/arm-none-eabi/6.3.1/../../../../arm-none-eabi/lib/thumb/v6-m\libc_nano.a(lib_a-init.o)
                              c:/program files (x86)/atmel/studio/7.0/toolchain/arm/arm-gnu-toolchain/bin/../lib/gcc/arm-none-eabi/6.3.1/../../../../arm-none-eabi/lib/thumb/v6-m/crt0.o (__libc_init_array)
c:/program files (x86)/atmel/studio/7.0/toolchain/arm/arm-gnu-toolchain/bin/../lib/gcc/arm-none-eabi/6.3.1/../../../../arm-none-eabi/lib/thumb/v6-m\libc_nano.a(lib_a-memset.o)
                              c:/program files (x86)/atmel/studio/7.0/toolchain/arm/arm-gnu-toolchain/bin/../lib/gcc/arm-none-eabi/6.3.1/../../../../arm-none-eabi/lib/thumb/v6-m/crt0.o (memset)

Allocating common symbols
Common symbol       size              file

wdt_early_warning_callback
                    0x4               src/ASF/sam0/drivers/wdt/wdt_callback.o
ptr_get             0x4               src/ASF/sam0/utils/stdio/read.o
ptr_put             0x4               src/ASF/sam0/utils/stdio/write.o
dummy_write         0x2               src/ASF/sam0/drivers/sercom/spi/spi_interrupt.o
_sercom_instances   0x18              src/ASF/sam0/drivers/sercom/sercom_interrupt.o
at25dfx_chip        0x8               src/main.o
stdio_base          0x4               src/ASF/sam0/utils/stdio/write.o
at25dfx_spi         0x3c              src/main.o

Discarded input sections

 .text          0x00000000        0x0 c:/program files (x86)/atmel/studio/7.0/toolchain/arm/arm-gnu-toolchain/bin/../lib/gcc/arm-none-eabi/6.3.1/thumb/v6-m/crti.o
 .data          0x00000000        0x0 c:/program files (x86)/atmel/studio/7.0/toolchain/arm/arm-gnu-toolchain/bin/../lib/gcc/arm-none-eabi/6.3.1/thumb/v6-m/crti.o
 .bss           0x00000000        0x0 c:/program files (x86)/atmel/studio/7.0/toolchain/arm/arm-gnu-toolchain/bin/../lib/gcc/arm-none-eabi/6.3.1/thumb/v6-m/crti.o
 .data          0x00000000        0x4 c:/program files (x86)/atmel/studio/7.0/toolchain/arm/arm-gnu-toolchain/bin/../lib/gcc/arm-none-eabi/6.3.1/thumb/v6-m/crtbegin.o
 .text          0x00000000       0x78 c:/program files (x86)/atmel/studio/7.0/toolchain/arm/arm-gnu-toolchain/bin/../lib/gcc/arm-none-eabi/6.3.1/../../../../arm-none-eabi/lib/thumb/v6-m/crt0.o
 .data          0x00000000        0x0 c:/program files (x86)/atmel/studio/7.0/toolchain/arm/arm-gnu-toolchain/bin/../lib/gcc/arm-none-eabi/6.3.1/../../../../arm-none-eabi/lib/thumb/v6-m/crt0.o
 .bss           0x00000000        0x0 c:/program files (x86)/atmel/studio/7.0/toolchain/arm/arm-gnu-toolchain/bin/../lib/gcc/arm-none-eabi/6.3.1/../../../../arm-none-eabi/lib/thumb/v6-m/crt0.o
 .ARM.extab     0x00000000        0x0 c:/program files (x86)/atmel/studio/7.0/toolchain/arm/arm-gnu-toolchain/bin/../lib/gcc/arm-none-eabi/6.3.1/../../../../arm-none-eabi/lib/thumb/v6-m/crt0.o
 .ARM.exidx     0x00000000        0x8 c:/program files (x86)/atmel/studio/7.0/toolchain/arm/arm-gnu-toolchain/bin/../lib/gcc/arm-none-eabi/6.3.1/../../../../arm-none-eabi/lib/thumb/v6-m/crt0.o
 .ARM.attributes
                0x00000000       0x1b c:/program files (x86)/atmel/studio/7.0/toolchain/arm/arm-gnu-toolchain/bin/../lib/gcc/arm-none-eabi/6.3.1/../../../../arm-none-eabi/lib/thumb/v6-m/crt0.o
 .group         0x00000000        0x8 src/ASF/common2/components/memory/serial_flash/at25dfx/at25dfx.o
[...]
Memory Configuration

Name             Origin             Length             Attributes
rom              0x00000000         0x00040000         xr
ram              0x20000000         0x00008000         xrw
*default*        0x00000000         0xffffffff

Linker script and memory map

LOAD c:/program files (x86)/atmel/studio/7.0/toolchain/arm/arm-gnu-toolchain/bin/../lib/gcc/arm-none-eabi/6.3.1/thumb/v6-m/crti.o
LOAD c:/program files (x86)/atmel/studio/7.0/toolchain/arm/arm-gnu-toolchain/bin/../lib/gcc/arm-none-eabi/6.3.1/thumb/v6-m/crtbegin.o
LOAD c:/program files (x86)/atmel/studio/7.0/toolchain/arm/arm-gnu-toolchain/bin/../lib/gcc/arm-none-eabi/6.3.1/../../../../arm-none-eabi/lib/thumb/v6-m/crt0.o
LOAD src/ASF/common2/components/memory/serial_flash/at25dfx/at25dfx.o
LOAD src/ASF/sam0/drivers/dsu/crc32/crc32.o
LOAD src/ASF/sam0/drivers/nvm/nvm.o
LOAD src/ASF/sam0/drivers/pac/pac_sam_d_r_h/pac.o
LOAD src/ASF/sam0/drivers/port/port.o
LOAD src/ASF/common2/boards/user_board/init.o
LOAD src/ASF/common/utils/interrupt/interrupt_sam_nvic.o
LOAD src/ASF/sam0/drivers/sercom/sercom.o
LOAD src/ASF/sam0/drivers/sercom/sercom_interrupt.o
LOAD src/ASF/sam0/drivers/sercom/spi/spi.o
LOAD src/ASF/sam0/drivers/sercom/spi/spi_interrupt.o
LOAD src/ASF/sam0/drivers/sercom/spi_master_vec/spi_master_vec.o
LOAD src/ASF/sam0/drivers/sercom/usart/usart.o
LOAD src/ASF/sam0/drivers/sercom/usart/usart_interrupt.o
LOAD src/ASF/sam0/drivers/system/clock/clock_samd21_r21_da_ha1/clock.o
LOAD src/ASF/sam0/drivers/system/clock/clock_samd21_r21_da_ha1/gclk.o
LOAD src/ASF/sam0/drivers/system/interrupt/system_interrupt.o
LOAD src/ASF/sam0/drivers/system/pinmux/pinmux.o
LOAD src/ASF/sam0/drivers/system/system.o
LOAD src/ASF/sam0/drivers/wdt/wdt.o
LOAD src/ASF/sam0/drivers/wdt/wdt_callback.o
LOAD src/ASF/sam0/utils/cmsis/samd21/source/gcc/startup_samd21.o
LOAD src/ASF/sam0/utils/cmsis/samd21/source/system_samd21.o
LOAD src/ASF/sam0/utils/stdio/read.o
LOAD src/ASF/sam0/utils/stdio/write.o
LOAD src/ASF/sam0/utils/syscalls/gcc/syscalls.o
LOAD src/main.o
START GROUP
LOAD ../src/ASF/thirdparty/CMSIS/Lib/GCC\libarm_cortexM0l_math.a
LOAD c:/program files (x86)/atmel/studio/7.0/toolchain/arm/arm-gnu-toolchain/bin/../lib/gcc/arm-none-eabi/6.3.1/../../../../arm-none-eabi/lib/thumb/v6-m\libm.a
END GROUP
START GROUP
LOAD c:/program files (x86)/atmel/studio/7.0/toolchain/arm/arm-gnu-toolchain/bin/../lib/gcc/arm-none-eabi/6.3.1/thumb/v6-m\libgcc.a
LOAD c:/program files (x86)/atmel/studio/7.0/toolchain/arm/arm-gnu-toolchain/bin/../lib/gcc/arm-none-eabi/6.3.1/../../../../arm-none-eabi/lib/thumb/v6-m\libc_nano.a
END GROUP
START GROUP
LOAD c:/program files (x86)/atmel/studio/7.0/toolchain/arm/arm-gnu-toolchain/bin/../lib/gcc/arm-none-eabi/6.3.1/thumb/v6-m\libgcc.a
LOAD c:/program files (x86)/atmel/studio/7.0/toolchain/arm/arm-gnu-toolchain/bin/../lib/gcc/arm-none-eabi/6.3.1/../../../../arm-none-eabi/lib/thumb/v6-m\libc_nano.a
END GROUP
LOAD c:/program files (x86)/atmel/studio/7.0/toolchain/arm/arm-gnu-toolchain/bin/../lib/gcc/arm-none-eabi/6.3.1/thumb/v6-m/crtend.o
LOAD c:/program files (x86)/atmel/studio/7.0/toolchain/arm/arm-gnu-toolchain/bin/../lib/gcc/arm-none-eabi/6.3.1/thumb/v6-m/crtn.o
                0x00002000                STACK_SIZE = DEFINED (STACK_SIZE)?STACK_SIZE:DEFINED (__stack_size__)?__stack_size__:0x2000

.text           0x00000000     0x2744
                0x00000000                . = ALIGN (0x4)
                0x00000000                _sfixed = .
 *(.vectors .vectors.*)
 .vectors       0x00000000       0xb4 src/ASF/sam0/utils/cmsis/samd21/source/gcc/startup_samd21.o
                0x00000000                exception_table
 *(.text .text.* .gnu.linkonce.t.*)
 .text          0x000000b4       0x60 c:/program files (x86)/atmel/studio/7.0/toolchain/arm/arm-gnu-toolchain/bin/../lib/gcc/arm-none-eabi/6.3.1/thumb/v6-m/crtbegin.o
 .text.nvm_is_ready
                0x00000114       0x28 src/ASF/sam0/drivers/nvm/nvm.o
 .text.system_apb_clock_set_mask
                0x0000013c       0x5c src/ASF/sam0/drivers/nvm/nvm.o
 .text.nvm_set_config
                0x00000198       0xd8 src/ASF/sam0/drivers/nvm/nvm.o
                0x00000198                nvm_set_config
 .text.system_pinmux_get_config_defaults
                0x00000270       0x28 src/ASF/sam0/drivers/port/port.o
 .text.port_pin_set_config
                0x00000298       0x60 src/ASF/sam0/drivers/port/port.o
                0x00000298                port_pin_set_config
 .text.system_board_init
                0x000002f8        0xa src/ASF/common2/boards/user_board/init.o
                0x000002f8                board_init
                0x000002f8                system_board_init
 *fill*         0x00000302        0x2 
 .text.cpu_irq_enter_critical
                0x00000304       0x54 src/ASF/common/utils/interrupt/interrupt_sam_nvic.o
                0x00000304                cpu_irq_enter_critical
 .text.cpu_irq_leave_critical
                0x00000358       0x40 src/ASF/common/utils/interrupt/interrupt_sam_nvic.o
                0x00000358                cpu_irq_leave_critical
 .text.system_gclk_chan_get_config_defaults
                0x00000398       0x16 src/ASF/sam0/drivers/sercom/sercom.o
 .text._sercom_get_sync_baud_val
                0x000003ae       0x7c src/ASF/sam0/drivers/sercom/sercom.o
                0x000003ae                _sercom_get_sync_baud_val
 *fill*         0x0000042a        0x2 
 .text.sercom_set_gclk_generator
                0x0000042c       0x8c src/ASF/sam0/drivers/sercom/sercom.o
                0x0000042c                sercom_set_gclk_generator
 .text._sercom_get_default_pad
                0x000004b8      0x1bc src/ASF/sam0/drivers/sercom/sercom.o
                0x000004b8                _sercom_get_default_pad
 .text._sercom_get_sercom_inst_index
                0x00000674       0x50 src/ASF/sam0/drivers/sercom/sercom.o
                0x00000674                _sercom_get_sercom_inst_index
 .text._sercom_default_handler
                0x000006c4       0x14 src/ASF/sam0/drivers/sercom/sercom_interrupt.o
 .text._sercom_set_handler
                0x000006d8       0x6c src/ASF/sam0/drivers/sercom/sercom_interrupt.o
                0x000006d8                _sercom_set_handler
 .text._sercom_get_interrupt_vector
                0x00000744       0x44 src/ASF/sam0/drivers/sercom/sercom_interrupt.o
                0x00000744                _sercom_get_interrupt_vector
 .text.SERCOM0_Handler
                0x00000788       0x18 src/ASF/sam0/drivers/sercom/sercom_interrupt.o
                0x00000788                SERCOM0_Handler
 .text.SERCOM1_Handler
                0x000007a0       0x18 src/ASF/sam0/drivers/sercom/sercom_interrupt.o
                0x000007a0                SERCOM1_Handler
 .text.SERCOM2_Handler
                0x000007b8       0x18 src/ASF/sam0/drivers/sercom/sercom_interrupt.o
                0x000007b8                SERCOM2_Handler
 .text.SERCOM3_Handler
                0x000007d0       0x18 src/ASF/sam0/drivers/sercom/sercom_interrupt.o
                0x000007d0                SERCOM3_Handler
 .text.SERCOM4_Handler
                0x000007e8       0x18 src/ASF/sam0/drivers/sercom/sercom_interrupt.o
                0x000007e8                SERCOM4_Handler
 .text.SERCOM5_Handler
                0x00000800       0x18 src/ASF/sam0/drivers/sercom/sercom_interrupt.o
                0x00000800                SERCOM5_Handler
 .text.system_pinmux_get_config_defaults
                0x00000818       0x28 src/ASF/sam0/drivers/sercom/spi/spi.o
 .text.system_gclk_chan_get_config_defaults
                0x00000840       0x16 src/ASF/sam0/drivers/sercom/spi/spi.o
 *fill*         0x00000856        0x2 
 .text.system_apb_clock_set_mask
                0x00000858       0x5c src/ASF/sam0/drivers/sercom/spi/spi.o
 .text.system_is_debugger_present
                0x000008b4       0x20 src/ASF/sam0/drivers/sercom/spi/spi.o
 .text._spi_set_config
                0x000008d4      0x250 src/ASF/sam0/drivers/sercom/spi/spi.o
 .text.spi_init
                0x00000b24      0x1a4 src/ASF/sam0/drivers/sercom/spi/spi.o
                0x00000b24                spi_init
 .text._spi_write
                0x00000cc8       0x7a src/ASF/sam0/drivers/sercom/spi/spi_interrupt.o
 *fill*         0x00000d42        0x2 
 .text._spi_write_dummy
                0x00000d44       0x34 src/ASF/sam0/drivers/sercom/spi/spi_interrupt.o
 .text._spi_read_dummy
                0x00000d78       0x36 src/ASF/sam0/drivers/sercom/spi/spi_interrupt.o
 .text._spi_read
                0x00000dae       0x70 src/ASF/sam0/drivers/sercom/spi/spi_interrupt.o
 *fill*         0x00000e1e        0x2 
 .text._spi_interrupt_handler
                0x00000e20      0x30c src/ASF/sam0/drivers/sercom/spi/spi_interrupt.o
                0x00000e20                _spi_interrupt_handler
 .text.system_gclk_gen_get_config_defaults
                0x0000112c       0x2e src/ASF/sam0/drivers/system/clock/clock_samd21_r21_da_ha1/clock.o
 .text.system_clock_source_osc8m_get_config_defaults
                0x0000115a       0x22 src/ASF/sam0/drivers/system/clock/clock_samd21_r21_da_ha1/clock.o
 .text.system_cpu_clock_set_divider
                0x0000117c       0x20 src/ASF/sam0/drivers/system/clock/clock_samd21_r21_da_ha1/clock.o
 .text.system_apb_clock_set_divider
                0x0000119c       0x54 src/ASF/sam0/drivers/system/clock/clock_samd21_r21_da_ha1/clock.o
 .text.system_flash_set_waitstates
                0x000011f0       0x34 src/ASF/sam0/drivers/system/clock/clock_samd21_r21_da_ha1/clock.o
 .text._system_dfll_wait_for_sync
                0x00001224       0x1c src/ASF/sam0/drivers/system/clock/clock_samd21_r21_da_ha1/clock.o
 .text._system_clock_source_dfll_set_config_errata_9905
                0x00001240       0x44 src/ASF/sam0/drivers/system/clock/clock_samd21_r21_da_ha1/clock.o
 .text.system_clock_source_get_hz
                0x00001284       0xbc src/ASF/sam0/drivers/system/clock/clock_samd21_r21_da_ha1/clock.o
                0x00001284                system_clock_source_get_hz
 .text.system_clock_source_osc8m_set_config
                0x00001340       0x78 src/ASF/sam0/drivers/system/clock/clock_samd21_r21_da_ha1/clock.o
                0x00001340                system_clock_source_osc8m_set_config
 .text.system_clock_source_enable
                0x000013b8       0xac src/ASF/sam0/drivers/system/clock/clock_samd21_r21_da_ha1/clock.o
                0x000013b8                system_clock_source_enable
 .text._switch_peripheral_gclk
                0x00001464       0x38 src/ASF/sam0/drivers/system/clock/clock_samd21_r21_da_ha1/clock.o
 .text.system_clock_init
                0x0000149c       0xd4 src/ASF/sam0/drivers/system/clock/clock_samd21_r21_da_ha1/clock.o
                0x0000149c                system_clock_init
 .text.system_apb_clock_set_mask
                0x00001570       0x5c src/ASF/sam0/drivers/system/clock/clock_samd21_r21_da_ha1/gclk.o
 .text.system_interrupt_enter_critical_section
                0x000015cc       0x14 src/ASF/sam0/drivers/system/clock/clock_samd21_r21_da_ha1/gclk.o
 .text.system_interrupt_leave_critical_section
                0x000015e0       0x14 src/ASF/sam0/drivers/system/clock/clock_samd21_r21_da_ha1/gclk.o
 .text.system_gclk_is_syncing
                0x000015f4       0x20 src/ASF/sam0/drivers/system/clock/clock_samd21_r21_da_ha1/gclk.o
 .text.system_gclk_init
                0x00001614       0x30 src/ASF/sam0/drivers/system/clock/clock_samd21_r21_da_ha1/gclk.o
                0x00001614                system_gclk_init
 .text.system_gclk_gen_set_config
                0x00001644      0x124 src/ASF/sam0/drivers/system/clock/clock_samd21_r21_da_ha1/gclk.o
                0x00001644                system_gclk_gen_set_config
 .text.system_gclk_gen_enable
                0x00001768       0x5c src/ASF/sam0/drivers/system/clock/clock_samd21_r21_da_ha1/gclk.o
                0x00001768                system_gclk_gen_enable
 .text.system_gclk_gen_get_hz
                0x000017c4       0xd8 src/ASF/sam0/drivers/system/clock/clock_samd21_r21_da_ha1/gclk.o
                0x000017c4                system_gclk_gen_get_hz
 .text.system_gclk_chan_set_config
                0x0000189c       0x44 src/ASF/sam0/drivers/system/clock/clock_samd21_r21_da_ha1/gclk.o
                0x0000189c                system_gclk_chan_set_config
 .text.system_gclk_chan_enable
                0x000018e0       0x48 src/ASF/sam0/drivers/system/clock/clock_samd21_r21_da_ha1/gclk.o
                0x000018e0                system_gclk_chan_enable
 .text.system_gclk_chan_disable
                0x00001928       0x98 src/ASF/sam0/drivers/system/clock/clock_samd21_r21_da_ha1/gclk.o
                0x00001928                system_gclk_chan_disable
 .text.system_gclk_chan_lock
                0x000019c0       0x48 src/ASF/sam0/drivers/system/clock/clock_samd21_r21_da_ha1/gclk.o
                0x000019c0                system_gclk_chan_lock
 .text.system_gclk_chan_get_hz
                0x00001a08       0x58 src/ASF/sam0/drivers/system/clock/clock_samd21_r21_da_ha1/gclk.o
                0x00001a08                system_gclk_chan_get_hz
 .text.system_pinmux_get_group_from_gpio_pin
                0x00001a60       0x60 src/ASF/sam0/drivers/system/pinmux/pinmux.o
 .text._system_pinmux_config
                0x00001ac0      0x110 src/ASF/sam0/drivers/system/pinmux/pinmux.o
 .text.system_pinmux_pin_set_config
                0x00001bd0       0x48 src/ASF/sam0/drivers/system/pinmux/pinmux.o
                0x00001bd0                system_pinmux_pin_set_config
 .text._system_dummy_init
                0x00001c18        0xa src/ASF/sam0/drivers/system/system.o
                0x00001c18                _system_extint_init
                0x00001c18                _system_events_init
                0x00001c18                _system_dummy_init
                0x00001c18                _system_divas_init
 *fill*         0x00001c22        0x2 
 .text.system_init
                0x00001c24       0x34 src/ASF/sam0/drivers/system/system.o
                0x00001c24                system_init
 .text.system_apb_clock_set_mask
                0x00001c58       0x5c src/ASF/sam0/drivers/wdt/wdt.o
 .text.wdt_is_syncing
                0x00001cb4       0x28 src/ASF/sam0/drivers/wdt/wdt.o
 .text.wdt_is_locked
                0x00001cdc       0x28 src/ASF/sam0/drivers/wdt/wdt.o
 .text.wdt_set_config
                0x00001d04      0x178 src/ASF/sam0/drivers/wdt/wdt.o
                0x00001d04                wdt_set_config
 .text.wdt_clear_early_warning
                0x00001e7c       0x1c src/ASF/sam0/drivers/wdt/wdt_callback.o
 .text.system_interrupt_enable
                0x00001e98       0x2c src/ASF/sam0/drivers/wdt/wdt_callback.o
 .text.wdt_register_callback
                0x00001ec4       0x30 src/ASF/sam0/drivers/wdt/wdt_callback.o
                0x00001ec4                wdt_register_callback
 .text.wdt_enable_callback
                0x00001ef4       0x3c src/ASF/sam0/drivers/wdt/wdt_callback.o
                0x00001ef4                wdt_enable_callback
 .text.WDT_Handler
                0x00001f30       0x24 src/ASF/sam0/drivers/wdt/wdt_callback.o
                0x00001f30                WDT_Handler
 .text.Reset_Handler
                0x00001f54       0xf8 src/ASF/sam0/utils/cmsis/samd21/source/gcc/startup_samd21.o
                0x00001f54                Reset_Handler
 .text.Dummy_Handler
                0x0000204c        0x6 src/ASF/sam0/utils/cmsis/samd21/source/gcc/startup_samd21.o
                0x0000204c                DMAC_Handler
                0x0000204c                HardFault_Handler
                0x0000204c                AC_Handler
                0x0000204c                SysTick_Handler
                0x0000204c                PendSV_Handler
                0x0000204c                NMI_Handler
                0x0000204c                ADC_Handler
                0x0000204c                TCC1_Handler
                0x0000204c                TCC0_Handler
                0x0000204c                RTC_Handler
                0x0000204c                EIC_Handler
                0x0000204c                TC4_Handler
                0x0000204c                USB_Handler
                0x0000204c                TC3_Handler
                0x0000204c                Dummy_Handler
                0x0000204c                PM_Handler
                0x0000204c                SVC_Handler
                0x0000204c                TCC2_Handler
                0x0000204c                EVSYS_Handler
                0x0000204c                I2S_Handler
                0x0000204c                NVMCTRL_Handler
                0x0000204c                DAC_Handler
                0x0000204c                PTC_Handler
                0x0000204c                TC5_Handler
                0x0000204c                SYSCTRL_Handler
 *fill*         0x00002052        0x2 
 .text.system_apb_clock_set_mask
                0x00002054       0x5c src/main.o
 .text.system_pinmux_get_group_from_gpio_pin
                0x000020b0       0x60 src/main.o
 .text.dsu_crc32_init
                0x00002110       0x18 src/main.o
 .text.port_get_group_from_gpio_pin
                0x00002128       0x24 src/main.o
 .text.port_get_config_defaults
                0x0000214c       0x22 src/main.o
 *fill*         0x0000216e        0x2 
 .text.port_pin_set_output_level
                0x00002170       0x54 src/main.o
 .text.system_interrupt_enable
                0x000021c4       0x2c src/main.o
 .text.spi_is_syncing
                0x000021f0       0x20 src/main.o
 .text.spi_get_config_defaults
                0x00002210       0x84 src/main.o
 .text.spi_enable
                0x00002294       0x50 src/main.o
 .text.at25dfx_chip_init
                0x000022e4       0x68 src/main.o
 .text.nvm_get_config_defaults
                0x0000234c       0x3c src/main.o
 .text.wdt_get_config_defaults
                0x00002388       0x34 src/main.o
 .text.at25dfx_init
                0x000023bc       0xac src/main.o
 .text.watchdog_early_warning_callback
                0x00002468       0x18 src/main.o
                0x00002468                watchdog_early_warning_callback
 .text.configure_wdt
                0x00002480       0x40 src/main.o
                0x00002480                configure_wdt
 .text.configure_wdt_callbacks
                0x000024c0       0x28 src/main.o
                0x000024c0                configure_wdt_callbacks
 .text.nvm_init
                0x000024e8       0x2c src/main.o
                0x000024e8                nvm_init
 .text.main     0x00002514       0x38 src/main.o
                0x00002514                main
 .text          0x0000254c      0x114 c:/program files (x86)/atmel/studio/7.0/toolchain/arm/arm-gnu-toolchain/bin/../lib/gcc/arm-none-eabi/6.3.1/thumb/v6-m\libgcc.a(_udivsi3.o)
                0x0000254c                __aeabi_uidiv
                0x0000254c                __udivsi3
                0x00002658                __aeabi_uidivmod
 .text          0x00002660        0x4 c:/program files (x86)/atmel/studio/7.0/toolchain/arm/arm-gnu-toolchain/bin/../lib/gcc/arm-none-eabi/6.3.1/thumb/v6-m\libgcc.a(_dvmd_tls.o)
                0x00002660                __aeabi_idiv0
                0x00002660                __aeabi_ldiv0
 .text.__libc_init_array
                0x00002664       0x48 c:/program files (x86)/atmel/studio/7.0/toolchain/arm/arm-gnu-toolchain/bin/../lib/gcc/arm-none-eabi/6.3.1/../../../../arm-none-eabi/lib/thumb/v6-m\libc_nano.a(lib_a-init.o)
                0x00002664                __libc_init_array
 .text.memset   0x000026ac       0x10 c:/program files (x86)/atmel/studio/7.0/toolchain/arm/arm-gnu-toolchain/bin/../lib/gcc/arm-none-eabi/6.3.1/../../../../arm-none-eabi/lib/thumb/v6-m\libc_nano.a(lib_a-memset.o)
                0x000026ac                memset
 *(.glue_7t)
 .glue_7t       0x000026bc        0x0 linker stubs
 *(.glue_7)
 .glue_7        0x000026bc        0x0 linker stubs
 *(.rodata .rodata* .gnu.linkonce.r.*)
 .rodata        0x000026bc       0x18 src/ASF/sam0/drivers/sercom/sercom.o
 .rodata        0x000026d4        0x6 src/ASF/sam0/drivers/sercom/sercom_interrupt.o
 *fill*         0x000026da        0x2 
 .rodata.system_clock_source_get_hz
                0x000026dc       0x24 src/ASF/sam0/drivers/system/clock/clock_samd21_r21_da_ha1/clock.o
 .rodata.system_clock_source_enable
                0x00002700       0x24 src/ASF/sam0/drivers/system/clock/clock_samd21_r21_da_ha1/clock.o
 *(.ARM.extab* .gnu.linkonce.armextab.*)
                0x00002724                . = ALIGN (0x4)
 *(.init)
 .init          0x00002724        0x4 c:/program files (x86)/atmel/studio/7.0/toolchain/arm/arm-gnu-toolchain/bin/../lib/gcc/arm-none-eabi/6.3.1/thumb/v6-m/crti.o
                0x00002724                _init
 .init          0x00002728        0x8 c:/program files (x86)/atmel/studio/7.0/toolchain/arm/arm-gnu-toolchain/bin/../lib/gcc/arm-none-eabi/6.3.1/thumb/v6-m/crtn.o
                0x00002730                . = ALIGN (0x4)
                0x00002730                __preinit_array_start = .
 *(.preinit_array)
                0x00002730                __preinit_array_end = .
                0x00002730                . = ALIGN (0x4)
                0x00002730                __init_array_start = .
 *(SORT(.init_array.*))
 *(.init_array)
 .init_array    0x00002730        0x4 c:/program files (x86)/atmel/studio/7.0/toolchain/arm/arm-gnu-toolchain/bin/../lib/gcc/arm-none-eabi/6.3.1/thumb/v6-m/crtbegin.o
                0x00002734                __init_array_end = .
                0x00002734                . = ALIGN (0x4)
 *crtbegin.o(.ctors)
 *(EXCLUDE_FILE(*crtend.o) .ctors)
 *(SORT(.ctors.*))
 *crtend.o(.ctors)
                0x00002734                . = ALIGN (0x4)
 *(.fini)
 .fini          0x00002734        0x4 c:/program files (x86)/atmel/studio/7.0/toolchain/arm/arm-gnu-toolchain/bin/../lib/gcc/arm-none-eabi/6.3.1/thumb/v6-m/crti.o
                0x00002734                _fini
 .fini          0x00002738        0x8 c:/program files (x86)/atmel/studio/7.0/toolchain/arm/arm-gnu-toolchain/bin/../lib/gcc/arm-none-eabi/6.3.1/thumb/v6-m/crtn.o
                0x00002740                . = ALIGN (0x4)
                0x00002740                __fini_array_start = .
 *(.fini_array)
 .fini_array    0x00002740        0x4 c:/program files (x86)/atmel/studio/7.0/toolchain/arm/arm-gnu-toolchain/bin/../lib/gcc/arm-none-eabi/6.3.1/thumb/v6-m/crtbegin.o
 *(SORT(.fini_array.*))
                0x00002744                __fini_array_end = .
 *crtbegin.o(.dtors)
 *(EXCLUDE_FILE(*crtend.o) .dtors)
 *(SORT(.dtors.*))
 *crtend.o(.dtors)
                0x00002744                . = ALIGN (0x4)
                0x00002744                _efixed = .
                [!provide]                PROVIDE (__exidx_start, .)

.vfp11_veneer   0x00002744        0x0
 .vfp11_veneer  0x00002744        0x0 linker stubs

.v4_bx          0x00002744        0x0
 .v4_bx         0x00002744        0x0 linker stubs

.iplt           0x00002744        0x0
 .iplt          0x00002744        0x0 c:/program files (x86)/atmel/studio/7.0/toolchain/arm/arm-gnu-toolchain/bin/../lib/gcc/arm-none-eabi/6.3.1/thumb/v6-m/crtbegin.o

.eh_frame       0x00002744        0x0
 .eh_frame      0x00002744        0x0 c:/program files (x86)/atmel/studio/7.0/toolchain/arm/arm-gnu-toolchain/bin/../lib/gcc/arm-none-eabi/6.3.1/thumb/v6-m/crtbegin.o

.rel.dyn        0x00002744        0x0
 .rel.iplt      0x00002744        0x0 c:/program files (x86)/atmel/studio/7.0/toolchain/arm/arm-gnu-toolchain/bin/../lib/gcc/arm-none-eabi/6.3.1/thumb/v6-m/crtbegin.o

.jcr            0x00002744        0x0
 .jcr           0x00002744        0x0 c:/program files (x86)/atmel/studio/7.0/toolchain/arm/arm-gnu-toolchain/bin/../lib/gcc/arm-none-eabi/6.3.1/thumb/v6-m/crtbegin.o

.igot.plt       0x00002744        0x0
 .igot.plt      0x00002744        0x0 c:/program files (x86)/atmel/studio/7.0/toolchain/arm/arm-gnu-toolchain/bin/../lib/gcc/arm-none-eabi/6.3.1/thumb/v6-m/crtbegin.o

.ARM.exidx
 *(.ARM.exidx* .gnu.linkonce.armexidx.*)
                [!provide]                PROVIDE (__exidx_end, .)
                0x00002744                . = ALIGN (0x4)
                0x00002744                _etext = .

.relocate       0x20000000        0x4 load address 0x00002744
                0x20000000                . = ALIGN (0x4)
                0x20000000                _srelocate = .
 *(.ramfunc .ramfunc.*)
 *(.data .data.*)
 .data.g_interrupt_enabled
                0x20000000        0x1 src/ASF/common/utils/interrupt/interrupt_sam_nvic.o
                0x20000000                g_interrupt_enabled
                0x20000004                . = ALIGN (0x4)
 *fill*         0x20000001        0x3 
                0x20000004                _erelocate = .

.bss            0x20000004       0xc4 load address 0x00002748
                0x20000004                . = ALIGN (0x4)
                0x20000004                _sbss = .
                0x20000004                _szero = .
 *(.bss .bss.*)
 .bss           0x20000004       0x1c c:/program files (x86)/atmel/studio/7.0/toolchain/arm/arm-gnu-toolchain/bin/../lib/gcc/arm-none-eabi/6.3.1/thumb/v6-m/crtbegin.o
 .bss._nvm_dev  0x20000020        0x6 src/ASF/sam0/drivers/nvm/nvm.o
 *fill*         0x20000026        0x2 
 .bss.cpu_irq_critical_section_counter
                0x20000028        0x4 src/ASF/common/utils/interrupt/interrupt_sam_nvic.o
 .bss.cpu_irq_prev_interrupt_state
                0x2000002c        0x1 src/ASF/common/utils/interrupt/interrupt_sam_nvic.o
 *fill*         0x2000002d        0x3 
 .bss._sercom_config
                0x20000030        0x2 src/ASF/sam0/drivers/sercom/sercom.o
 .bss._handler_table_initialized
                0x20000032        0x1 src/ASF/sam0/drivers/sercom/sercom_interrupt.o
 *fill*         0x20000033        0x1 
 .bss._sercom_interrupt_handlers
                0x20000034       0x18 src/ASF/sam0/drivers/sercom/sercom_interrupt.o
 .bss._system_clock_inst
                0x2000004c       0x18 src/ASF/sam0/drivers/system/clock/clock_samd21_r21_da_ha1/clock.o
 *(COMMON)
 COMMON         0x20000064       0x18 src/ASF/sam0/drivers/sercom/sercom_interrupt.o
                0x20000064                _sercom_instances
 COMMON         0x2000007c        0x2 src/ASF/sam0/drivers/sercom/spi/spi_interrupt.o
                0x2000007c                dummy_write
 *fill*         0x2000007e        0x2 
 COMMON         0x20000080        0x4 src/ASF/sam0/drivers/wdt/wdt_callback.o
                0x20000080                wdt_early_warning_callback
 COMMON         0x20000084       0x44 src/main.o
                0x20000084                at25dfx_chip
                0x2000008c                at25dfx_spi
                0x200000c8                . = ALIGN (0x4)
                0x200000c8                _ebss = .
                0x200000c8                _ezero = .

.stack          0x200000c8     0x2000 load address 0x0000280c
                0x200000c8                . = ALIGN (0x8)
                0x200000c8                _sstack = .
                0x200020c8                . = (. + STACK_SIZE)
 *fill*         0x200000c8     0x2000 
                0x200020c8                . = ALIGN (0x8)
                0x200020c8                _estack = .
                0x200020c8                . = ALIGN (0x4)
                0x200020c8                _end = .
OUTPUT(DroneDADBootloader.elf elf32-littlearm)

.ARM.attributes
                0x00000000       0x28
 .ARM.attributes
                0x00000000       0x1e c:/program files (x86)/atmel/studio/7.0/toolchain/arm/arm-gnu-toolchain/bin/../lib/gcc/arm-none-eabi/6.3.1/thumb/v6-m/crti.o
 .ARM.attributes
                0x0000001e       0x2c c:/program files (x86)/atmel/studio/7.0/toolchain/arm/arm-gnu-toolchain/bin/../lib/gcc/arm-none-eabi/6.3.1/thumb/v6-m/crtbegin.o
 .ARM.attributes
                0x0000004a       0x32 src/ASF/sam0/drivers/nvm/nvm.o
 .ARM.attributes
                0x0000007c       0x32 src/ASF/sam0/drivers/port/port.o
 .ARM.attributes
                0x000000ae       0x32 src/ASF/common2/boards/user_board/init.o
 .ARM.attributes
                0x000000e0       0x32 src/ASF/common/utils/interrupt/interrupt_sam_nvic.o
 .ARM.attributes
                0x00000112       0x32 src/ASF/sam0/drivers/sercom/sercom.o
 .ARM.attributes
                0x00000144       0x32 src/ASF/sam0/drivers/sercom/sercom_interrupt.o
 .ARM.attributes
                0x00000176       0x32 src/ASF/sam0/drivers/sercom/spi/spi.o
 .ARM.attributes
                0x000001a8       0x32 src/ASF/sam0/drivers/sercom/spi/spi_interrupt.o
 .ARM.attributes
                0x000001da       0x32 src/ASF/sam0/drivers/system/clock/clock_samd21_r21_da_ha1/clock.o
 .ARM.attributes
                0x0000020c       0x32 src/ASF/sam0/drivers/system/clock/clock_samd21_r21_da_ha1/gclk.o
 .ARM.attributes
                0x0000023e       0x32 src/ASF/sam0/drivers/system/pinmux/pinmux.o
 .ARM.attributes
                0x00000270       0x32 src/ASF/sam0/drivers/system/system.o
 .ARM.attributes
                0x000002a2       0x32 src/ASF/sam0/drivers/wdt/wdt.o
 .ARM.attributes
                0x000002d4       0x32 src/ASF/sam0/drivers/wdt/wdt_callback.o
 .ARM.attributes
                0x00000306       0x32 src/ASF/sam0/utils/cmsis/samd21/source/gcc/startup_samd21.o
 .ARM.attributes
                0x00000338       0x32 src/main.o
 .ARM.attributes
                0x0000036a       0x1e c:/program files (x86)/atmel/studio/7.0/toolchain/arm/arm-gnu-toolchain/bin/../lib/gcc/arm-none-eabi/6.3.1/thumb/v6-m\libgcc.a(_udivsi3.o)
 .ARM.attributes
                0x00000388       0x1e c:/program files (x86)/atmel/studio/7.0/toolchain/arm/arm-gnu-toolchain/bin/../lib/gcc/arm-none-eabi/6.3.1/thumb/v6-m\libgcc.a(_dvmd_tls.o)
 .ARM.attributes
                0x000003a6       0x2c c:/program files (x86)/atmel/studio/7.0/toolchain/arm/arm-gnu-toolchain/bin/../lib/gcc/arm-none-eabi/6.3.1/../../../../arm-none-eabi/lib/thumb/v6-m\libc_nano.a(lib_a-init.o)
 .ARM.attributes
                0x000003d2       0x2c c:/program files (x86)/atmel/studio/7.0/toolchain/arm/arm-gnu-toolchain/bin/../lib/gcc/arm-none-eabi/6.3.1/../../../../arm-none-eabi/lib/thumb/v6-m\libc_nano.a(lib_a-memset.o)
 .ARM.attributes
                0x000003fe       0x1e c:/program files (x86)/atmel/studio/7.0/toolchain/arm/arm-gnu-toolchain/bin/../lib/gcc/arm-none-eabi/6.3.1/thumb/v6-m/crtn.o

.comment        0x00000000       0x59
 .comment       0x00000000       0x59 src/ASF/sam0/drivers/nvm/nvm.o
                                 0x5a (size before relaxing)
 .comment       0x00000059       0x5a src/ASF/sam0/drivers/port/port.o
 .comment       0x00000059       0x5a src/ASF/common2/boards/user_board/init.o
 .comment       0x00000059       0x5a src/ASF/common/utils/interrupt/interrupt_sam_nvic.o
 .comment       0x00000059       0x5a src/ASF/sam0/drivers/sercom/sercom.o
 .comment       0x00000059       0x5a src/ASF/sam0/drivers/sercom/sercom_interrupt.o
 .comment       0x00000059       0x5a src/ASF/sam0/drivers/sercom/spi/spi.o
 .comment       0x00000059       0x5a src/ASF/sam0/drivers/sercom/spi/spi_interrupt.o
 .comment       0x00000059       0x5a src/ASF/sam0/drivers/system/clock/clock_samd21_r21_da_ha1/clock.o
 .comment       0x00000059       0x5a src/ASF/sam0/drivers/system/clock/clock_samd21_r21_da_ha1/gclk.o
 .comment       0x00000059       0x5a src/ASF/sam0/drivers/system/pinmux/pinmux.o
 .comment       0x00000059       0x5a src/ASF/sam0/drivers/system/system.o
 .comment       0x00000059       0x5a src/ASF/sam0/drivers/wdt/wdt.o
 .comment       0x00000059       0x5a src/ASF/sam0/drivers/wdt/wdt_callback.o
 .comment       0x00000059       0x5a src/ASF/sam0/utils/cmsis/samd21/source/gcc/startup_samd21.o
 .comment       0x00000059       0x5a src/main.o

.debug_info     0x00000000    0x261d7
 .debug_info    0x00000000     0x247d src/ASF/sam0/drivers/nvm/nvm.o
 .debug_info    0x0000247d     0x127c src/ASF/sam0/drivers/port/port.o
 .debug_info    0x000036f9      0xac2 src/ASF/common2/boards/user_board/init.o
 .debug_info    0x000041bb      0xb0c src/ASF/common/utils/interrupt/interrupt_sam_nvic.o
 .debug_info    0x00004cc7     0x2d96 src/ASF/sam0/drivers/sercom/sercom.o
 .debug_info    0x00007a5d     0x2b6d src/ASF/sam0/drivers/sercom/sercom_interrupt.o
 .debug_info    0x0000a5ca     0x58ae src/ASF/sam0/drivers/sercom/spi/spi.o
 .debug_info    0x0000fe78     0x309b src/ASF/sam0/drivers/sercom/spi/spi_interrupt.o
 .debug_info    0x00012f13     0x36f9 src/ASF/sam0/drivers/system/clock/clock_samd21_r21_da_ha1/clock.o
 .debug_info    0x0001660c     0x1d15 src/ASF/sam0/drivers/system/clock/clock_samd21_r21_da_ha1/gclk.o
 .debug_info    0x00018321     0x13c0 src/ASF/sam0/drivers/system/pinmux/pinmux.o
 .debug_info    0x000196e1      0xa74 src/ASF/sam0/drivers/system/system.o
 .debug_info    0x0001a155     0x1a42 src/ASF/sam0/drivers/wdt/wdt.o
 .debug_info    0x0001bb97     0x1286 src/ASF/sam0/drivers/wdt/wdt_callback.o
 .debug_info    0x0001ce1d     0x3a4c src/ASF/sam0/utils/cmsis/samd21/source/gcc/startup_samd21.o
 .debug_info    0x00020869     0x596e src/main.o

.debug_abbrev   0x00000000     0x2f03
 .debug_abbrev  0x00000000      0x36f src/ASF/sam0/drivers/nvm/nvm.o
 .debug_abbrev  0x0000036f      0x27b src/ASF/sam0/drivers/port/port.o
 .debug_abbrev  0x000005ea      0x1c3 src/ASF/common2/boards/user_board/init.o
 .debug_abbrev  0x000007ad      0x22e src/ASF/common/utils/interrupt/interrupt_sam_nvic.o
 .debug_abbrev  0x000009db      0x30e src/ASF/sam0/drivers/sercom/sercom.o
 .debug_abbrev  0x00000ce9      0x2bf src/ASF/sam0/drivers/sercom/sercom_interrupt.o
 .debug_abbrev  0x00000fa8      0x3dd src/ASF/sam0/drivers/sercom/spi/spi.o
 .debug_abbrev  0x00001385      0x33b src/ASF/sam0/drivers/sercom/spi/spi_interrupt.o
 .debug_abbrev  0x000016c0      0x3ab src/ASF/sam0/drivers/system/clock/clock_samd21_r21_da_ha1/clock.o
 .debug_abbrev  0x00001a6b      0x35e src/ASF/sam0/drivers/system/clock/clock_samd21_r21_da_ha1/gclk.o
 .debug_abbrev  0x00001dc9      0x2f1 src/ASF/sam0/drivers/system/pinmux/pinmux.o
 .debug_abbrev  0x000020ba      0x1e1 src/ASF/sam0/drivers/system/system.o
 .debug_abbrev  0x0000229b      0x2db src/ASF/sam0/drivers/wdt/wdt.o
 .debug_abbrev  0x00002576      0x2de src/ASF/sam0/drivers/wdt/wdt_callback.o
 .debug_abbrev  0x00002854      0x227 src/ASF/sam0/utils/cmsis/samd21/source/gcc/startup_samd21.o
 .debug_abbrev  0x00002a7b      0x488 src/main.o

.debug_loc      0x00000000     0x2544
 .debug_loc     0x00000000      0x332 src/ASF/sam0/drivers/nvm/nvm.o
 .debug_loc     0x00000332       0xa8 src/ASF/sam0/drivers/port/port.o
 .debug_loc     0x000003da       0x2c src/ASF/common2/boards/user_board/init.o
 .debug_loc     0x00000406       0x64 src/ASF/common/utils/interrupt/interrupt_sam_nvic.o
 .debug_loc     0x0000046a      0x18c src/ASF/sam0/drivers/sercom/sercom.o
 .debug_loc     0x000005f6      0x1b0 src/ASF/sam0/drivers/sercom/sercom_interrupt.o
 .debug_loc     0x000007a6      0x5e0 src/ASF/sam0/drivers/sercom/spi/spi.o
 .debug_loc     0x00000d86      0x310 src/ASF/sam0/drivers/sercom/spi/spi_interrupt.o
 .debug_loc     0x00001096      0x476 src/ASF/sam0/drivers/system/clock/clock_samd21_r21_da_ha1/clock.o
 .debug_loc     0x0000150c      0x388 src/ASF/sam0/drivers/system/clock/clock_samd21_r21_da_ha1/gclk.o
 .debug_loc     0x00001894      0x150 src/ASF/sam0/drivers/system/pinmux/pinmux.o
 .debug_loc     0x000019e4       0x58 src/ASF/sam0/drivers/system/system.o
 .debug_loc     0x00001a3c      0x118 src/ASF/sam0/drivers/wdt/wdt.o
 .debug_loc     0x00001b54      0x17c src/ASF/sam0/drivers/wdt/wdt_callback.o
 .debug_loc     0x00001cd0       0x64 src/ASF/sam0/utils/cmsis/samd21/source/gcc/startup_samd21.o
 .debug_loc     0x00001d34      0x810 src/main.o

.debug_aranges  0x00000000      0x700
 .debug_aranges
                0x00000000       0x90 src/ASF/sam0/drivers/nvm/nvm.o
 .debug_aranges
                0x00000090       0x30 src/ASF/sam0/drivers/port/port.o
 .debug_aranges
                0x000000c0       0x20 src/ASF/common2/boards/user_board/init.o
 .debug_aranges
                0x000000e0       0x28 src/ASF/common/utils/interrupt/interrupt_sam_nvic.o
 .debug_aranges
                0x00000108       0x50 src/ASF/sam0/drivers/sercom/sercom.o
 .debug_aranges
                0x00000158       0x60 src/ASF/sam0/drivers/sercom/sercom_interrupt.o
 .debug_aranges
                0x000001b8       0xf0 src/ASF/sam0/drivers/sercom/spi/spi.o
 .debug_aranges
                0x000002a8       0x88 src/ASF/sam0/drivers/sercom/spi/spi_interrupt.o
 .debug_aranges
                0x00000330       0xc0 src/ASF/sam0/drivers/system/clock/clock_samd21_r21_da_ha1/clock.o
 .debug_aranges
                0x000003f0       0xa0 src/ASF/sam0/drivers/system/clock/clock_samd21_r21_da_ha1/gclk.o
 .debug_aranges
                0x00000490       0x48 src/ASF/sam0/drivers/system/pinmux/pinmux.o
 .debug_aranges
                0x000004d8       0x28 src/ASF/sam0/drivers/system/system.o
 .debug_aranges
                0x00000500       0x40 src/ASF/sam0/drivers/wdt/wdt.o
 .debug_aranges
                0x00000540       0x50 src/ASF/sam0/drivers/wdt/wdt_callback.o
 .debug_aranges
                0x00000590       0x28 src/ASF/sam0/utils/cmsis/samd21/source/gcc/startup_samd21.o
 .debug_aranges
                0x000005b8      0x148 src/main.o

.debug_ranges   0x00000000      0x600
 .debug_ranges  0x00000000       0x80 src/ASF/sam0/drivers/nvm/nvm.o
 .debug_ranges  0x00000080       0x20 src/ASF/sam0/drivers/port/port.o
 .debug_ranges  0x000000a0       0x10 src/ASF/common2/boards/user_board/init.o
 .debug_ranges  0x000000b0       0x18 src/ASF/common/utils/interrupt/interrupt_sam_nvic.o
 .debug_ranges  0x000000c8       0x40 src/ASF/sam0/drivers/sercom/sercom.o
 .debug_ranges  0x00000108       0x50 src/ASF/sam0/drivers/sercom/sercom_interrupt.o
 .debug_ranges  0x00000158       0xe0 src/ASF/sam0/drivers/sercom/spi/spi.o
 .debug_ranges  0x00000238       0x78 src/ASF/sam0/drivers/sercom/spi/spi_interrupt.o
 .debug_ranges  0x000002b0       0xb0 src/ASF/sam0/drivers/system/clock/clock_samd21_r21_da_ha1/clock.o
 .debug_ranges  0x00000360       0x90 src/ASF/sam0/drivers/system/clock/clock_samd21_r21_da_ha1/gclk.o
 .debug_ranges  0x000003f0       0x38 src/ASF/sam0/drivers/system/pinmux/pinmux.o
 .debug_ranges  0x00000428       0x18 src/ASF/sam0/drivers/system/system.o
 .debug_ranges  0x00000440       0x30 src/ASF/sam0/drivers/wdt/wdt.o
 .debug_ranges  0x00000470       0x40 src/ASF/sam0/drivers/wdt/wdt_callback.o
 .debug_ranges  0x000004b0       0x18 src/ASF/sam0/utils/cmsis/samd21/source/gcc/startup_samd21.o
 .debug_ranges  0x000004c8      0x138 src/main.o

.debug_macro    0x00000000     0x5cf9
 .debug_macro   0x00000000      0x599 src/ASF/sam0/drivers/nvm/nvm.o
 .debug_macro   0x00000599      0x518 src/ASF/sam0/drivers/port/port.o
 .debug_macro   0x00000ab1      0x6ae src/ASF/common2/boards/user_board/init.o
 .debug_macro   0x0000115f       0x18 src/ASF/common2/boards/user_board/init.o
 .debug_macro   0x00001177      0x2c6 src/ASF/common2/boards/user_board/init.o
 .debug_macro   0x0000143d       0x11 src/ASF/common2/boards/user_board/init.o
 .debug_macro   0x0000144e       0x11 src/ASF/common2/boards/user_board/init.o
 .debug_macro   0x0000145f       0x49 src/ASF/common2/boards/user_board/init.o
 .debug_macro   0x000014a8      0x4fe src/ASF/common/utils/interrupt/interrupt_sam_nvic.o
 .debug_macro   0x000019a6      0x58b src/ASF/sam0/drivers/sercom/sercom.o
 .debug_macro   0x00001f31      0x588 src/ASF/sam0/drivers/sercom/sercom_interrupt.o
 .debug_macro   0x000024b9      0x5cf src/ASF/sam0/drivers/sercom/spi/spi.o
 .debug_macro   0x00002a88      0x5d9 src/ASF/sam0/drivers/sercom/spi/spi_interrupt.o
 .debug_macro   0x00003061      0x56f src/ASF/sam0/drivers/system/clock/clock_samd21_r21_da_ha1/clock.o
 .debug_macro   0x000035d0      0x29d src/ASF/sam0/drivers/system/clock/clock_samd21_r21_da_ha1/clock.o
 .debug_macro   0x0000386d      0x534 src/ASF/sam0/drivers/system/clock/clock_samd21_r21_da_ha1/gclk.o
 .debug_macro   0x00003da1      0x50e src/ASF/sam0/drivers/system/pinmux/pinmux.o
 .debug_macro   0x000042af       0x12 src/ASF/sam0/drivers/system/pinmux/pinmux.o
 .debug_macro   0x000042c1      0x541 src/ASF/sam0/drivers/system/system.o
 .debug_macro   0x00004802      0x55c src/ASF/sam0/drivers/wdt/wdt.o
 .debug_macro   0x00004d5e      0x575 src/ASF/sam0/drivers/wdt/wdt_callback.o
 .debug_macro   0x000052d3      0x2e5 src/ASF/sam0/utils/cmsis/samd21/source/gcc/startup_samd21.o
 .debug_macro   0x000055b8       0x3a src/ASF/sam0/utils/cmsis/samd21/source/gcc/startup_samd21.o
 .debug_macro   0x000055f2      0x707 src/main.o

.debug_line     0x00000000     0xbd81
 .debug_line    0x00000000      0xda1 src/ASF/sam0/drivers/nvm/nvm.o
 .debug_line    0x00000da1      0x8f9 src/ASF/sam0/drivers/port/port.o
 .debug_line    0x0000169a      0xe7f src/ASF/common2/boards/user_board/init.o
 .debug_line    0x00002519      0x8c7 src/ASF/common/utils/interrupt/interrupt_sam_nvic.o
 .debug_line    0x00002de0      0xc13 src/ASF/sam0/drivers/sercom/sercom.o
 .debug_line    0x000039f3      0xb75 src/ASF/sam0/drivers/sercom/sercom_interrupt.o
 .debug_line    0x00004568     0x1024 src/ASF/sam0/drivers/sercom/spi/spi.o
 .debug_line    0x0000558c      0xd38 src/ASF/sam0/drivers/sercom/spi/spi_interrupt.o
 .debug_line    0x000062c4      0xcad src/ASF/sam0/drivers/system/clock/clock_samd21_r21_da_ha1/clock.o
 .debug_line    0x00006f71      0xb9e src/ASF/sam0/drivers/system/clock/clock_samd21_r21_da_ha1/gclk.o
 .debug_line    0x00007b0f      0x96b src/ASF/sam0/drivers/system/pinmux/pinmux.o
 .debug_line    0x0000847a      0x9ea src/ASF/sam0/drivers/system/system.o
 .debug_line    0x00008e64      0xab8 src/ASF/sam0/drivers/wdt/wdt.o
 .debug_line    0x0000991c      0xb3b src/ASF/sam0/drivers/wdt/wdt_callback.o
 .debug_line    0x0000a457      0x650 src/ASF/sam0/utils/cmsis/samd21/source/gcc/startup_samd21.o
 .debug_line    0x0000aaa7     0x12da src/main.o

.debug_str      0x00000000    0x87c0c
 .debug_str     0x00000000    0x801ec src/ASF/sam0/drivers/nvm/nvm.o
                              0x80be2 (size before relaxing)
 .debug_str     0x000801ec      0x3f2 src/ASF/sam0/drivers/port/port.o
                              0x7f858 (size before relaxing)
 .debug_str     0x000805de     0x1145 src/ASF/common2/boards/user_board/init.o
                              0x80878 (size before relaxing)
 .debug_str     0x00081723       0x66 src/ASF/common/utils/interrupt/interrupt_sam_nvic.o
                              0x7f42c (size before relaxing)
 .debug_str     0x00081789      0xaea src/ASF/sam0/drivers/sercom/sercom.o
                              0x80b0d (size before relaxing)
 .debug_str     0x00082273      0x533 src/ASF/sam0/drivers/sercom/sercom_interrupt.o
                              0x80970 (size before relaxing)
 .debug_str     0x000827a6      0xcbc src/ASF/sam0/drivers/sercom/spi/spi.o
                              0x81ed8 (size before relaxing)
 .debug_str     0x00083462      0x194 src/ASF/sam0/drivers/sercom/spi/spi_interrupt.o
                              0x80dba (size before relaxing)
 .debug_str     0x000835f6     0x2684 src/ASF/sam0/drivers/system/clock/clock_samd21_r21_da_ha1/clock.o
                              0x825c5 (size before relaxing)
 .debug_str     0x00085c7a      0x1fa src/ASF/sam0/drivers/system/clock/clock_samd21_r21_da_ha1/gclk.o
                              0x800ef (size before relaxing)
 .debug_str     0x00085e74      0x179 src/ASF/sam0/drivers/system/pinmux/pinmux.o
                              0x7f8ce (size before relaxing)
 .debug_str     0x00085fed       0x47 src/ASF/sam0/drivers/system/system.o
                              0x7f509 (size before relaxing)
 .debug_str     0x00086034      0x236 src/ASF/sam0/drivers/wdt/wdt.o
                              0x7fe45 (size before relaxing)
 .debug_str     0x0008626a       0xec src/ASF/sam0/drivers/wdt/wdt_callback.o
                              0x80059 (size before relaxing)
 .debug_str     0x00086356      0xf28 src/ASF/sam0/utils/cmsis/samd21/source/gcc/startup_samd21.o
                              0x6b2e9 (size before relaxing)
 .debug_str     0x0008727e      0x98e src/main.o
                              0x833f4 (size before relaxing)

.debug_frame    0x00000000     0x1718
 .debug_frame   0x00000000      0x1e8 src/ASF/sam0/drivers/nvm/nvm.o
 .debug_frame   0x000001e8       0x70 src/ASF/sam0/drivers/port/port.o
 .debug_frame   0x00000258       0x2c src/ASF/common2/boards/user_board/init.o
 .debug_frame   0x00000284       0x4c src/ASF/common/utils/interrupt/interrupt_sam_nvic.o
 .debug_frame   0x000002d0       0xf8 src/ASF/sam0/drivers/sercom/sercom.o
 .debug_frame   0x000003c8      0x118 src/ASF/sam0/drivers/sercom/sercom_interrupt.o
 .debug_frame   0x000004e0      0x36c src/ASF/sam0/drivers/sercom/spi/spi.o
 .debug_frame   0x0000084c      0x1d0 src/ASF/sam0/drivers/sercom/spi/spi_interrupt.o
 .debug_frame   0x00000a1c      0x2a4 src/ASF/sam0/drivers/system/clock/clock_samd21_r21_da_ha1/clock.o
 .debug_frame   0x00000cc0      0x220 src/ASF/sam0/drivers/system/clock/clock_samd21_r21_da_ha1/gclk.o
 .debug_frame   0x00000ee0       0xd0 src/ASF/sam0/drivers/system/pinmux/pinmux.o
 .debug_frame   0x00000fb0       0x48 src/ASF/sam0/drivers/system/system.o
 .debug_frame   0x00000ff8       0xb0 src/ASF/sam0/drivers/wdt/wdt.o
 .debug_frame   0x000010a8       0xec src/ASF/sam0/drivers/wdt/wdt_callback.o
 .debug_frame   0x00001194       0x4c src/ASF/sam0/utils/cmsis/samd21/source/gcc/startup_samd21.o
 .debug_frame   0x000011e0      0x4cc src/main.o
 .debug_frame   0x000016ac       0x20 c:/program files (x86)/atmel/studio/7.0/toolchain/arm/arm-gnu-toolchain/bin/../lib/gcc/arm-none-eabi/6.3.1/thumb/v6-m\libgcc.a(_udivsi3.o)
 .debug_frame   0x000016cc       0x2c c:/program files (x86)/atmel/studio/7.0/toolchain/arm/arm-gnu-toolchain/bin/../lib/gcc/arm-none-eabi/6.3.1/../../../../arm-none-eabi/lib/thumb/v6-m\libc_nano.a(lib_a-init.o)
 .debug_frame   0x000016f8       0x20 c:/program files (x86)/atmel/studio/7.0/toolchain/arm/arm-gnu-toolchain/bin/../lib/gcc/arm-none-eabi/6.3.1/../../../../arm-none-eabi/lib/thumb/v6-m\libc_nano.a(lib_a-memset.o)

Cross Reference Table

Symbol                                            File
AC_Handler                                        src/ASF/sam0/utils/cmsis/samd21/source/gcc/startup_samd21.o
ADC_Handler                                       src/ASF/sam0/utils/cmsis/samd21/source/gcc/startup_samd21.o
DAC_Handler                                       src/ASF/sam0/utils/cmsis/samd21/source/gcc/startup_samd21.o
DMAC_Handler                                      src/ASF/sam0/utils/cmsis/samd21/source/gcc/startup_samd21.o
DRONEDAD_BOOT_SIGNATURE                           src/main.o
Dummy_Handler                                     src/ASF/sam0/utils/cmsis/samd21/source/gcc/startup_samd21.o
EIC_Handler                                       src/ASF/sam0/utils/cmsis/samd21/source/gcc/startup_samd21.o
EVSYS_Handler                                     src/ASF/sam0/utils/cmsis/samd21/source/gcc/startup_samd21.o
HardFault_Handler                                 src/ASF/sam0/utils/cmsis/samd21/source/gcc/startup_samd21.o
I2S_Handler                                       src/ASF/sam0/utils/cmsis/samd21/source/gcc/startup_samd21.o
NMI_Handler                                       src/ASF/sam0/utils/cmsis/samd21/source/gcc/startup_samd21.o
NVMCTRL_Handler                                   src/ASF/sam0/utils/cmsis/samd21/source/gcc/startup_samd21.o
PM_Handler                                        src/ASF/sam0/utils/cmsis/samd21/source/gcc/startup_samd21.o
PTC_Handler                                       src/ASF/sam0/utils/cmsis/samd21/source/gcc/startup_samd21.o
PendSV_Handler                                    src/ASF/sam0/utils/cmsis/samd21/source/gcc/startup_samd21.o
RTC_Handler                                       src/ASF/sam0/utils/cmsis/samd21/source/gcc/startup_samd21.o
Reset_Handler                                     src/ASF/sam0/utils/cmsis/samd21/source/gcc/startup_samd21.o
SERCOM0_Handler                                   src/ASF/sam0/drivers/sercom/sercom_interrupt.o
SERCOM1_Handler                                   src/ASF/sam0/drivers/sercom/sercom_interrupt.o
SERCOM2_Handler                                   src/ASF/sam0/drivers/sercom/sercom_interrupt.o
SERCOM3_Handler                                   src/ASF/sam0/drivers/sercom/sercom_interrupt.o
SERCOM4_Handler                                   src/ASF/sam0/drivers/sercom/sercom_interrupt.o
SERCOM5_Handler                                   src/ASF/sam0/drivers/sercom/sercom_interrupt.o
SVC_Handler                                       src/ASF/sam0/utils/cmsis/samd21/source/gcc/startup_samd21.o
SYSCTRL_Handler                                   src/ASF/sam0/utils/cmsis/samd21/source/gcc/startup_samd21.o
SysTick_Handler                                   src/ASF/sam0/utils/cmsis/samd21/source/gcc/startup_samd21.o
SystemCoreClock                                   src/ASF/sam0/utils/cmsis/samd21/source/system_samd21.o
SystemCoreClockUpdate                             src/ASF/sam0/utils/cmsis/samd21/source/system_samd21.o
SystemInit                                        src/ASF/sam0/utils/cmsis/samd21/source/system_samd21.o
TC3_Handler                                       src/ASF/sam0/utils/cmsis/samd21/source/gcc/startup_samd21.o
TC4_Handler                                       src/ASF/sam0/utils/cmsis/samd21/source/gcc/startup_samd21.o
TC5_Handler                                       src/ASF/sam0/utils/cmsis/samd21/source/gcc/startup_samd21.o
TCC0_Handler                                      src/ASF/sam0/utils/cmsis/samd21/source/gcc/startup_samd21.o
TCC1_Handler                                      src/ASF/sam0/utils/cmsis/samd21/source/gcc/startup_samd21.o
TCC2_Handler                                      src/ASF/sam0/utils/cmsis/samd21/source/gcc/startup_samd21.o
USB_Handler                                       src/ASF/sam0/utils/cmsis/samd21/source/gcc/startup_samd21.o
WDT_Handler                                       src/ASF/sam0/drivers/wdt/wdt_callback.o
_Jv_RegisterClasses                               c:/program files (x86)/atmel/studio/7.0/toolchain/arm/arm-gnu-toolchain/bin/../lib/gcc/arm-none-eabi/6.3.1/thumb/v6-m/crtbegin.o
__aeabi_idiv0                                     c:/program files (x86)/atmel/studio/7.0/toolchain/arm/arm-gnu-toolchain/bin/../lib/gcc/arm-none-eabi/6.3.1/thumb/v6-m\libgcc.a(_dvmd_tls.o)
                                                  c:/program files (x86)/atmel/studio/7.0/toolchain/arm/arm-gnu-toolchain/bin/../lib/gcc/arm-none-eabi/6.3.1/thumb/v6-m\libgcc.a(_udivsi3.o)
__aeabi_ldiv0                                     c:/program files (x86)/atmel/studio/7.0/toolchain/arm/arm-gnu-toolchain/bin/../lib/gcc/arm-none-eabi/6.3.1/thumb/v6-m\libgcc.a(_dvmd_tls.o)
__aeabi_lmul                                      c:/program files (x86)/atmel/studio/7.0/toolchain/arm/arm-gnu-toolchain/bin/../lib/gcc/arm-none-eabi/6.3.1/thumb/v6-m\libgcc.a(_muldi3.o)
                                                  src/ASF/sam0/drivers/sercom/sercom.o
__aeabi_uidiv                                     c:/program files (x86)/atmel/studio/7.0/toolchain/arm/arm-gnu-toolchain/bin/../lib/gcc/arm-none-eabi/6.3.1/thumb/v6-m\libgcc.a(_udivsi3.o)
                                                  src/ASF/sam0/drivers/system/clock/clock_samd21_r21_da_ha1/gclk.o
                                                  src/ASF/sam0/drivers/system/clock/clock_samd21_r21_da_ha1/clock.o
                                                  src/ASF/sam0/drivers/nvm/nvm.o
__aeabi_uidivmod                                  c:/program files (x86)/atmel/studio/7.0/toolchain/arm/arm-gnu-toolchain/bin/../lib/gcc/arm-none-eabi/6.3.1/thumb/v6-m\libgcc.a(_udivsi3.o)
                                                  src/ASF/sam0/drivers/nvm/nvm.o
__bss_end__                                       c:/program files (x86)/atmel/studio/7.0/toolchain/arm/arm-gnu-toolchain/bin/../lib/gcc/arm-none-eabi/6.3.1/../../../../arm-none-eabi/lib/thumb/v6-m/crt0.o
__bss_start__                                     c:/program files (x86)/atmel/studio/7.0/toolchain/arm/arm-gnu-toolchain/bin/../lib/gcc/arm-none-eabi/6.3.1/../../../../arm-none-eabi/lib/thumb/v6-m/crt0.o
__call_exitprocs                                  c:/program files (x86)/atmel/studio/7.0/toolchain/arm/arm-gnu-toolchain/bin/../lib/gcc/arm-none-eabi/6.3.1/../../../../arm-none-eabi/lib/thumb/v6-m\libc_nano.a(lib_a-exit.o)
__deregister_frame_info                           c:/program files (x86)/atmel/studio/7.0/toolchain/arm/arm-gnu-toolchain/bin/../lib/gcc/arm-none-eabi/6.3.1/thumb/v6-m/crtbegin.o
__dso_handle                                      c:/program files (x86)/atmel/studio/7.0/toolchain/arm/arm-gnu-toolchain/bin/../lib/gcc/arm-none-eabi/6.3.1/thumb/v6-m/crtbegin.o
__init_array_end                                  c:/program files (x86)/atmel/studio/7.0/toolchain/arm/arm-gnu-toolchain/bin/../lib/gcc/arm-none-eabi/6.3.1/../../../../arm-none-eabi/lib/thumb/v6-m\libc_nano.a(lib_a-init.o)
__init_array_start                                c:/program files (x86)/atmel/studio/7.0/toolchain/arm/arm-gnu-toolchain/bin/../lib/gcc/arm-none-eabi/6.3.1/../../../../arm-none-eabi/lib/thumb/v6-m\libc_nano.a(lib_a-init.o)
__libc_fini_array                                 c:/program files (x86)/atmel/studio/7.0/toolchain/arm/arm-gnu-toolchain/bin/../lib/gcc/arm-none-eabi/6.3.1/../../../../arm-none-eabi/lib/thumb/v6-m/crt0.o
__libc_init_array                                 c:/program files (x86)/atmel/studio/7.0/toolchain/arm/arm-gnu-toolchain/bin/../lib/gcc/arm-none-eabi/6.3.1/../../../../arm-none-eabi/lib/thumb/v6-m\libc_nano.a(lib_a-init.o)
                                                  src/ASF/sam0/utils/cmsis/samd21/source/gcc/startup_samd21.o
                                                  c:/program files (x86)/atmel/studio/7.0/toolchain/arm/arm-gnu-toolchain/bin/../lib/gcc/arm-none-eabi/6.3.1/../../../../arm-none-eabi/lib/thumb/v6-m/crt0.o
__muldi3                                          c:/program files (x86)/atmel/studio/7.0/toolchain/arm/arm-gnu-toolchain/bin/../lib/gcc/arm-none-eabi/6.3.1/thumb/v6-m\libgcc.a(_muldi3.o)
__preinit_array_end                               c:/program files (x86)/atmel/studio/7.0/toolchain/arm/arm-gnu-toolchain/bin/../lib/gcc/arm-none-eabi/6.3.1/../../../../arm-none-eabi/lib/thumb/v6-m\libc_nano.a(lib_a-init.o)
__preinit_array_start                             c:/program files (x86)/atmel/studio/7.0/toolchain/arm/arm-gnu-toolchain/bin/../lib/gcc/arm-none-eabi/6.3.1/../../../../arm-none-eabi/lib/thumb/v6-m\libc_nano.a(lib_a-init.o)
__register_frame_info                             c:/program files (x86)/atmel/studio/7.0/toolchain/arm/arm-gnu-toolchain/bin/../lib/gcc/arm-none-eabi/6.3.1/thumb/v6-m/crtbegin.o
__sf_fake_stderr                                  c:/program files (x86)/atmel/studio/7.0/toolchain/arm/arm-gnu-toolchain/bin/../lib/gcc/arm-none-eabi/6.3.1/../../../../arm-none-eabi/lib/thumb/v6-m\libc_nano.a(lib_a-impure.o)
__sf_fake_stdin                                   c:/program files (x86)/atmel/studio/7.0/toolchain/arm/arm-gnu-toolchain/bin/../lib/gcc/arm-none-eabi/6.3.1/../../../../arm-none-eabi/lib/thumb/v6-m\libc_nano.a(lib_a-impure.o)
__sf_fake_stdout                                  c:/program files (x86)/atmel/studio/7.0/toolchain/arm/arm-gnu-toolchain/bin/../lib/gcc/arm-none-eabi/6.3.1/../../../../arm-none-eabi/lib/thumb/v6-m\libc_nano.a(lib_a-impure.o)
__stack                                           c:/program files (x86)/atmel/studio/7.0/toolchain/arm/arm-gnu-toolchain/bin/../lib/gcc/arm-none-eabi/6.3.1/../../../../arm-none-eabi/lib/thumb/v6-m/crt0.o
__udivsi3                                         c:/program files (x86)/atmel/studio/7.0/toolchain/arm/arm-gnu-toolchain/bin/../lib/gcc/arm-none-eabi/6.3.1/thumb/v6-m\libgcc.a(_udivsi3.o)
_close                                            src/ASF/sam0/utils/syscalls/gcc/syscalls.o
_end                                              src/ASF/sam0/utils/syscalls/gcc/syscalls.o
_erelocate                                        src/ASF/sam0/utils/cmsis/samd21/source/gcc/startup_samd21.o
_estack                                           src/ASF/sam0/utils/cmsis/samd21/source/gcc/startup_samd21.o
_etext                                            src/ASF/sam0/utils/cmsis/samd21/source/gcc/startup_samd21.o
_exit                                             src/ASF/sam0/utils/syscalls/gcc/syscalls.o
                                                  c:/program files (x86)/atmel/studio/7.0/toolchain/arm/arm-gnu-toolchain/bin/../lib/gcc/arm-none-eabi/6.3.1/../../../../arm-none-eabi/lib/thumb/v6-m\libc_nano.a(lib_a-exit.o)
_ezero                                            src/ASF/sam0/utils/cmsis/samd21/source/gcc/startup_samd21.o
_fini                                             c:/program files (x86)/atmel/studio/7.0/toolchain/arm/arm-gnu-toolchain/bin/../lib/gcc/arm-none-eabi/6.3.1/thumb/v6-m/crti.o
_fstat                                            src/ASF/sam0/utils/syscalls/gcc/syscalls.o
_getpid                                           src/ASF/sam0/utils/syscalls/gcc/syscalls.o
_global_impure_ptr                                c:/program files (x86)/atmel/studio/7.0/toolchain/arm/arm-gnu-toolchain/bin/../lib/gcc/arm-none-eabi/6.3.1/../../../../arm-none-eabi/lib/thumb/v6-m\libc_nano.a(lib_a-impure.o)
                                                  c:/program files (x86)/atmel/studio/7.0/toolchain/arm/arm-gnu-toolchain/bin/../lib/gcc/arm-none-eabi/6.3.1/../../../../arm-none-eabi/lib/thumb/v6-m\libc_nano.a(lib_a-exit.o)
_impure_ptr                                       c:/program files (x86)/atmel/studio/7.0/toolchain/arm/arm-gnu-toolchain/bin/../lib/gcc/arm-none-eabi/6.3.1/../../../../arm-none-eabi/lib/thumb/v6-m\libc_nano.a(lib_a-impure.o)
_init                                             c:/program files (x86)/atmel/studio/7.0/toolchain/arm/arm-gnu-toolchain/bin/../lib/gcc/arm-none-eabi/6.3.1/thumb/v6-m/crti.o
                                                  c:/program files (x86)/atmel/studio/7.0/toolchain/arm/arm-gnu-toolchain/bin/../lib/gcc/arm-none-eabi/6.3.1/../../../../arm-none-eabi/lib/thumb/v6-m\libc_nano.a(lib_a-init.o)
_isatty                                           src/ASF/sam0/utils/syscalls/gcc/syscalls.o
_kill                                             src/ASF/sam0/utils/syscalls/gcc/syscalls.o
_lseek                                            src/ASF/sam0/utils/syscalls/gcc/syscalls.o
_mainCRTStartup                                   c:/program files (x86)/atmel/studio/7.0/toolchain/arm/arm-gnu-toolchain/bin/../lib/gcc/arm-none-eabi/6.3.1/../../../../arm-none-eabi/lib/thumb/v6-m/crt0.o
_read                                             src/ASF/sam0/utils/stdio/read.o
_sbrk                                             src/ASF/sam0/utils/syscalls/gcc/syscalls.o
_sercom_get_async_baud_val                        src/ASF/sam0/drivers/sercom/sercom.o
                                                  src/ASF/sam0/drivers/sercom/usart/usart.o
_sercom_get_default_pad                           src/ASF/sam0/drivers/sercom/sercom.o
                                                  src/ASF/sam0/drivers/sercom/usart/usart.o
                                                  src/ASF/sam0/drivers/sercom/spi_master_vec/spi_master_vec.o
                                                  src/ASF/sam0/drivers/sercom/spi/spi.o
_sercom_get_interrupt_vector                      src/ASF/sam0/drivers/sercom/sercom_interrupt.o
                                                  src/main.o
                                                  src/ASF/sam0/drivers/sercom/spi_master_vec/spi_master_vec.o
                                                  src/ASF/sam0/drivers/sercom/spi/spi.o
_sercom_get_sercom_inst_index                     src/ASF/sam0/drivers/sercom/sercom.o
                                                  src/ASF/sam0/drivers/sercom/usart/usart.o
                                                  src/ASF/sam0/drivers/sercom/spi_master_vec/spi_master_vec.o
                                                  src/ASF/sam0/drivers/sercom/spi/spi.o
                                                  src/ASF/sam0/drivers/sercom/sercom_interrupt.o
_sercom_get_sync_baud_val                         src/ASF/sam0/drivers/sercom/sercom.o
                                                  src/ASF/sam0/drivers/sercom/usart/usart.o
                                                  src/ASF/sam0/drivers/sercom/spi_master_vec/spi_master_vec.o
                                                  src/ASF/sam0/drivers/sercom/spi/spi.o
_sercom_instances                                 src/ASF/sam0/drivers/sercom/sercom_interrupt.o
                                                  src/ASF/sam0/drivers/sercom/usart/usart_interrupt.o
                                                  src/ASF/sam0/drivers/sercom/usart/usart.o
                                                  src/ASF/sam0/drivers/sercom/spi_master_vec/spi_master_vec.o
                                                  src/ASF/sam0/drivers/sercom/spi/spi_interrupt.o
                                                  src/ASF/sam0/drivers/sercom/spi/spi.o
_sercom_set_handler                               src/ASF/sam0/drivers/sercom/sercom_interrupt.o
                                                  src/ASF/sam0/drivers/sercom/usart/usart.o
                                                  src/ASF/sam0/drivers/sercom/spi_master_vec/spi_master_vec.o
                                                  src/ASF/sam0/drivers/sercom/spi/spi.o
_sfixed                                           src/ASF/sam0/utils/cmsis/samd21/source/gcc/startup_samd21.o
_spi_interrupt_handler                            src/ASF/sam0/drivers/sercom/spi/spi_interrupt.o
                                                  src/ASF/sam0/drivers/sercom/spi/spi.o
_srelocate                                        src/ASF/sam0/utils/cmsis/samd21/source/gcc/startup_samd21.o
_start                                            c:/program files (x86)/atmel/studio/7.0/toolchain/arm/arm-gnu-toolchain/bin/../lib/gcc/arm-none-eabi/6.3.1/../../../../arm-none-eabi/lib/thumb/v6-m/crt0.o
_system_divas_init                                src/ASF/sam0/drivers/system/system.o
_system_dummy_init                                src/ASF/sam0/drivers/system/system.o
_system_events_init                               src/ASF/sam0/drivers/system/system.o
_system_extint_init                               src/ASF/sam0/drivers/system/system.o
_szero                                            src/ASF/sam0/utils/cmsis/samd21/source/gcc/startup_samd21.o
_usart_interrupt_handler                          src/ASF/sam0/drivers/sercom/usart/usart_interrupt.o
                                                  src/ASF/sam0/drivers/sercom/usart/usart.o
_usart_read_buffer                                src/ASF/sam0/drivers/sercom/usart/usart_interrupt.o
_usart_write_buffer                               src/ASF/sam0/drivers/sercom/usart/usart_interrupt.o
_write                                            src/ASF/sam0/utils/stdio/write.o
application_jump                                  src/main.o
at25dfx_chip                                      src/main.o
at25dfx_chip_check_presence                       src/ASF/common2/components/memory/serial_flash/at25dfx/at25dfx.o
at25dfx_chip_erase                                src/ASF/common2/components/memory/serial_flash/at25dfx/at25dfx.o
at25dfx_chip_erase_block                          src/ASF/common2/components/memory/serial_flash/at25dfx/at25dfx.o
                                                  src/main.o
at25dfx_chip_get_sector_protect                   src/ASF/common2/components/memory/serial_flash/at25dfx/at25dfx.o
at25dfx_chip_read_buffer                          src/ASF/common2/components/memory/serial_flash/at25dfx/at25dfx.o
                                                  src/main.o
at25dfx_chip_set_global_sector_protect            src/ASF/common2/components/memory/serial_flash/at25dfx/at25dfx.o
                                                  src/main.o
at25dfx_chip_set_sector_protect                   src/ASF/common2/components/memory/serial_flash/at25dfx/at25dfx.o
                                                  src/main.o
at25dfx_chip_sleep                                src/ASF/common2/components/memory/serial_flash/at25dfx/at25dfx.o
                                                  src/main.o
at25dfx_chip_wake                                 src/ASF/common2/components/memory/serial_flash/at25dfx/at25dfx.o
                                                  src/main.o
at25dfx_chip_write_buffer                         src/ASF/common2/components/memory/serial_flash/at25dfx/at25dfx.o
                                                  src/main.o
at25dfx_spi                                       src/main.o
atexit                                            c:/program files (x86)/atmel/studio/7.0/toolchain/arm/arm-gnu-toolchain/bin/../lib/gcc/arm-none-eabi/6.3.1/../../../../arm-none-eabi/lib/thumb/v6-m/crt0.o
board_init                                        src/ASF/common2/boards/user_board/init.o
check_flash_application_crc                       src/main.o
check_nvm_application_crc                         src/main.o
check_signature                                   src/main.o
configure_wdt                                     src/main.o
configure_wdt_callbacks                           src/main.o
cpu_irq_enter_critical                            src/ASF/common/utils/interrupt/interrupt_sam_nvic.o
                                                  src/ASF/sam0/drivers/system/clock/clock_samd21_r21_da_ha1/gclk.o
                                                  src/ASF/sam0/drivers/sercom/usart/usart_interrupt.o
                                                  src/ASF/sam0/drivers/sercom/spi_master_vec/spi_master_vec.o
                                                  src/ASF/sam0/drivers/nvm/nvm.o
                                                  src/ASF/common2/components/memory/serial_flash/at25dfx/at25dfx.o
cpu_irq_leave_critical                            src/ASF/common/utils/interrupt/interrupt_sam_nvic.o
                                                  src/ASF/sam0/drivers/system/clock/clock_samd21_r21_da_ha1/gclk.o
                                                  src/ASF/sam0/drivers/sercom/usart/usart_interrupt.o
                                                  src/ASF/sam0/drivers/sercom/spi_master_vec/spi_master_vec.o
                                                  src/ASF/sam0/drivers/nvm/nvm.o
                                                  src/ASF/common2/components/memory/serial_flash/at25dfx/at25dfx.o
dd_flash_read_data                                src/main.o
dd_flash_write_data                               src/main.o
dd_nvm_row_read                                   src/main.o
dd_nvm_row_write                                  src/main.o
do_fw_update                                      src/main.o
dsu_crc32_cal                                     src/ASF/sam0/drivers/dsu/crc32/crc32.o
                                                  src/main.o
dummy_write                                       src/ASF/sam0/drivers/sercom/spi/spi_interrupt.o
error_loop                                        src/main.o
exception_table                                   src/ASF/sam0/utils/cmsis/samd21/source/gcc/startup_samd21.o
exit                                              c:/program files (x86)/atmel/studio/7.0/toolchain/arm/arm-gnu-toolchain/bin/../lib/gcc/arm-none-eabi/6.3.1/../../../../arm-none-eabi/lib/thumb/v6-m\libc_nano.a(lib_a-exit.o)
                                                  c:/program files (x86)/atmel/studio/7.0/toolchain/arm/arm-gnu-toolchain/bin/../lib/gcc/arm-none-eabi/6.3.1/../../../../arm-none-eabi/lib/thumb/v6-m/crt0.o
g_interrupt_enabled                               src/ASF/common/utils/interrupt/interrupt_sam_nvic.o
                                                  src/ASF/sam0/drivers/dsu/crc32/crc32.o
get_application_metadata                          src/main.o
get_application_metadata_addr                     src/main.o
get_boot_status                                   src/main.o
get_boot_status_default                           src/main.o
hardware_init_hook                                c:/program files (x86)/atmel/studio/7.0/toolchain/arm/arm-gnu-toolchain/bin/../lib/gcc/arm-none-eabi/6.3.1/../../../../arm-none-eabi/lib/thumb/v6-m/crt0.o
link                                              src/ASF/sam0/utils/syscalls/gcc/syscalls.o
load_golden_image                                 src/main.o
loaded_fw_valid                                   src/main.o
main                                              src/main.o
                                                  src/ASF/sam0/utils/cmsis/samd21/source/gcc/startup_samd21.o
                                                  c:/program files (x86)/atmel/studio/7.0/toolchain/arm/arm-gnu-toolchain/bin/../lib/gcc/arm-none-eabi/6.3.1/../../../../arm-none-eabi/lib/thumb/v6-m/crt0.o
memset                                            c:/program files (x86)/atmel/studio/7.0/toolchain/arm/arm-gnu-toolchain/bin/../lib/gcc/arm-none-eabi/6.3.1/../../../../arm-none-eabi/lib/thumb/v6-m\libc_nano.a(lib_a-memset.o)
                                                  src/main.o
                                                  c:/program files (x86)/atmel/studio/7.0/toolchain/arm/arm-gnu-toolchain/bin/../lib/gcc/arm-none-eabi/6.3.1/../../../../arm-none-eabi/lib/thumb/v6-m/crt0.o
nvm_erase_row                                     src/ASF/sam0/drivers/nvm/nvm.o
                                                  src/main.o
nvm_execute_command                               src/ASF/sam0/drivers/nvm/nvm.o
nvm_get_fuses                                     src/ASF/sam0/drivers/nvm/nvm.o
nvm_get_parameters                                src/ASF/sam0/drivers/nvm/nvm.o
nvm_init                                          src/main.o
nvm_is_page_locked                                src/ASF/sam0/drivers/nvm/nvm.o
nvm_read_buffer                                   src/ASF/sam0/drivers/nvm/nvm.o
                                                  src/main.o
nvm_set_config                                    src/ASF/sam0/drivers/nvm/nvm.o
                                                  src/main.o
nvm_set_fuses                                     src/ASF/sam0/drivers/nvm/nvm.o
nvm_update_buffer                                 src/ASF/sam0/drivers/nvm/nvm.o
nvm_write_buffer                                  src/ASF/sam0/drivers/nvm/nvm.o
                                                  src/main.o
port_group_set_config                             src/ASF/sam0/drivers/port/port.o
port_pin_set_config                               src/ASF/sam0/drivers/port/port.o
                                                  src/main.o
ptr_get                                           src/ASF/sam0/utils/stdio/read.o
ptr_put                                           src/ASF/sam0/utils/stdio/write.o
restart                                           src/main.o
sercom_set_gclk_generator                         src/ASF/sam0/drivers/sercom/sercom.o
                                                  src/ASF/sam0/drivers/sercom/usart/usart.o
                                                  src/ASF/sam0/drivers/sercom/spi_master_vec/spi_master_vec.o
                                                  src/ASF/sam0/drivers/sercom/spi/spi.o
set_boot_status                                   src/main.o
software_init_hook                                c:/program files (x86)/atmel/studio/7.0/toolchain/arm/arm-gnu-toolchain/bin/../lib/gcc/arm-none-eabi/6.3.1/../../../../arm-none-eabi/lib/thumb/v6-m/crt0.o
spi_abort_job                                     src/ASF/sam0/drivers/sercom/spi/spi_interrupt.o
spi_init                                          src/ASF/sam0/drivers/sercom/spi/spi.o
                                                  src/main.o
spi_master_vec_disable                            src/ASF/sam0/drivers/sercom/spi_master_vec/spi_master_vec.o
spi_master_vec_enable                             src/ASF/sam0/drivers/sercom/spi_master_vec/spi_master_vec.o
spi_master_vec_init                               src/ASF/sam0/drivers/sercom/spi_master_vec/spi_master_vec.o
spi_master_vec_reset                              src/ASF/sam0/drivers/sercom/spi_master_vec/spi_master_vec.o
spi_master_vec_transceive_buffer_job              src/ASF/sam0/drivers/sercom/spi_master_vec/spi_master_vec.o
                                                  src/ASF/common2/components/memory/serial_flash/at25dfx/at25dfx.o
spi_read_buffer_job                               src/ASF/sam0/drivers/sercom/spi/spi_interrupt.o
spi_read_buffer_wait                              src/ASF/sam0/drivers/sercom/spi/spi.o
spi_register_callback                             src/ASF/sam0/drivers/sercom/spi/spi_interrupt.o
spi_reset                                         src/ASF/sam0/drivers/sercom/spi/spi.o
spi_select_slave                                  src/ASF/sam0/drivers/sercom/spi/spi.o
spi_set_baudrate                                  src/ASF/sam0/drivers/sercom/spi/spi.o
spi_transceive_buffer_job                         src/ASF/sam0/drivers/sercom/spi/spi_interrupt.o
spi_transceive_buffer_wait                        src/ASF/sam0/drivers/sercom/spi/spi.o
spi_transceive_wait                               src/ASF/sam0/drivers/sercom/spi/spi.o
spi_unregister_callback                           src/ASF/sam0/drivers/sercom/spi/spi_interrupt.o
spi_write_buffer_job                              src/ASF/sam0/drivers/sercom/spi/spi_interrupt.o
spi_write_buffer_wait                             src/ASF/sam0/drivers/sercom/spi/spi.o
stdio_base                                        src/ASF/sam0/utils/stdio/write.o
                                                  src/ASF/sam0/utils/stdio/read.o
system_board_init                                 src/ASF/common2/boards/user_board/init.o
system_clock_init                                 src/ASF/sam0/drivers/system/clock/clock_samd21_r21_da_ha1/clock.o
system_clock_source_dfll_set_config               src/ASF/sam0/drivers/system/clock/clock_samd21_r21_da_ha1/clock.o
system_clock_source_disable                       src/ASF/sam0/drivers/system/clock/clock_samd21_r21_da_ha1/clock.o
system_clock_source_dpll_set_config               src/ASF/sam0/drivers/system/clock/clock_samd21_r21_da_ha1/clock.o
system_clock_source_enable                        src/ASF/sam0/drivers/system/clock/clock_samd21_r21_da_ha1/clock.o
system_clock_source_get_hz                        src/ASF/sam0/drivers/system/clock/clock_samd21_r21_da_ha1/clock.o
                                                  src/ASF/sam0/drivers/system/clock/clock_samd21_r21_da_ha1/gclk.o
system_clock_source_is_ready                      src/ASF/sam0/drivers/system/clock/clock_samd21_r21_da_ha1/clock.o
system_clock_source_osc32k_set_config             src/ASF/sam0/drivers/system/clock/clock_samd21_r21_da_ha1/clock.o
system_clock_source_osc8m_set_config              src/ASF/sam0/drivers/system/clock/clock_samd21_r21_da_ha1/clock.o
system_clock_source_write_calibration             src/ASF/sam0/drivers/system/clock/clock_samd21_r21_da_ha1/clock.o
system_clock_source_xosc32k_set_config            src/ASF/sam0/drivers/system/clock/clock_samd21_r21_da_ha1/clock.o
system_clock_source_xosc_set_config               src/ASF/sam0/drivers/system/clock/clock_samd21_r21_da_ha1/clock.o
system_gclk_chan_disable                          src/ASF/sam0/drivers/system/clock/clock_samd21_r21_da_ha1/gclk.o
system_gclk_chan_enable                           src/ASF/sam0/drivers/system/clock/clock_samd21_r21_da_ha1/gclk.o
                                                  src/ASF/sam0/drivers/wdt/wdt.o
                                                  src/ASF/sam0/drivers/sercom/usart/usart.o
                                                  src/ASF/sam0/drivers/sercom/spi_master_vec/spi_master_vec.o
                                                  src/ASF/sam0/drivers/sercom/spi/spi.o
                                                  src/ASF/sam0/drivers/sercom/sercom.o
system_gclk_chan_get_hz                           src/ASF/sam0/drivers/system/clock/clock_samd21_r21_da_ha1/gclk.o
                                                  src/ASF/sam0/drivers/system/clock/clock_samd21_r21_da_ha1/clock.o
                                                  src/ASF/sam0/drivers/sercom/usart/usart.o
                                                  src/ASF/sam0/drivers/sercom/spi_master_vec/spi_master_vec.o
                                                  src/ASF/sam0/drivers/sercom/spi/spi.o
system_gclk_chan_is_enabled                       src/ASF/sam0/drivers/system/clock/clock_samd21_r21_da_ha1/gclk.o
system_gclk_chan_is_locked                        src/ASF/sam0/drivers/system/clock/clock_samd21_r21_da_ha1/gclk.o
system_gclk_chan_lock                             src/ASF/sam0/drivers/system/clock/clock_samd21_r21_da_ha1/gclk.o
                                                  src/ASF/sam0/drivers/wdt/wdt.o
system_gclk_chan_set_config                       src/ASF/sam0/drivers/system/clock/clock_samd21_r21_da_ha1/gclk.o
                                                  src/ASF/sam0/drivers/wdt/wdt.o
                                                  src/ASF/sam0/drivers/system/clock/clock_samd21_r21_da_ha1/clock.o
                                                  src/ASF/sam0/drivers/sercom/usart/usart.o
                                                  src/ASF/sam0/drivers/sercom/spi_master_vec/spi_master_vec.o
                                                  src/ASF/sam0/drivers/sercom/spi/spi.o
                                                  src/ASF/sam0/drivers/sercom/sercom.o
system_gclk_gen_disable                           src/ASF/sam0/drivers/system/clock/clock_samd21_r21_da_ha1/gclk.o
system_gclk_gen_enable                            src/ASF/sam0/drivers/system/clock/clock_samd21_r21_da_ha1/gclk.o
                                                  src/ASF/sam0/drivers/system/clock/clock_samd21_r21_da_ha1/clock.o
system_gclk_gen_get_hz                            src/ASF/sam0/drivers/system/clock/clock_samd21_r21_da_ha1/gclk.o
system_gclk_gen_is_enabled                        src/ASF/sam0/drivers/system/clock/clock_samd21_r21_da_ha1/gclk.o
system_gclk_gen_set_config                        src/ASF/sam0/drivers/system/clock/clock_samd21_r21_da_ha1/gclk.o
                                                  src/ASF/sam0/drivers/system/clock/clock_samd21_r21_da_ha1/clock.o
system_gclk_init                                  src/ASF/sam0/drivers/system/clock/clock_samd21_r21_da_ha1/gclk.o
                                                  src/ASF/sam0/drivers/system/clock/clock_samd21_r21_da_ha1/clock.o
system_init                                       src/ASF/sam0/drivers/system/system.o
                                                  src/main.o
system_interrupt_clear_pending                    src/ASF/sam0/drivers/system/interrupt/system_interrupt.o
system_interrupt_get_priority                     src/ASF/sam0/drivers/system/interrupt/system_interrupt.o
system_interrupt_is_pending                       src/ASF/sam0/drivers/system/interrupt/system_interrupt.o
system_interrupt_set_pending                      src/ASF/sam0/drivers/system/interrupt/system_interrupt.o
system_interrupt_set_priority                     src/ASF/sam0/drivers/system/interrupt/system_interrupt.o
system_peripheral_lock                            src/ASF/sam0/drivers/pac/pac_sam_d_r_h/pac.o
                                                  src/ASF/sam0/drivers/dsu/crc32/crc32.o
system_peripheral_unlock                          src/ASF/sam0/drivers/pac/pac_sam_d_r_h/pac.o
                                                  src/ASF/sam0/drivers/dsu/crc32/crc32.o
system_pinmux_group_set_config                    src/ASF/sam0/drivers/system/pinmux/pinmux.o
                                                  src/ASF/sam0/drivers/port/port.o
system_pinmux_group_set_input_sample_mode         src/ASF/sam0/drivers/system/pinmux/pinmux.o
system_pinmux_group_set_output_strength           src/ASF/sam0/drivers/system/pinmux/pinmux.o
system_pinmux_pin_set_config                      src/ASF/sam0/drivers/system/pinmux/pinmux.o
                                                  src/ASF/sam0/drivers/sercom/usart/usart.o
                                                  src/ASF/sam0/drivers/sercom/spi_master_vec/spi_master_vec.o
                                                  src/ASF/sam0/drivers/sercom/spi/spi.o
                                                  src/ASF/sam0/drivers/port/port.o
usart_abort_job                                   src/ASF/sam0/drivers/sercom/usart/usart_interrupt.o
usart_get_job_status                              src/ASF/sam0/drivers/sercom/usart/usart_interrupt.o
usart_init                                        src/ASF/sam0/drivers/sercom/usart/usart.o
usart_read_buffer_job                             src/ASF/sam0/drivers/sercom/usart/usart_interrupt.o
usart_read_buffer_wait                            src/ASF/sam0/drivers/sercom/usart/usart.o
usart_read_job                                    src/ASF/sam0/drivers/sercom/usart/usart_interrupt.o
usart_read_wait                                   src/ASF/sam0/drivers/sercom/usart/usart.o
usart_register_callback                           src/ASF/sam0/drivers/sercom/usart/usart_interrupt.o
usart_unregister_callback                         src/ASF/sam0/drivers/sercom/usart/usart_interrupt.o
usart_write_buffer_job                            src/ASF/sam0/drivers/sercom/usart/usart_interrupt.o
usart_write_buffer_wait                           src/ASF/sam0/drivers/sercom/usart/usart.o
usart_write_job                                   src/ASF/sam0/drivers/sercom/usart/usart_interrupt.o
usart_write_wait                                  src/ASF/sam0/drivers/sercom/usart/usart.o
watchdog_early_warning_callback                   src/main.o
wdt_disable_callback                              src/ASF/sam0/drivers/wdt/wdt_callback.o
wdt_early_warning_callback                        src/ASF/sam0/drivers/wdt/wdt_callback.o
wdt_enable_callback                               src/ASF/sam0/drivers/wdt/wdt_callback.o
                                                  src/main.o
wdt_register_callback                             src/ASF/sam0/drivers/wdt/wdt_callback.o
                                                  src/main.o
wdt_reset_count                                   src/ASF/sam0/drivers/wdt/wdt.o
wdt_set_config                                    src/ASF/sam0/drivers/wdt/wdt.o
                                                  src/main.o
wdt_unregister_callback                           src/ASF/sam0/drivers/wdt/wdt_callback.o
write_application_to_nvm                          src/main.o
