Archive member included to satisfy reference by file (symbol)

c:/program files (x86)/atmel/studio/7.0/toolchain/arm/arm-gnu-toolchain/bin/../lib/gcc/arm-none-eabi/6.3.1/thumb/v6-m\libgcc.a(_udivsi3.o)
                              src/ASF/sam0/drivers/system/clock/clock_samd21_r21_da_ha1/clock.o (__aeabi_uidiv)
c:/program files (x86)/atmel/studio/7.0/toolchain/arm/arm-gnu-toolchain/bin/../lib/gcc/arm-none-eabi/6.3.1/thumb/v6-m\libgcc.a(_dvmd_tls.o)
                              c:/program files (x86)/atmel/studio/7.0/toolchain/arm/arm-gnu-toolchain/bin/../lib/gcc/arm-none-eabi/6.3.1/thumb/v6-m\libgcc.a(_udivsi3.o) (__aeabi_idiv0)
c:/program files (x86)/atmel/studio/7.0/toolchain/arm/arm-gnu-toolchain/bin/../lib/gcc/arm-none-eabi/6.3.1/thumb/v6-m\libgcc.a(_muldi3.o)
                              src/ASF/sam0/drivers/sercom/sercom.o (__aeabi_lmul)
c:/program files (x86)/atmel/studio/7.0/toolchain/arm/arm-gnu-toolchain/bin/../lib/gcc/arm-none-eabi/6.3.1/../../../../arm-none-eabi/lib/thumb/v6-m\libc_nano.a(lib_a-exit.o)
                              c:/program files (x86)/atmel/studio/7.0/toolchain/arm/arm-gnu-toolchain/bin/../lib/gcc/arm-none-eabi/6.3.1/../../../../arm-none-eabi/lib/thumb/v6-m/crt0.o (exit)
c:/program files (x86)/atmel/studio/7.0/toolchain/arm/arm-gnu-toolchain/bin/../lib/gcc/arm-none-eabi/6.3.1/../../../../arm-none-eabi/lib/thumb/v6-m\libc_nano.a(lib_a-impure.o)
                              c:/program files (x86)/atmel/studio/7.0/toolchain/arm/arm-gnu-toolchain/bin/../lib/gcc/arm-none-eabi/6.3.1/../../../../arm-none-eabi/lib/thumb/v6-m\libc_nano.a(lib_a-exit.o) (_global_impure_ptr)
c:/program files (x86)/atmel/studio/7.0/toolchain/arm/arm-gnu-toolchain/bin/../lib/gcc/arm-none-eabi/6.3.1/../../../../arm-none-eabi/lib/thumb/v6-m\libc_nano.a(lib_a-init.o)
                              c:/program files (x86)/atmel/studio/7.0/toolchain/arm/arm-gnu-toolchain/bin/../lib/gcc/arm-none-eabi/6.3.1/../../../../arm-none-eabi/lib/thumb/v6-m/crt0.o (__libc_init_array)
c:/program files (x86)/atmel/studio/7.0/toolchain/arm/arm-gnu-toolchain/bin/../lib/gcc/arm-none-eabi/6.3.1/../../../../arm-none-eabi/lib/thumb/v6-m\libc_nano.a(lib_a-memset.o)
                              c:/program files (x86)/atmel/studio/7.0/toolchain/arm/arm-gnu-toolchain/bin/../lib/gcc/arm-none-eabi/6.3.1/../../../../arm-none-eabi/lib/thumb/v6-m/crt0.o (memset)

Allocating common symbols
Common symbol       size              file

dummy_write         0x2               src/ASF/sam0/drivers/sercom/spi/spi_interrupt.o
_sercom_instances   0x18              src/ASF/sam0/drivers/sercom/sercom_interrupt.o
at25dfx_chip        0x8               src/main.o
at25dfx_spi         0x3c              src/main.o

Discarded input sections

 .text          0x00000000        0x0 c:/program files (x86)/atmel/studio/7.0/toolchain/arm/arm-gnu-toolchain/bin/../lib/gcc/arm-none-eabi/6.3.1/thumb/v6-m/crti.o
 .data          0x00000000        0x0 c:/program files (x86)/atmel/studio/7.0/toolchain/arm/arm-gnu-toolchain/bin/../lib/gcc/arm-none-eabi/6.3.1/thumb/v6-m/crti.o
 .bss           0x00000000        0x0 c:/program files (x86)/atmel/studio/7.0/toolchain/arm/arm-gnu-toolchain/bin/../lib/gcc/arm-none-eabi/6.3.1/thumb/v6-m/crti.o
 .data          0x00000000        0x4 c:/program files (x86)/atmel/studio/7.0/toolchain/arm/arm-gnu-toolchain/bin/../lib/gcc/arm-none-eabi/6.3.1/thumb/v6-m/crtbegin.o
 .text          0x00000000       0x78 c:/program files (x86)/atmel/studio/7.0/toolchain/arm/arm-gnu-toolchain/bin/../lib/gcc/arm-none-eabi/6.3.1/../../../../arm-none-eabi/lib/thumb/v6-m/crt0.o
 .data          0x00000000        0x0 c:/program files (x86)/atmel/studio/7.0/toolchain/arm/arm-gnu-toolchain/bin/../lib/gcc/arm-none-eabi/6.3.1/../../../../arm-none-eabi/lib/thumb/v6-m/crt0.o
 .bss           0x00000000        0x0 c:/program files (x86)/atmel/studio/7.0/toolchain/arm/arm-gnu-toolchain/bin/../lib/gcc/arm-none-eabi/6.3.1/../../../../arm-none-eabi/lib/thumb/v6-m/crt0.o
 .ARM.extab     0x00000000        0x0 c:/program files (x86)/atmel/studio/7.0/toolchain/arm/arm-gnu-toolchain/bin/../lib/gcc/arm-none-eabi/6.3.1/../../../../arm-none-eabi/lib/thumb/v6-m/crt0.o
 .ARM.exidx     0x00000000        0x8 c:/program files (x86)/atmel/studio/7.0/toolchain/arm/arm-gnu-toolchain/bin/../lib/gcc/arm-none-eabi/6.3.1/../../../../arm-none-eabi/lib/thumb/v6-m/crt0.o
 .ARM.attributes
                0x00000000       0x1b c:/program files (x86)/atmel/studio/7.0/toolchain/arm/arm-gnu-toolchain/bin/../lib/gcc/arm-none-eabi/6.3.1/../../../../arm-none-eabi/lib/thumb/v6-m/crt0.o
 .group         0x00000000        0x8 src/ASF/common2/components/memory/serial_flash/at25dfx/at25dfx.o
 .group         0x00000000        0x8 src/ASF/common2/components/memory/serial_flash/at25dfx/at25dfx.o
 .group         0x00000000        0x8 src/ASF/common2/components/memory/serial_flash/at25dfx/at25dfx.o
 .group         0x00000000        0x8 src/ASF/common2/components/memory/serial_flash/at25dfx/at25dfx.o
[...]
Memory Configuration

Name             Origin             Length             Attributes
rom              0x00000000         0x00040000         xr
ram              0x20000000         0x00008000         xrw
*default*        0x00000000         0xffffffff

Linker script and memory map

LOAD c:/program files (x86)/atmel/studio/7.0/toolchain/arm/arm-gnu-toolchain/bin/../lib/gcc/arm-none-eabi/6.3.1/thumb/v6-m/crti.o
LOAD c:/program files (x86)/atmel/studio/7.0/toolchain/arm/arm-gnu-toolchain/bin/../lib/gcc/arm-none-eabi/6.3.1/thumb/v6-m/crtbegin.o
LOAD c:/program files (x86)/atmel/studio/7.0/toolchain/arm/arm-gnu-toolchain/bin/../lib/gcc/arm-none-eabi/6.3.1/../../../../arm-none-eabi/lib/thumb/v6-m/crt0.o
LOAD src/ASF/common2/components/memory/serial_flash/at25dfx/at25dfx.o
LOAD src/ASF/sam0/drivers/port/port.o
LOAD src/ASF/common2/boards/user_board/init.o
LOAD src/ASF/common/utils/interrupt/interrupt_sam_nvic.o
LOAD src/ASF/sam0/drivers/sercom/sercom.o
LOAD src/ASF/sam0/drivers/sercom/sercom_interrupt.o
LOAD src/ASF/sam0/drivers/sercom/spi/spi.o
LOAD src/ASF/sam0/drivers/sercom/spi/spi_interrupt.o
LOAD src/ASF/sam0/drivers/system/clock/clock_samd21_r21_da_ha1/clock.o
LOAD src/ASF/sam0/drivers/system/clock/clock_samd21_r21_da_ha1/gclk.o
LOAD src/ASF/sam0/drivers/system/interrupt/system_interrupt.o
LOAD src/ASF/sam0/drivers/system/pinmux/pinmux.o
LOAD src/ASF/sam0/drivers/system/system.o
LOAD src/ASF/sam0/utils/cmsis/samd21/source/gcc/startup_samd21.o
LOAD src/ASF/sam0/utils/cmsis/samd21/source/system_samd21.o
LOAD src/ASF/sam0/utils/syscalls/gcc/syscalls.o
LOAD src/main.o
START GROUP
LOAD ../src/ASF/thirdparty/CMSIS/Lib/GCC\libarm_cortexM0l_math.a
LOAD c:/program files (x86)/atmel/studio/7.0/toolchain/arm/arm-gnu-toolchain/bin/../lib/gcc/arm-none-eabi/6.3.1/../../../../arm-none-eabi/lib/thumb/v6-m\libm.a
END GROUP
Address of section .text set to 0x2000
START GROUP
LOAD c:/program files (x86)/atmel/studio/7.0/toolchain/arm/arm-gnu-toolchain/bin/../lib/gcc/arm-none-eabi/6.3.1/thumb/v6-m\libgcc.a
LOAD c:/program files (x86)/atmel/studio/7.0/toolchain/arm/arm-gnu-toolchain/bin/../lib/gcc/arm-none-eabi/6.3.1/../../../../arm-none-eabi/lib/thumb/v6-m\libc_nano.a
END GROUP
START GROUP
LOAD c:/program files (x86)/atmel/studio/7.0/toolchain/arm/arm-gnu-toolchain/bin/../lib/gcc/arm-none-eabi/6.3.1/thumb/v6-m\libgcc.a
LOAD c:/program files (x86)/atmel/studio/7.0/toolchain/arm/arm-gnu-toolchain/bin/../lib/gcc/arm-none-eabi/6.3.1/../../../../arm-none-eabi/lib/thumb/v6-m\libc_nano.a
END GROUP
LOAD c:/program files (x86)/atmel/studio/7.0/toolchain/arm/arm-gnu-toolchain/bin/../lib/gcc/arm-none-eabi/6.3.1/thumb/v6-m/crtend.o
LOAD c:/program files (x86)/atmel/studio/7.0/toolchain/arm/arm-gnu-toolchain/bin/../lib/gcc/arm-none-eabi/6.3.1/thumb/v6-m/crtn.o
                0x00002000                STACK_SIZE = DEFINED (STACK_SIZE)?STACK_SIZE:DEFINED (__stack_size__)?__stack_size__:0x2000

.text           0x00002000     0x3688
                0x00002000                . = ALIGN (0x4)
                0x00002000                _sfixed = .
 *(.vectors .vectors.*)
 .vectors       0x00002000       0xb4 src/ASF/sam0/utils/cmsis/samd21/source/gcc/startup_samd21.o
                0x00002000                exception_table
 *(.text .text.* .gnu.linkonce.t.*)
 .text          0x000020b4       0x60 c:/program files (x86)/atmel/studio/7.0/toolchain/arm/arm-gnu-toolchain/bin/../lib/gcc/arm-none-eabi/6.3.1/thumb/v6-m/crtbegin.o
 .text.system_pinmux_get_group_from_gpio_pin
                0x00002114       0x60 src/ASF/common2/components/memory/serial_flash/at25dfx/at25dfx.o
 .text.port_get_group_from_gpio_pin
                0x00002174       0x24 src/ASF/common2/components/memory/serial_flash/at25dfx/at25dfx.o
 .text.port_pin_set_output_level
                0x00002198       0x54 src/ASF/common2/components/memory/serial_flash/at25dfx/at25dfx.o
 .text.system_interrupt_enter_critical_section
                0x000021ec       0x14 src/ASF/common2/components/memory/serial_flash/at25dfx/at25dfx.o
 .text.system_interrupt_leave_critical_section
                0x00002200       0x14 src/ASF/common2/components/memory/serial_flash/at25dfx/at25dfx.o
 .text.spi_lock
                0x00002214       0x48 src/ASF/common2/components/memory/serial_flash/at25dfx/at25dfx.o
 .text.spi_unlock
                0x0000225c       0x16 src/ASF/common2/components/memory/serial_flash/at25dfx/at25dfx.o
 .text.spi_is_ready_to_write
                0x00002272       0x28 src/ASF/common2/components/memory/serial_flash/at25dfx/at25dfx.o
 .text.spi_is_ready_to_read
                0x0000229a       0x28 src/ASF/common2/components/memory/serial_flash/at25dfx/at25dfx.o
 *fill*         0x000022c2        0x2 
 .text.spi_write
                0x000022c4       0x48 src/ASF/common2/components/memory/serial_flash/at25dfx/at25dfx.o
 .text.spi_read
                0x0000230c       0x88 src/ASF/common2/components/memory/serial_flash/at25dfx/at25dfx.o
 .text._at25dfx_get_device_id
                0x00002394       0x7c src/ASF/common2/components/memory/serial_flash/at25dfx/at25dfx.o
 .text._at25dfx_get_device_size
                0x00002410       0x58 src/ASF/common2/components/memory/serial_flash/at25dfx/at25dfx.o
 .text._at25dfx_chip_select
                0x00002468       0x20 src/ASF/common2/components/memory/serial_flash/at25dfx/at25dfx.o
 .text._at25dfx_chip_deselect
                0x00002488       0x20 src/ASF/common2/components/memory/serial_flash/at25dfx/at25dfx.o
 .text._at25dfx_chip_issue_read_command_wait
                0x000024a8      0x108 src/ASF/common2/components/memory/serial_flash/at25dfx/at25dfx.o
 .text._at25dfx_chip_issue_write_command_wait
                0x000025b0      0x104 src/ASF/common2/components/memory/serial_flash/at25dfx/at25dfx.o
 .text._at25dfx_chip_get_nonbusy_status
                0x000026b4      0x124 src/ASF/common2/components/memory/serial_flash/at25dfx/at25dfx.o
 .text._at25dfx_chip_enable_write
                0x000027d8       0x54 src/ASF/common2/components/memory/serial_flash/at25dfx/at25dfx.o
 .text.at25dfx_chip_check_presence
                0x0000282c       0xac src/ASF/common2/components/memory/serial_flash/at25dfx/at25dfx.o
                0x0000282c                at25dfx_chip_check_presence
 .text.at25dfx_chip_read_buffer
                0x000028d8       0xb8 src/ASF/common2/components/memory/serial_flash/at25dfx/at25dfx.o
                0x000028d8                at25dfx_chip_read_buffer
 .text.at25dfx_chip_write_buffer
                0x00002990      0x1a8 src/ASF/common2/components/memory/serial_flash/at25dfx/at25dfx.o
                0x00002990                at25dfx_chip_write_buffer
 .text.at25dfx_chip_erase_block
                0x00002b38       0xfc src/ASF/common2/components/memory/serial_flash/at25dfx/at25dfx.o
                0x00002b38                at25dfx_chip_erase_block
 .text.at25dfx_chip_set_global_sector_protect
                0x00002c34       0xb4 src/ASF/common2/components/memory/serial_flash/at25dfx/at25dfx.o
                0x00002c34                at25dfx_chip_set_global_sector_protect
 .text.at25dfx_chip_set_sector_protect
                0x00002ce8       0xc4 src/ASF/common2/components/memory/serial_flash/at25dfx/at25dfx.o
                0x00002ce8                at25dfx_chip_set_sector_protect
 .text.at25dfx_chip_sleep
                0x00002dac       0x8c src/ASF/common2/components/memory/serial_flash/at25dfx/at25dfx.o
                0x00002dac                at25dfx_chip_sleep
 .text.at25dfx_chip_wake
                0x00002e38       0x8c src/ASF/common2/components/memory/serial_flash/at25dfx/at25dfx.o
                0x00002e38                at25dfx_chip_wake
 .text.system_pinmux_get_config_defaults
                0x00002ec4       0x28 src/ASF/sam0/drivers/port/port.o
 .text.port_pin_set_config
                0x00002eec       0x60 src/ASF/sam0/drivers/port/port.o
                0x00002eec                port_pin_set_config
 .text.system_board_init
                0x00002f4c        0xa src/ASF/common2/boards/user_board/init.o
                0x00002f4c                board_init
                0x00002f4c                system_board_init
 *fill*         0x00002f56        0x2 
 .text.cpu_irq_enter_critical
                0x00002f58       0x54 src/ASF/common/utils/interrupt/interrupt_sam_nvic.o
                0x00002f58                cpu_irq_enter_critical
 .text.cpu_irq_leave_critical
                0x00002fac       0x40 src/ASF/common/utils/interrupt/interrupt_sam_nvic.o
                0x00002fac                cpu_irq_leave_critical
 .text.system_gclk_chan_get_config_defaults
                0x00002fec       0x16 src/ASF/sam0/drivers/sercom/sercom.o
 .text._sercom_get_sync_baud_val
                0x00003002       0x7c src/ASF/sam0/drivers/sercom/sercom.o
                0x00003002                _sercom_get_sync_baud_val
 *fill*         0x0000307e        0x2 
 .text.sercom_set_gclk_generator
                0x00003080       0x8c src/ASF/sam0/drivers/sercom/sercom.o
                0x00003080                sercom_set_gclk_generator
 .text._sercom_get_default_pad
                0x0000310c      0x1bc src/ASF/sam0/drivers/sercom/sercom.o
                0x0000310c                _sercom_get_default_pad
 .text._sercom_get_sercom_inst_index
                0x000032c8       0x50 src/ASF/sam0/drivers/sercom/sercom.o
                0x000032c8                _sercom_get_sercom_inst_index
 .text._sercom_default_handler
                0x00003318       0x14 src/ASF/sam0/drivers/sercom/sercom_interrupt.o
 .text._sercom_set_handler
                0x0000332c       0x6c src/ASF/sam0/drivers/sercom/sercom_interrupt.o
                0x0000332c                _sercom_set_handler
 .text._sercom_get_interrupt_vector
                0x00003398       0x44 src/ASF/sam0/drivers/sercom/sercom_interrupt.o
                0x00003398                _sercom_get_interrupt_vector
 .text.SERCOM0_Handler
                0x000033dc       0x18 src/ASF/sam0/drivers/sercom/sercom_interrupt.o
                0x000033dc                SERCOM0_Handler
 .text.SERCOM1_Handler
                0x000033f4       0x18 src/ASF/sam0/drivers/sercom/sercom_interrupt.o
                0x000033f4                SERCOM1_Handler
 .text.SERCOM2_Handler
                0x0000340c       0x18 src/ASF/sam0/drivers/sercom/sercom_interrupt.o
                0x0000340c                SERCOM2_Handler
 .text.SERCOM3_Handler
                0x00003424       0x18 src/ASF/sam0/drivers/sercom/sercom_interrupt.o
                0x00003424                SERCOM3_Handler
 .text.SERCOM4_Handler
                0x0000343c       0x18 src/ASF/sam0/drivers/sercom/sercom_interrupt.o
                0x0000343c                SERCOM4_Handler
 .text.SERCOM5_Handler
                0x00003454       0x18 src/ASF/sam0/drivers/sercom/sercom_interrupt.o
                0x00003454                SERCOM5_Handler
 .text.system_pinmux_get_config_defaults
                0x0000346c       0x28 src/ASF/sam0/drivers/sercom/spi/spi.o
 .text.system_gclk_chan_get_config_defaults
                0x00003494       0x16 src/ASF/sam0/drivers/sercom/spi/spi.o
 *fill*         0x000034aa        0x2 
 .text.system_apb_clock_set_mask
                0x000034ac       0x5c src/ASF/sam0/drivers/sercom/spi/spi.o
 .text.system_is_debugger_present
                0x00003508       0x20 src/ASF/sam0/drivers/sercom/spi/spi.o
 .text.spi_is_write_complete
                0x00003528       0x28 src/ASF/sam0/drivers/sercom/spi/spi.o
 .text.spi_is_ready_to_write
                0x00003550       0x28 src/ASF/sam0/drivers/sercom/spi/spi.o
 .text.spi_is_ready_to_read
                0x00003578       0x28 src/ASF/sam0/drivers/sercom/spi/spi.o
 .text.spi_write
                0x000035a0       0x48 src/ASF/sam0/drivers/sercom/spi/spi.o
 .text.spi_read
                0x000035e8       0x88 src/ASF/sam0/drivers/sercom/spi/spi.o
 .text._spi_clear_tx_complete_flag
                0x00003670       0x1c src/ASF/sam0/drivers/sercom/spi/spi.o
 .text._spi_set_config
                0x0000368c      0x250 src/ASF/sam0/drivers/sercom/spi/spi.o
 .text.spi_init
                0x000038dc      0x1a4 src/ASF/sam0/drivers/sercom/spi/spi.o
                0x000038dc                spi_init
 .text.spi_read_buffer_wait
                0x00003a80      0x1bc src/ASF/sam0/drivers/sercom/spi/spi.o
                0x00003a80                spi_read_buffer_wait
 .text.spi_write_buffer_wait
                0x00003c3c      0x324 src/ASF/sam0/drivers/sercom/spi/spi.o
                0x00003c3c                spi_write_buffer_wait
 .text._spi_write
                0x00003f60       0x7a src/ASF/sam0/drivers/sercom/spi/spi_interrupt.o
 *fill*         0x00003fda        0x2 
 .text._spi_write_dummy
                0x00003fdc       0x34 src/ASF/sam0/drivers/sercom/spi/spi_interrupt.o
 .text._spi_read_dummy
                0x00004010       0x36 src/ASF/sam0/drivers/sercom/spi/spi_interrupt.o
 .text._spi_read
                0x00004046       0x70 src/ASF/sam0/drivers/sercom/spi/spi_interrupt.o
 *fill*         0x000040b6        0x2 
 .text._spi_interrupt_handler
                0x000040b8      0x30c src/ASF/sam0/drivers/sercom/spi/spi_interrupt.o
                0x000040b8                _spi_interrupt_handler
 .text.system_gclk_gen_get_config_defaults
                0x000043c4       0x2e src/ASF/sam0/drivers/system/clock/clock_samd21_r21_da_ha1/clock.o
 .text.system_clock_source_osc8m_get_config_defaults
                0x000043f2       0x22 src/ASF/sam0/drivers/system/clock/clock_samd21_r21_da_ha1/clock.o
 .text.system_cpu_clock_set_divider
                0x00004414       0x20 src/ASF/sam0/drivers/system/clock/clock_samd21_r21_da_ha1/clock.o
 .text.system_apb_clock_set_divider
                0x00004434       0x54 src/ASF/sam0/drivers/system/clock/clock_samd21_r21_da_ha1/clock.o
 .text.system_flash_set_waitstates
                0x00004488       0x34 src/ASF/sam0/drivers/system/clock/clock_samd21_r21_da_ha1/clock.o
 .text._system_dfll_wait_for_sync
                0x000044bc       0x1c src/ASF/sam0/drivers/system/clock/clock_samd21_r21_da_ha1/clock.o
 .text._system_clock_source_dfll_set_config_errata_9905
                0x000044d8       0x44 src/ASF/sam0/drivers/system/clock/clock_samd21_r21_da_ha1/clock.o
 .text.system_clock_source_get_hz
                0x0000451c       0xbc src/ASF/sam0/drivers/system/clock/clock_samd21_r21_da_ha1/clock.o
                0x0000451c                system_clock_source_get_hz
 .text.system_clock_source_osc8m_set_config
                0x000045d8       0x78 src/ASF/sam0/drivers/system/clock/clock_samd21_r21_da_ha1/clock.o
                0x000045d8                system_clock_source_osc8m_set_config
 .text.system_clock_source_enable
                0x00004650       0xac src/ASF/sam0/drivers/system/clock/clock_samd21_r21_da_ha1/clock.o
                0x00004650                system_clock_source_enable
 .text._switch_peripheral_gclk
                0x000046fc       0x38 src/ASF/sam0/drivers/system/clock/clock_samd21_r21_da_ha1/clock.o
 .text.system_clock_init
                0x00004734       0xd4 src/ASF/sam0/drivers/system/clock/clock_samd21_r21_da_ha1/clock.o
                0x00004734                system_clock_init
 .text.system_apb_clock_set_mask
                0x00004808       0x5c src/ASF/sam0/drivers/system/clock/clock_samd21_r21_da_ha1/gclk.o
 .text.system_interrupt_enter_critical_section
                0x00004864       0x14 src/ASF/sam0/drivers/system/clock/clock_samd21_r21_da_ha1/gclk.o
 .text.system_interrupt_leave_critical_section
                0x00004878       0x14 src/ASF/sam0/drivers/system/clock/clock_samd21_r21_da_ha1/gclk.o
 .text.system_gclk_is_syncing
                0x0000488c       0x20 src/ASF/sam0/drivers/system/clock/clock_samd21_r21_da_ha1/gclk.o
 .text.system_gclk_init
                0x000048ac       0x30 src/ASF/sam0/drivers/system/clock/clock_samd21_r21_da_ha1/gclk.o
                0x000048ac                system_gclk_init
 .text.system_gclk_gen_set_config
                0x000048dc      0x124 src/ASF/sam0/drivers/system/clock/clock_samd21_r21_da_ha1/gclk.o
                0x000048dc                system_gclk_gen_set_config
 .text.system_gclk_gen_enable
                0x00004a00       0x5c src/ASF/sam0/drivers/system/clock/clock_samd21_r21_da_ha1/gclk.o
                0x00004a00                system_gclk_gen_enable
 .text.system_gclk_gen_get_hz
                0x00004a5c       0xd8 src/ASF/sam0/drivers/system/clock/clock_samd21_r21_da_ha1/gclk.o
                0x00004a5c                system_gclk_gen_get_hz
 .text.system_gclk_chan_set_config
                0x00004b34       0x44 src/ASF/sam0/drivers/system/clock/clock_samd21_r21_da_ha1/gclk.o
                0x00004b34                system_gclk_chan_set_config
 .text.system_gclk_chan_enable
                0x00004b78       0x48 src/ASF/sam0/drivers/system/clock/clock_samd21_r21_da_ha1/gclk.o
                0x00004b78                system_gclk_chan_enable
 .text.system_gclk_chan_disable
                0x00004bc0       0x98 src/ASF/sam0/drivers/system/clock/clock_samd21_r21_da_ha1/gclk.o
                0x00004bc0                system_gclk_chan_disable
 .text.system_gclk_chan_get_hz
                0x00004c58       0x58 src/ASF/sam0/drivers/system/clock/clock_samd21_r21_da_ha1/gclk.o
                0x00004c58                system_gclk_chan_get_hz
 .text.system_pinmux_get_group_from_gpio_pin
                0x00004cb0       0x60 src/ASF/sam0/drivers/system/pinmux/pinmux.o
 .text._system_pinmux_config
                0x00004d10      0x110 src/ASF/sam0/drivers/system/pinmux/pinmux.o
 .text.system_pinmux_pin_set_config
                0x00004e20       0x48 src/ASF/sam0/drivers/system/pinmux/pinmux.o
                0x00004e20                system_pinmux_pin_set_config
 .text._system_dummy_init
                0x00004e68        0xa src/ASF/sam0/drivers/system/system.o
                0x00004e68                _system_extint_init
                0x00004e68                _system_events_init
                0x00004e68                _system_dummy_init
                0x00004e68                _system_divas_init
 *fill*         0x00004e72        0x2 
 .text.system_init
                0x00004e74       0x34 src/ASF/sam0/drivers/system/system.o
                0x00004e74                system_init
 .text.Reset_Handler
                0x00004ea8       0xf8 src/ASF/sam0/utils/cmsis/samd21/source/gcc/startup_samd21.o
                0x00004ea8                Reset_Handler
 .text.Dummy_Handler
                0x00004fa0        0x6 src/ASF/sam0/utils/cmsis/samd21/source/gcc/startup_samd21.o
                0x00004fa0                DMAC_Handler
                0x00004fa0                HardFault_Handler
                0x00004fa0                AC_Handler
                0x00004fa0                SysTick_Handler
                0x00004fa0                PendSV_Handler
                0x00004fa0                NMI_Handler
                0x00004fa0                ADC_Handler
                0x00004fa0                TCC1_Handler
                0x00004fa0                TCC0_Handler
                0x00004fa0                RTC_Handler
                0x00004fa0                EIC_Handler
                0x00004fa0                WDT_Handler
                0x00004fa0                TC4_Handler
                0x00004fa0                USB_Handler
                0x00004fa0                TC3_Handler
                0x00004fa0                Dummy_Handler
                0x00004fa0                PM_Handler
                0x00004fa0                SVC_Handler
                0x00004fa0                TCC2_Handler
                0x00004fa0                EVSYS_Handler
                0x00004fa0                I2S_Handler
                0x00004fa0                NVMCTRL_Handler
                0x00004fa0                DAC_Handler
                0x00004fa0                PTC_Handler
                0x00004fa0                TC5_Handler
                0x00004fa0                SYSCTRL_Handler
 *fill*         0x00004fa6        0x2 
 .text.system_pinmux_get_group_from_gpio_pin
                0x00004fa8       0x60 src/main.o
 .text.port_get_group_from_gpio_pin
                0x00005008       0x24 src/main.o
 .text.port_get_config_defaults
                0x0000502c       0x22 src/main.o
 *fill*         0x0000504e        0x2 
 .text.port_pin_get_input_level
                0x00005050       0x44 src/main.o
 .text.port_pin_set_output_level
                0x00005094       0x54 src/main.o
 .text.system_interrupt_enable
                0x000050e8       0x2c src/main.o
 .text.spi_is_syncing
                0x00005114       0x20 src/main.o
 .text.spi_get_config_defaults
                0x00005134       0x84 src/main.o
 .text.spi_enable
                0x000051b8       0x50 src/main.o
 .text.at25dfx_chip_init
                0x00005208       0x68 src/main.o
 .text.at25dfx_init
                0x00005270       0xac src/main.o
 .text.main     0x0000531c      0x124 src/main.o
                0x0000531c                main
 .text          0x00005440      0x114 c:/program files (x86)/atmel/studio/7.0/toolchain/arm/arm-gnu-toolchain/bin/../lib/gcc/arm-none-eabi/6.3.1/thumb/v6-m\libgcc.a(_udivsi3.o)
                0x00005440                __aeabi_uidiv
                0x00005440                __udivsi3
                0x0000554c                __aeabi_uidivmod
 .text          0x00005554        0x4 c:/program files (x86)/atmel/studio/7.0/toolchain/arm/arm-gnu-toolchain/bin/../lib/gcc/arm-none-eabi/6.3.1/thumb/v6-m\libgcc.a(_dvmd_tls.o)
                0x00005554                __aeabi_idiv0
                0x00005554                __aeabi_ldiv0
 .text.__libc_init_array
                0x00005558       0x48 c:/program files (x86)/atmel/studio/7.0/toolchain/arm/arm-gnu-toolchain/bin/../lib/gcc/arm-none-eabi/6.3.1/../../../../arm-none-eabi/lib/thumb/v6-m\libc_nano.a(lib_a-init.o)
                0x00005558                __libc_init_array
 .text.memset   0x000055a0       0x10 c:/program files (x86)/atmel/studio/7.0/toolchain/arm/arm-gnu-toolchain/bin/../lib/gcc/arm-none-eabi/6.3.1/../../../../arm-none-eabi/lib/thumb/v6-m\libc_nano.a(lib_a-memset.o)
                0x000055a0                memset
 *(.glue_7t)
 .glue_7t       0x000055b0        0x0 linker stubs
 *(.glue_7)
 .glue_7        0x000055b0        0x0 linker stubs
 *(.rodata .rodata* .gnu.linkonce.r.*)
 .rodata._at25dfx_get_device_id
                0x000055b0       0x28 src/ASF/common2/components/memory/serial_flash/at25dfx/at25dfx.o
 .rodata._at25dfx_get_device_size
                0x000055d8       0x28 src/ASF/common2/components/memory/serial_flash/at25dfx/at25dfx.o
 .rodata        0x00005600       0x18 src/ASF/sam0/drivers/sercom/sercom.o
 .rodata        0x00005618        0x6 src/ASF/sam0/drivers/sercom/sercom_interrupt.o
 *fill*         0x0000561e        0x2 
 .rodata.system_clock_source_get_hz
                0x00005620       0x24 src/ASF/sam0/drivers/system/clock/clock_samd21_r21_da_ha1/clock.o
 .rodata.system_clock_source_enable
                0x00005644       0x24 src/ASF/sam0/drivers/system/clock/clock_samd21_r21_da_ha1/clock.o
 *(.ARM.extab* .gnu.linkonce.armextab.*)
                0x00005668                . = ALIGN (0x4)
 *(.init)
 .init          0x00005668        0x4 c:/program files (x86)/atmel/studio/7.0/toolchain/arm/arm-gnu-toolchain/bin/../lib/gcc/arm-none-eabi/6.3.1/thumb/v6-m/crti.o
                0x00005668                _init
 .init          0x0000566c        0x8 c:/program files (x86)/atmel/studio/7.0/toolchain/arm/arm-gnu-toolchain/bin/../lib/gcc/arm-none-eabi/6.3.1/thumb/v6-m/crtn.o
                0x00005674                . = ALIGN (0x4)
                0x00005674                __preinit_array_start = .
 *(.preinit_array)
                0x00005674                __preinit_array_end = .
                0x00005674                . = ALIGN (0x4)
                0x00005674                __init_array_start = .
 *(SORT(.init_array.*))
 *(.init_array)
 .init_array    0x00005674        0x4 c:/program files (x86)/atmel/studio/7.0/toolchain/arm/arm-gnu-toolchain/bin/../lib/gcc/arm-none-eabi/6.3.1/thumb/v6-m/crtbegin.o
                0x00005678                __init_array_end = .
                0x00005678                . = ALIGN (0x4)
 *crtbegin.o(.ctors)
 *(EXCLUDE_FILE(*crtend.o) .ctors)
 *(SORT(.ctors.*))
 *crtend.o(.ctors)
                0x00005678                . = ALIGN (0x4)
 *(.fini)
 .fini          0x00005678        0x4 c:/program files (x86)/atmel/studio/7.0/toolchain/arm/arm-gnu-toolchain/bin/../lib/gcc/arm-none-eabi/6.3.1/thumb/v6-m/crti.o
                0x00005678                _fini
 .fini          0x0000567c        0x8 c:/program files (x86)/atmel/studio/7.0/toolchain/arm/arm-gnu-toolchain/bin/../lib/gcc/arm-none-eabi/6.3.1/thumb/v6-m/crtn.o
                0x00005684                . = ALIGN (0x4)
                0x00005684                __fini_array_start = .
 *(.fini_array)
 .fini_array    0x00005684        0x4 c:/program files (x86)/atmel/studio/7.0/toolchain/arm/arm-gnu-toolchain/bin/../lib/gcc/arm-none-eabi/6.3.1/thumb/v6-m/crtbegin.o
 *(SORT(.fini_array.*))
                0x00005688                __fini_array_end = .
 *crtbegin.o(.dtors)
 *(EXCLUDE_FILE(*crtend.o) .dtors)
 *(SORT(.dtors.*))
 *crtend.o(.dtors)
                0x00005688                . = ALIGN (0x4)
                0x00005688                _efixed = .
                [!provide]                PROVIDE (__exidx_start, .)

.vfp11_veneer   0x00005688        0x0
 .vfp11_veneer  0x00005688        0x0 linker stubs

.v4_bx          0x00005688        0x0
 .v4_bx         0x00005688        0x0 linker stubs

.iplt           0x00005688        0x0
 .iplt          0x00005688        0x0 c:/program files (x86)/atmel/studio/7.0/toolchain/arm/arm-gnu-toolchain/bin/../lib/gcc/arm-none-eabi/6.3.1/thumb/v6-m/crtbegin.o

.eh_frame       0x00005688        0x0
 .eh_frame      0x00005688        0x0 c:/program files (x86)/atmel/studio/7.0/toolchain/arm/arm-gnu-toolchain/bin/../lib/gcc/arm-none-eabi/6.3.1/thumb/v6-m/crtbegin.o

.rel.dyn        0x00005688        0x0
 .rel.iplt      0x00005688        0x0 c:/program files (x86)/atmel/studio/7.0/toolchain/arm/arm-gnu-toolchain/bin/../lib/gcc/arm-none-eabi/6.3.1/thumb/v6-m/crtbegin.o

.jcr            0x00005688        0x0
 .jcr           0x00005688        0x0 c:/program files (x86)/atmel/studio/7.0/toolchain/arm/arm-gnu-toolchain/bin/../lib/gcc/arm-none-eabi/6.3.1/thumb/v6-m/crtbegin.o

.igot.plt       0x00005688        0x0
 .igot.plt      0x00005688        0x0 c:/program files (x86)/atmel/studio/7.0/toolchain/arm/arm-gnu-toolchain/bin/../lib/gcc/arm-none-eabi/6.3.1/thumb/v6-m/crtbegin.o

.ARM.exidx
 *(.ARM.exidx* .gnu.linkonce.armexidx.*)
                [!provide]                PROVIDE (__exidx_end, .)
                0x00005688                . = ALIGN (0x4)
                0x00005688                _etext = .

.relocate       0x20000000       0x10 load address 0x00005688
                0x20000000                . = ALIGN (0x4)
                0x20000000                _srelocate = .
 *(.ramfunc .ramfunc.*)
 *(.data .data.*)
 .data.g_interrupt_enabled
                0x20000000        0x1 src/ASF/common/utils/interrupt/interrupt_sam_nvic.o
                0x20000000                g_interrupt_enabled
 *fill*         0x20000001        0x3 
 .data.write_buffer
                0x20000004        0xa src/main.o
                0x20000010                . = ALIGN (0x4)
 *fill*         0x2000000e        0x2 
                0x20000010                _erelocate = .

.bss            0x20000010       0xc4 load address 0x00005698
                0x20000010                . = ALIGN (0x4)
                0x20000010                _sbss = .
                0x20000010                _szero = .
 *(.bss .bss.*)
 .bss           0x20000010       0x1c c:/program files (x86)/atmel/studio/7.0/toolchain/arm/arm-gnu-toolchain/bin/../lib/gcc/arm-none-eabi/6.3.1/thumb/v6-m/crtbegin.o
 .bss.cpu_irq_critical_section_counter
                0x2000002c        0x4 src/ASF/common/utils/interrupt/interrupt_sam_nvic.o
 .bss.cpu_irq_prev_interrupt_state
                0x20000030        0x1 src/ASF/common/utils/interrupt/interrupt_sam_nvic.o
 *fill*         0x20000031        0x3 
 .bss._sercom_config
                0x20000034        0x2 src/ASF/sam0/drivers/sercom/sercom.o
 .bss._handler_table_initialized
                0x20000036        0x1 src/ASF/sam0/drivers/sercom/sercom_interrupt.o
 *fill*         0x20000037        0x1 
 .bss._sercom_interrupt_handlers
                0x20000038       0x18 src/ASF/sam0/drivers/sercom/sercom_interrupt.o
 .bss._system_clock_inst
                0x20000050       0x18 src/ASF/sam0/drivers/system/clock/clock_samd21_r21_da_ha1/clock.o
 .bss.read_buffer
                0x20000068        0xa src/main.o
 *(COMMON)
 *fill*         0x20000072        0x2 
 COMMON         0x20000074       0x18 src/ASF/sam0/drivers/sercom/sercom_interrupt.o
                0x20000074                _sercom_instances
 COMMON         0x2000008c        0x2 src/ASF/sam0/drivers/sercom/spi/spi_interrupt.o
                0x2000008c                dummy_write
 *fill*         0x2000008e        0x2 
 COMMON         0x20000090       0x44 src/main.o
                0x20000090                at25dfx_chip
                0x20000098                at25dfx_spi
                0x200000d4                . = ALIGN (0x4)
                0x200000d4                _ebss = .
                0x200000d4                _ezero = .

.stack          0x200000d4     0x2004 load address 0x0000575c
                0x200000d8                . = ALIGN (0x8)
 *fill*         0x200000d4        0x4 
                0x200000d8                _sstack = .
                0x200020d8                . = (. + STACK_SIZE)
 *fill*         0x200000d8     0x2000 
                0x200020d8                . = ALIGN (0x8)
                0x200020d8                _estack = .
                0x200020d8                . = ALIGN (0x4)
                0x200020d8                _end = .
OUTPUT(DroneDADApplication.elf elf32-littlearm)

.ARM.attributes
                0x00000000       0x28
 .ARM.attributes
                0x00000000       0x1e c:/program files (x86)/atmel/studio/7.0/toolchain/arm/arm-gnu-toolchain/bin/../lib/gcc/arm-none-eabi/6.3.1/thumb/v6-m/crti.o
 .ARM.attributes
                0x0000001e       0x2c c:/program files (x86)/atmel/studio/7.0/toolchain/arm/arm-gnu-toolchain/bin/../lib/gcc/arm-none-eabi/6.3.1/thumb/v6-m/crtbegin.o
 .ARM.attributes
                0x0000004a       0x32 src/ASF/common2/components/memory/serial_flash/at25dfx/at25dfx.o
 .ARM.attributes
                0x0000007c       0x32 src/ASF/sam0/drivers/port/port.o
 .ARM.attributes
                0x000000ae       0x32 src/ASF/common2/boards/user_board/init.o
 .ARM.attributes
                0x000000e0       0x32 src/ASF/common/utils/interrupt/interrupt_sam_nvic.o
 .ARM.attributes
                0x00000112       0x32 src/ASF/sam0/drivers/sercom/sercom.o
 .ARM.attributes
                0x00000144       0x32 src/ASF/sam0/drivers/sercom/sercom_interrupt.o
 .ARM.attributes
                0x00000176       0x32 src/ASF/sam0/drivers/sercom/spi/spi.o
 .ARM.attributes
                0x000001a8       0x32 src/ASF/sam0/drivers/sercom/spi/spi_interrupt.o
 .ARM.attributes
                0x000001da       0x32 src/ASF/sam0/drivers/system/clock/clock_samd21_r21_da_ha1/clock.o
 .ARM.attributes
                0x0000020c       0x32 src/ASF/sam0/drivers/system/clock/clock_samd21_r21_da_ha1/gclk.o
 .ARM.attributes
                0x0000023e       0x32 src/ASF/sam0/drivers/system/pinmux/pinmux.o
 .ARM.attributes
                0x00000270       0x32 src/ASF/sam0/drivers/system/system.o
 .ARM.attributes
                0x000002a2       0x32 src/ASF/sam0/utils/cmsis/samd21/source/gcc/startup_samd21.o
 .ARM.attributes
                0x000002d4       0x32 src/main.o
 .ARM.attributes
                0x00000306       0x1e c:/program files (x86)/atmel/studio/7.0/toolchain/arm/arm-gnu-toolchain/bin/../lib/gcc/arm-none-eabi/6.3.1/thumb/v6-m\libgcc.a(_udivsi3.o)
 .ARM.attributes
                0x00000324       0x1e c:/program files (x86)/atmel/studio/7.0/toolchain/arm/arm-gnu-toolchain/bin/../lib/gcc/arm-none-eabi/6.3.1/thumb/v6-m\libgcc.a(_dvmd_tls.o)
 .ARM.attributes
                0x00000342       0x2c c:/program files (x86)/atmel/studio/7.0/toolchain/arm/arm-gnu-toolchain/bin/../lib/gcc/arm-none-eabi/6.3.1/../../../../arm-none-eabi/lib/thumb/v6-m\libc_nano.a(lib_a-init.o)
 .ARM.attributes
                0x0000036e       0x2c c:/program files (x86)/atmel/studio/7.0/toolchain/arm/arm-gnu-toolchain/bin/../lib/gcc/arm-none-eabi/6.3.1/../../../../arm-none-eabi/lib/thumb/v6-m\libc_nano.a(lib_a-memset.o)
 .ARM.attributes
                0x0000039a       0x1e c:/program files (x86)/atmel/studio/7.0/toolchain/arm/arm-gnu-toolchain/bin/../lib/gcc/arm-none-eabi/6.3.1/thumb/v6-m/crtn.o

.comment        0x00000000       0x59
 .comment       0x00000000       0x59 src/ASF/common2/components/memory/serial_flash/at25dfx/at25dfx.o
                                 0x5a (size before relaxing)
 .comment       0x00000059       0x5a src/ASF/sam0/drivers/port/port.o
 .comment       0x00000059       0x5a src/ASF/common2/boards/user_board/init.o
 .comment       0x00000059       0x5a src/ASF/common/utils/interrupt/interrupt_sam_nvic.o
 .comment       0x00000059       0x5a src/ASF/sam0/drivers/sercom/sercom.o
 .comment       0x00000059       0x5a src/ASF/sam0/drivers/sercom/sercom_interrupt.o
 .comment       0x00000059       0x5a src/ASF/sam0/drivers/sercom/spi/spi.o
 .comment       0x00000059       0x5a src/ASF/sam0/drivers/sercom/spi/spi_interrupt.o
 .comment       0x00000059       0x5a src/ASF/sam0/drivers/system/clock/clock_samd21_r21_da_ha1/clock.o
 .comment       0x00000059       0x5a src/ASF/sam0/drivers/system/clock/clock_samd21_r21_da_ha1/gclk.o
 .comment       0x00000059       0x5a src/ASF/sam0/drivers/system/pinmux/pinmux.o
 .comment       0x00000059       0x5a src/ASF/sam0/drivers/system/system.o
 .comment       0x00000059       0x5a src/ASF/sam0/utils/cmsis/samd21/source/gcc/startup_samd21.o
 .comment       0x00000059       0x5a src/main.o

.debug_info     0x00000000    0x23234
 .debug_info    0x00000000     0x3dda src/ASF/common2/components/memory/serial_flash/at25dfx/at25dfx.o
 .debug_info    0x00003dda     0x127c src/ASF/sam0/drivers/port/port.o
 .debug_info    0x00005056      0xa5d src/ASF/common2/boards/user_board/init.o
 .debug_info    0x00005ab3      0xb0c src/ASF/common/utils/interrupt/interrupt_sam_nvic.o
 .debug_info    0x000065bf     0x2d96 src/ASF/sam0/drivers/sercom/sercom.o
 .debug_info    0x00009355     0x2b6d src/ASF/sam0/drivers/sercom/sercom_interrupt.o
 .debug_info    0x0000bec2     0x58ae src/ASF/sam0/drivers/sercom/spi/spi.o
 .debug_info    0x00011770     0x309b src/ASF/sam0/drivers/sercom/spi/spi_interrupt.o
 .debug_info    0x0001480b     0x36f9 src/ASF/sam0/drivers/system/clock/clock_samd21_r21_da_ha1/clock.o
 .debug_info    0x00017f04     0x1d15 src/ASF/sam0/drivers/system/clock/clock_samd21_r21_da_ha1/gclk.o
 .debug_info    0x00019c19     0x13c0 src/ASF/sam0/drivers/system/pinmux/pinmux.o
 .debug_info    0x0001afd9      0xa74 src/ASF/sam0/drivers/system/system.o
 .debug_info    0x0001ba4d     0x3a4c src/ASF/sam0/utils/cmsis/samd21/source/gcc/startup_samd21.o
 .debug_info    0x0001f499     0x3d9b src/main.o

.debug_abbrev   0x00000000     0x27d2
 .debug_abbrev  0x00000000      0x34f src/ASF/common2/components/memory/serial_flash/at25dfx/at25dfx.o
 .debug_abbrev  0x0000034f      0x27b src/ASF/sam0/drivers/port/port.o
 .debug_abbrev  0x000005ca      0x1be src/ASF/common2/boards/user_board/init.o
 .debug_abbrev  0x00000788      0x22e src/ASF/common/utils/interrupt/interrupt_sam_nvic.o
 .debug_abbrev  0x000009b6      0x30e src/ASF/sam0/drivers/sercom/sercom.o
 .debug_abbrev  0x00000cc4      0x2bf src/ASF/sam0/drivers/sercom/sercom_interrupt.o
 .debug_abbrev  0x00000f83      0x3dd src/ASF/sam0/drivers/sercom/spi/spi.o
 .debug_abbrev  0x00001360      0x33b src/ASF/sam0/drivers/sercom/spi/spi_interrupt.o
 .debug_abbrev  0x0000169b      0x3ab src/ASF/sam0/drivers/system/clock/clock_samd21_r21_da_ha1/clock.o
 .debug_abbrev  0x00001a46      0x35e src/ASF/sam0/drivers/system/clock/clock_samd21_r21_da_ha1/gclk.o
 .debug_abbrev  0x00001da4      0x2f1 src/ASF/sam0/drivers/system/pinmux/pinmux.o
 .debug_abbrev  0x00002095      0x1e1 src/ASF/sam0/drivers/system/system.o
 .debug_abbrev  0x00002276      0x227 src/ASF/sam0/utils/cmsis/samd21/source/gcc/startup_samd21.o
 .debug_abbrev  0x0000249d      0x335 src/main.o

.debug_loc      0x00000000     0x206d
 .debug_loc     0x00000000      0x65d src/ASF/common2/components/memory/serial_flash/at25dfx/at25dfx.o
 .debug_loc     0x0000065d       0xa8 src/ASF/sam0/drivers/port/port.o
 .debug_loc     0x00000705       0x2c src/ASF/common2/boards/user_board/init.o
 .debug_loc     0x00000731       0x64 src/ASF/common/utils/interrupt/interrupt_sam_nvic.o
 .debug_loc     0x00000795      0x18c src/ASF/sam0/drivers/sercom/sercom.o
 .debug_loc     0x00000921      0x1b0 src/ASF/sam0/drivers/sercom/sercom_interrupt.o
 .debug_loc     0x00000ad1      0x5e0 src/ASF/sam0/drivers/sercom/spi/spi.o
 .debug_loc     0x000010b1      0x310 src/ASF/sam0/drivers/sercom/spi/spi_interrupt.o
 .debug_loc     0x000013c1      0x476 src/ASF/sam0/drivers/system/clock/clock_samd21_r21_da_ha1/clock.o
 .debug_loc     0x00001837      0x388 src/ASF/sam0/drivers/system/clock/clock_samd21_r21_da_ha1/gclk.o
 .debug_loc     0x00001bbf      0x150 src/ASF/sam0/drivers/system/pinmux/pinmux.o
 .debug_loc     0x00001d0f       0x58 src/ASF/sam0/drivers/system/system.o
 .debug_loc     0x00001d67       0x64 src/ASF/sam0/utils/cmsis/samd21/source/gcc/startup_samd21.o
 .debug_loc     0x00001dcb      0x2a2 src/main.o

.debug_aranges  0x00000000      0x610
 .debug_aranges
                0x00000000      0x100 src/ASF/common2/components/memory/serial_flash/at25dfx/at25dfx.o
 .debug_aranges
                0x00000100       0x30 src/ASF/sam0/drivers/port/port.o
 .debug_aranges
                0x00000130       0x20 src/ASF/common2/boards/user_board/init.o
 .debug_aranges
                0x00000150       0x28 src/ASF/common/utils/interrupt/interrupt_sam_nvic.o
 .debug_aranges
                0x00000178       0x50 src/ASF/sam0/drivers/sercom/sercom.o
 .debug_aranges
                0x000001c8       0x60 src/ASF/sam0/drivers/sercom/sercom_interrupt.o
 .debug_aranges
                0x00000228       0xf0 src/ASF/sam0/drivers/sercom/spi/spi.o
 .debug_aranges
                0x00000318       0x88 src/ASF/sam0/drivers/sercom/spi/spi_interrupt.o
 .debug_aranges
                0x000003a0       0xc0 src/ASF/sam0/drivers/system/clock/clock_samd21_r21_da_ha1/clock.o
 .debug_aranges
                0x00000460       0xa0 src/ASF/sam0/drivers/system/clock/clock_samd21_r21_da_ha1/gclk.o
 .debug_aranges
                0x00000500       0x48 src/ASF/sam0/drivers/system/pinmux/pinmux.o
 .debug_aranges
                0x00000548       0x28 src/ASF/sam0/drivers/system/system.o
 .debug_aranges
                0x00000570       0x28 src/ASF/sam0/utils/cmsis/samd21/source/gcc/startup_samd21.o
 .debug_aranges
                0x00000598       0x78 src/main.o

.debug_ranges   0x00000000      0x530
 .debug_ranges  0x00000000       0xf0 src/ASF/common2/components/memory/serial_flash/at25dfx/at25dfx.o
 .debug_ranges  0x000000f0       0x20 src/ASF/sam0/drivers/port/port.o
 .debug_ranges  0x00000110       0x10 src/ASF/common2/boards/user_board/init.o
 .debug_ranges  0x00000120       0x18 src/ASF/common/utils/interrupt/interrupt_sam_nvic.o
 .debug_ranges  0x00000138       0x40 src/ASF/sam0/drivers/sercom/sercom.o
 .debug_ranges  0x00000178       0x50 src/ASF/sam0/drivers/sercom/sercom_interrupt.o
 .debug_ranges  0x000001c8       0xe0 src/ASF/sam0/drivers/sercom/spi/spi.o
 .debug_ranges  0x000002a8       0x78 src/ASF/sam0/drivers/sercom/spi/spi_interrupt.o
 .debug_ranges  0x00000320       0xb0 src/ASF/sam0/drivers/system/clock/clock_samd21_r21_da_ha1/clock.o
 .debug_ranges  0x000003d0       0x90 src/ASF/sam0/drivers/system/clock/clock_samd21_r21_da_ha1/gclk.o
 .debug_ranges  0x00000460       0x38 src/ASF/sam0/drivers/system/pinmux/pinmux.o
 .debug_ranges  0x00000498       0x18 src/ASF/sam0/drivers/system/system.o
 .debug_ranges  0x000004b0       0x18 src/ASF/sam0/utils/cmsis/samd21/source/gcc/startup_samd21.o
 .debug_ranges  0x000004c8       0x68 src/main.o

.debug_macro    0x00000000    0x186fb
 .debug_macro   0x00000000      0x5fc src/ASF/common2/components/memory/serial_flash/at25dfx/at25dfx.o
 .debug_macro   0x000005fc      0x8b0 src/ASF/common2/components/memory/serial_flash/at25dfx/at25dfx.o
 .debug_macro   0x00000eac      0x16d src/ASF/common2/components/memory/serial_flash/at25dfx/at25dfx.o
 .debug_macro   0x00001019      0x64b src/ASF/common2/components/memory/serial_flash/at25dfx/at25dfx.o
 .debug_macro   0x00001664       0x22 src/ASF/common2/components/memory/serial_flash/at25dfx/at25dfx.o
 .debug_macro   0x00001686       0x87 src/ASF/common2/components/memory/serial_flash/at25dfx/at25dfx.o
 .debug_macro   0x0000170d       0x51 src/ASF/common2/components/memory/serial_flash/at25dfx/at25dfx.o
 .debug_macro   0x0000175e       0xef src/ASF/common2/components/memory/serial_flash/at25dfx/at25dfx.o
 .debug_macro   0x0000184d       0x6a src/ASF/common2/components/memory/serial_flash/at25dfx/at25dfx.o
 .debug_macro   0x000018b7      0x1df src/ASF/common2/components/memory/serial_flash/at25dfx/at25dfx.o
 .debug_macro   0x00001a96       0x10 src/ASF/common2/components/memory/serial_flash/at25dfx/at25dfx.o
 .debug_macro   0x00001aa6       0x76 src/ASF/common2/components/memory/serial_flash/at25dfx/at25dfx.o
 .debug_macro   0x00001b1c       0x16 src/ASF/common2/components/memory/serial_flash/at25dfx/at25dfx.o
 .debug_macro   0x00001b32      0x6e5 src/ASF/common2/components/memory/serial_flash/at25dfx/at25dfx.o
 .debug_macro   0x00002217      0xde2 src/ASF/common2/components/memory/serial_flash/at25dfx/at25dfx.o
 .debug_macro   0x00002ff9       0x22 src/ASF/common2/components/memory/serial_flash/at25dfx/at25dfx.o
 .debug_macro   0x0000301b       0x40 src/ASF/common2/components/memory/serial_flash/at25dfx/at25dfx.o
 .debug_macro   0x0000305b       0x3a src/ASF/common2/components/memory/serial_flash/at25dfx/at25dfx.o
 .debug_macro   0x00003095       0x1f src/ASF/common2/components/memory/serial_flash/at25dfx/at25dfx.o
 .debug_macro   0x000030b4      0x250 src/ASF/common2/components/memory/serial_flash/at25dfx/at25dfx.o
 .debug_macro   0x00003304      0x682 src/ASF/common2/components/memory/serial_flash/at25dfx/at25dfx.o
 .debug_macro   0x00003986      0x8bf src/ASF/common2/components/memory/serial_flash/at25dfx/at25dfx.o
 .debug_macro   0x00004245      0x235 src/ASF/common2/components/memory/serial_flash/at25dfx/at25dfx.o
 .debug_macro   0x0000447a      0xd6a src/ASF/common2/components/memory/serial_flash/at25dfx/at25dfx.o
 .debug_macro   0x000051e4      0x4ce src/ASF/common2/components/memory/serial_flash/at25dfx/at25dfx.o
 .debug_macro   0x000056b2      0x9f8 src/ASF/common2/components/memory/serial_flash/at25dfx/at25dfx.o
 .debug_macro   0x000060aa      0x82b src/ASF/common2/components/memory/serial_flash/at25dfx/at25dfx.o
 .debug_macro   0x000068d5      0x45f src/ASF/common2/components/memory/serial_flash/at25dfx/at25dfx.o
 .debug_macro   0x00006d34       0x5e src/ASF/common2/components/memory/serial_flash/at25dfx/at25dfx.o
 .debug_macro   0x00006d92      0x906 src/ASF/common2/components/memory/serial_flash/at25dfx/at25dfx.o
 .debug_macro   0x00007698      0x225 src/ASF/common2/components/memory/serial_flash/at25dfx/at25dfx.o
 .debug_macro   0x000078bd      0x963 src/ASF/common2/components/memory/serial_flash/at25dfx/at25dfx.o
 .debug_macro   0x00008220       0x5e src/ASF/common2/components/memory/serial_flash/at25dfx/at25dfx.o
 .debug_macro   0x0000827e      0x671 src/ASF/common2/components/memory/serial_flash/at25dfx/at25dfx.o
 .debug_macro   0x000088ef      0x3af src/ASF/common2/components/memory/serial_flash/at25dfx/at25dfx.o
 .debug_macro   0x00008c9e      0xc7f src/ASF/common2/components/memory/serial_flash/at25dfx/at25dfx.o
 .debug_macro   0x0000991d     0x1092 src/ASF/common2/components/memory/serial_flash/at25dfx/at25dfx.o
 .debug_macro   0x0000a9af      0xc4a src/ASF/common2/components/memory/serial_flash/at25dfx/at25dfx.o
 .debug_macro   0x0000b5f9      0x6bf src/ASF/common2/components/memory/serial_flash/at25dfx/at25dfx.o
 .debug_macro   0x0000bcb8     0x1bc9 src/ASF/common2/components/memory/serial_flash/at25dfx/at25dfx.o
 .debug_macro   0x0000d881     0x144a src/ASF/common2/components/memory/serial_flash/at25dfx/at25dfx.o
 .debug_macro   0x0000eccb      0x34e src/ASF/common2/components/memory/serial_flash/at25dfx/at25dfx.o
 .debug_macro   0x0000f019       0x7c src/ASF/common2/components/memory/serial_flash/at25dfx/at25dfx.o
 .debug_macro   0x0000f095       0xa0 src/ASF/common2/components/memory/serial_flash/at25dfx/at25dfx.o
 .debug_macro   0x0000f135       0x4c src/ASF/common2/components/memory/serial_flash/at25dfx/at25dfx.o
 .debug_macro   0x0000f181       0xca src/ASF/common2/components/memory/serial_flash/at25dfx/at25dfx.o
 .debug_macro   0x0000f24b       0x94 src/ASF/common2/components/memory/serial_flash/at25dfx/at25dfx.o
 .debug_macro   0x0000f2df       0x58 src/ASF/common2/components/memory/serial_flash/at25dfx/at25dfx.o
 .debug_macro   0x0000f337      0x387 src/ASF/common2/components/memory/serial_flash/at25dfx/at25dfx.o
 .debug_macro   0x0000f6be       0x82 src/ASF/common2/components/memory/serial_flash/at25dfx/at25dfx.o
 .debug_macro   0x0000f740      0x197 src/ASF/common2/components/memory/serial_flash/at25dfx/at25dfx.o
 .debug_macro   0x0000f8d7       0xb8 src/ASF/common2/components/memory/serial_flash/at25dfx/at25dfx.o
 .debug_macro   0x0000f98f       0xa0 src/ASF/common2/components/memory/serial_flash/at25dfx/at25dfx.o
 .debug_macro   0x0000fa2f       0xb8 src/ASF/common2/components/memory/serial_flash/at25dfx/at25dfx.o
 .debug_macro   0x0000fae7       0x1c src/ASF/common2/components/memory/serial_flash/at25dfx/at25dfx.o
 .debug_macro   0x0000fb03       0x1c src/ASF/common2/components/memory/serial_flash/at25dfx/at25dfx.o
 .debug_macro   0x0000fb1f       0x1c src/ASF/common2/components/memory/serial_flash/at25dfx/at25dfx.o
 .debug_macro   0x0000fb3b       0x82 src/ASF/common2/components/memory/serial_flash/at25dfx/at25dfx.o
 .debug_macro   0x0000fbbd      0x161 src/ASF/common2/components/memory/serial_flash/at25dfx/at25dfx.o
 .debug_macro   0x0000fd1e       0xdc src/ASF/common2/components/memory/serial_flash/at25dfx/at25dfx.o
 .debug_macro   0x0000fdfa      0x12f src/ASF/common2/components/memory/serial_flash/at25dfx/at25dfx.o
 .debug_macro   0x0000ff29      0x12f src/ASF/common2/components/memory/serial_flash/at25dfx/at25dfx.o
 .debug_macro   0x00010058      0x12f src/ASF/common2/components/memory/serial_flash/at25dfx/at25dfx.o
 .debug_macro   0x00010187      0x12f src/ASF/common2/components/memory/serial_flash/at25dfx/at25dfx.o
 .debug_macro   0x000102b6      0x12f src/ASF/common2/components/memory/serial_flash/at25dfx/at25dfx.o
 .debug_macro   0x000103e5      0x12f src/ASF/common2/components/memory/serial_flash/at25dfx/at25dfx.o
 .debug_macro   0x00010514      0x124 src/ASF/common2/components/memory/serial_flash/at25dfx/at25dfx.o
 .debug_macro   0x00010638       0xe2 src/ASF/common2/components/memory/serial_flash/at25dfx/at25dfx.o
 .debug_macro   0x0001071a       0xe2 src/ASF/common2/components/memory/serial_flash/at25dfx/at25dfx.o
 .debug_macro   0x000107fc       0xe2 src/ASF/common2/components/memory/serial_flash/at25dfx/at25dfx.o
 .debug_macro   0x000108de      0x133 src/ASF/common2/components/memory/serial_flash/at25dfx/at25dfx.o
 .debug_macro   0x00010a11      0x106 src/ASF/common2/components/memory/serial_flash/at25dfx/at25dfx.o
 .debug_macro   0x00010b17       0xfa src/ASF/common2/components/memory/serial_flash/at25dfx/at25dfx.o
 .debug_macro   0x00010c11      0x40f src/ASF/common2/components/memory/serial_flash/at25dfx/at25dfx.o
 .debug_macro   0x00011020       0x40 src/ASF/common2/components/memory/serial_flash/at25dfx/at25dfx.o
 .debug_macro   0x00011060      0x361 src/ASF/common2/components/memory/serial_flash/at25dfx/at25dfx.o
 .debug_macro   0x000113c1     0x16ed src/ASF/common2/components/memory/serial_flash/at25dfx/at25dfx.o
 .debug_macro   0x00012aae       0x6d src/ASF/common2/components/memory/serial_flash/at25dfx/at25dfx.o
 .debug_macro   0x00012b1b       0x58 src/ASF/common2/components/memory/serial_flash/at25dfx/at25dfx.o
 .debug_macro   0x00012b73       0x35 src/ASF/common2/components/memory/serial_flash/at25dfx/at25dfx.o
 .debug_macro   0x00012ba8       0x9c src/ASF/common2/components/memory/serial_flash/at25dfx/at25dfx.o
 .debug_macro   0x00012c44       0x16 src/ASF/common2/components/memory/serial_flash/at25dfx/at25dfx.o
 .debug_macro   0x00012c5a       0x35 src/ASF/common2/components/memory/serial_flash/at25dfx/at25dfx.o
 .debug_macro   0x00012c8f      0x353 src/ASF/common2/components/memory/serial_flash/at25dfx/at25dfx.o
 .debug_macro   0x00012fe2       0x10 src/ASF/common2/components/memory/serial_flash/at25dfx/at25dfx.o
 .debug_macro   0x00012ff2       0x58 src/ASF/common2/components/memory/serial_flash/at25dfx/at25dfx.o
 .debug_macro   0x0001304a       0x1f src/ASF/common2/components/memory/serial_flash/at25dfx/at25dfx.o
 .debug_macro   0x00013069       0x43 src/ASF/common2/components/memory/serial_flash/at25dfx/at25dfx.o
 .debug_macro   0x000130ac       0x20 src/ASF/common2/components/memory/serial_flash/at25dfx/at25dfx.o
 .debug_macro   0x000130cc      0x187 src/ASF/common2/components/memory/serial_flash/at25dfx/at25dfx.o
 .debug_macro   0x00013253       0x10 src/ASF/common2/components/memory/serial_flash/at25dfx/at25dfx.o
 .debug_macro   0x00013263       0x1c src/ASF/common2/components/memory/serial_flash/at25dfx/at25dfx.o
 .debug_macro   0x0001327f       0x52 src/ASF/common2/components/memory/serial_flash/at25dfx/at25dfx.o
 .debug_macro   0x000132d1       0x40 src/ASF/common2/components/memory/serial_flash/at25dfx/at25dfx.o
 .debug_macro   0x00013311       0x10 src/ASF/common2/components/memory/serial_flash/at25dfx/at25dfx.o
 .debug_macro   0x00013321       0x40 src/ASF/common2/components/memory/serial_flash/at25dfx/at25dfx.o
 .debug_macro   0x00013361       0xd7 src/ASF/common2/components/memory/serial_flash/at25dfx/at25dfx.o
 .debug_macro   0x00013438       0x16 src/ASF/common2/components/memory/serial_flash/at25dfx/at25dfx.o
 .debug_macro   0x0001344e      0x18b src/ASF/common2/components/memory/serial_flash/at25dfx/at25dfx.o
 .debug_macro   0x000135d9       0x16 src/ASF/common2/components/memory/serial_flash/at25dfx/at25dfx.o
 .debug_macro   0x000135ef       0x16 src/ASF/common2/components/memory/serial_flash/at25dfx/at25dfx.o
 .debug_macro   0x00013605       0x29 src/ASF/common2/components/memory/serial_flash/at25dfx/at25dfx.o
 .debug_macro   0x0001362e       0x51 src/ASF/common2/components/memory/serial_flash/at25dfx/at25dfx.o
 .debug_macro   0x0001367f       0x3f src/ASF/common2/components/memory/serial_flash/at25dfx/at25dfx.o
 .debug_macro   0x000136be      0x3df src/ASF/common2/components/memory/serial_flash/at25dfx/at25dfx.o
 .debug_macro   0x00013a9d       0x18 src/ASF/common2/components/memory/serial_flash/at25dfx/at25dfx.o
 .debug_macro   0x00013ab5       0x12 src/ASF/common2/components/memory/serial_flash/at25dfx/at25dfx.o
 .debug_macro   0x00013ac7       0x11 src/ASF/common2/components/memory/serial_flash/at25dfx/at25dfx.o
 .debug_macro   0x00013ad8       0x16 src/ASF/common2/components/memory/serial_flash/at25dfx/at25dfx.o
 .debug_macro   0x00013aee       0x2e src/ASF/common2/components/memory/serial_flash/at25dfx/at25dfx.o
 .debug_macro   0x00013b1c       0xb2 src/ASF/common2/components/memory/serial_flash/at25dfx/at25dfx.o
 .debug_macro   0x00013bce       0x10 src/ASF/common2/components/memory/serial_flash/at25dfx/at25dfx.o
 .debug_macro   0x00013bde       0x16 src/ASF/common2/components/memory/serial_flash/at25dfx/at25dfx.o
 .debug_macro   0x00013bf4       0x16 src/ASF/common2/components/memory/serial_flash/at25dfx/at25dfx.o
 .debug_macro   0x00013c0a       0x35 src/ASF/common2/components/memory/serial_flash/at25dfx/at25dfx.o
 .debug_macro   0x00013c3f       0x16 src/ASF/common2/components/memory/serial_flash/at25dfx/at25dfx.o
 .debug_macro   0x00013c55      0x518 src/ASF/sam0/drivers/port/port.o
 .debug_macro   0x0001416d      0x624 src/ASF/common2/boards/user_board/init.o
 .debug_macro   0x00014791      0x2c6 src/ASF/common2/boards/user_board/init.o
 .debug_macro   0x00014a57      0x4fe src/ASF/common/utils/interrupt/interrupt_sam_nvic.o
 .debug_macro   0x00014f55      0x58b src/ASF/sam0/drivers/sercom/sercom.o
 .debug_macro   0x000154e0      0x588 src/ASF/sam0/drivers/sercom/sercom_interrupt.o
 .debug_macro   0x00015a68      0x5cf src/ASF/sam0/drivers/sercom/spi/spi.o
 .debug_macro   0x00016037      0x5d9 src/ASF/sam0/drivers/sercom/spi/spi_interrupt.o
 .debug_macro   0x00016610      0x56f src/ASF/sam0/drivers/system/clock/clock_samd21_r21_da_ha1/clock.o
 .debug_macro   0x00016b7f      0x29d src/ASF/sam0/drivers/system/clock/clock_samd21_r21_da_ha1/clock.o
 .debug_macro   0x00016e1c      0x534 src/ASF/sam0/drivers/system/clock/clock_samd21_r21_da_ha1/gclk.o
 .debug_macro   0x00017350      0x50e src/ASF/sam0/drivers/system/pinmux/pinmux.o
 .debug_macro   0x0001785e       0x12 src/ASF/sam0/drivers/system/pinmux/pinmux.o
 .debug_macro   0x00017870      0x541 src/ASF/sam0/drivers/system/system.o
 .debug_macro   0x00017db1      0x2e5 src/ASF/sam0/utils/cmsis/samd21/source/gcc/startup_samd21.o
 .debug_macro   0x00018096       0x3a src/ASF/sam0/utils/cmsis/samd21/source/gcc/startup_samd21.o
 .debug_macro   0x000180d0      0x62b src/main.o

.debug_line     0x00000000     0xa2a4
 .debug_line    0x00000000      0xfc5 src/ASF/common2/components/memory/serial_flash/at25dfx/at25dfx.o
 .debug_line    0x00000fc5      0x8f9 src/ASF/sam0/drivers/port/port.o
 .debug_line    0x000018be      0xc85 src/ASF/common2/boards/user_board/init.o
 .debug_line    0x00002543      0x8c7 src/ASF/common/utils/interrupt/interrupt_sam_nvic.o
 .debug_line    0x00002e0a      0xc13 src/ASF/sam0/drivers/sercom/sercom.o
 .debug_line    0x00003a1d      0xb75 src/ASF/sam0/drivers/sercom/sercom_interrupt.o
 .debug_line    0x00004592     0x1024 src/ASF/sam0/drivers/sercom/spi/spi.o
 .debug_line    0x000055b6      0xd38 src/ASF/sam0/drivers/sercom/spi/spi_interrupt.o
 .debug_line    0x000062ee      0xcad src/ASF/sam0/drivers/system/clock/clock_samd21_r21_da_ha1/clock.o
 .debug_line    0x00006f9b      0xb9e src/ASF/sam0/drivers/system/clock/clock_samd21_r21_da_ha1/gclk.o
 .debug_line    0x00007b39      0x96b src/ASF/sam0/drivers/system/pinmux/pinmux.o
 .debug_line    0x000084a4      0x9ea src/ASF/sam0/drivers/system/system.o
 .debug_line    0x00008e8e      0x650 src/ASF/sam0/utils/cmsis/samd21/source/gcc/startup_samd21.o
 .debug_line    0x000094de      0xdc6 src/main.o

.debug_str      0x00000000    0x868d3
 .debug_str     0x00000000    0x807a8 src/ASF/common2/components/memory/serial_flash/at25dfx/at25dfx.o
                              0x81194 (size before relaxing)
 .debug_str     0x000807a8      0x25c src/ASF/sam0/drivers/port/port.o
                              0x7f829 (size before relaxing)
 .debug_str     0x00080a04      0x8e3 src/ASF/common2/boards/user_board/init.o
                              0x8059a (size before relaxing)
 .debug_str     0x000812e7       0x66 src/ASF/common/utils/interrupt/interrupt_sam_nvic.o
                              0x7f3fd (size before relaxing)
 .debug_str     0x0008134d      0x642 src/ASF/sam0/drivers/sercom/sercom.o
                              0x80ade (size before relaxing)
 .debug_str     0x0008198f      0x533 src/ASF/sam0/drivers/sercom/sercom_interrupt.o
                              0x80941 (size before relaxing)
 .debug_str     0x00081ec2      0xcfb src/ASF/sam0/drivers/sercom/spi/spi.o
                              0x81ea9 (size before relaxing)
 .debug_str     0x00082bbd      0x194 src/ASF/sam0/drivers/sercom/spi/spi_interrupt.o
                              0x80d8b (size before relaxing)
 .debug_str     0x00082d51     0x279e src/ASF/sam0/drivers/system/clock/clock_samd21_r21_da_ha1/clock.o
                              0x82596 (size before relaxing)
 .debug_str     0x000854ef      0x1fa src/ASF/sam0/drivers/system/clock/clock_samd21_r21_da_ha1/gclk.o
                              0x800c0 (size before relaxing)
 .debug_str     0x000856e9      0x179 src/ASF/sam0/drivers/system/pinmux/pinmux.o
                              0x7f89f (size before relaxing)
 .debug_str     0x00085862       0x47 src/ASF/sam0/drivers/system/system.o
                              0x7f4da (size before relaxing)
 .debug_str     0x000858a9      0xf28 src/ASF/sam0/utils/cmsis/samd21/source/gcc/startup_samd21.o
                              0x6b2ba (size before relaxing)
 .debug_str     0x000867d1      0x102 src/main.o
                              0x822a4 (size before relaxing)

.debug_frame    0x00000000     0x1408
 .debug_frame   0x00000000      0x3b0 src/ASF/common2/components/memory/serial_flash/at25dfx/at25dfx.o
 .debug_frame   0x000003b0       0x70 src/ASF/sam0/drivers/port/port.o
 .debug_frame   0x00000420       0x2c src/ASF/common2/boards/user_board/init.o
 .debug_frame   0x0000044c       0x4c src/ASF/common/utils/interrupt/interrupt_sam_nvic.o
 .debug_frame   0x00000498       0xf8 src/ASF/sam0/drivers/sercom/sercom.o
 .debug_frame   0x00000590      0x118 src/ASF/sam0/drivers/sercom/sercom_interrupt.o
 .debug_frame   0x000006a8      0x36c src/ASF/sam0/drivers/sercom/spi/spi.o
 .debug_frame   0x00000a14      0x1d0 src/ASF/sam0/drivers/sercom/spi/spi_interrupt.o
 .debug_frame   0x00000be4      0x2a4 src/ASF/sam0/drivers/system/clock/clock_samd21_r21_da_ha1/clock.o
 .debug_frame   0x00000e88      0x220 src/ASF/sam0/drivers/system/clock/clock_samd21_r21_da_ha1/gclk.o
 .debug_frame   0x000010a8       0xd0 src/ASF/sam0/drivers/system/pinmux/pinmux.o
 .debug_frame   0x00001178       0x48 src/ASF/sam0/drivers/system/system.o
 .debug_frame   0x000011c0       0x4c src/ASF/sam0/utils/cmsis/samd21/source/gcc/startup_samd21.o
 .debug_frame   0x0000120c      0x190 src/main.o
 .debug_frame   0x0000139c       0x20 c:/program files (x86)/atmel/studio/7.0/toolchain/arm/arm-gnu-toolchain/bin/../lib/gcc/arm-none-eabi/6.3.1/thumb/v6-m\libgcc.a(_udivsi3.o)
 .debug_frame   0x000013bc       0x2c c:/program files (x86)/atmel/studio/7.0/toolchain/arm/arm-gnu-toolchain/bin/../lib/gcc/arm-none-eabi/6.3.1/../../../../arm-none-eabi/lib/thumb/v6-m\libc_nano.a(lib_a-init.o)
 .debug_frame   0x000013e8       0x20 c:/program files (x86)/atmel/studio/7.0/toolchain/arm/arm-gnu-toolchain/bin/../lib/gcc/arm-none-eabi/6.3.1/../../../../arm-none-eabi/lib/thumb/v6-m\libc_nano.a(lib_a-memset.o)

Cross Reference Table

Symbol                                            File
AC_Handler                                        src/ASF/sam0/utils/cmsis/samd21/source/gcc/startup_samd21.o
ADC_Handler                                       src/ASF/sam0/utils/cmsis/samd21/source/gcc/startup_samd21.o
DAC_Handler                                       src/ASF/sam0/utils/cmsis/samd21/source/gcc/startup_samd21.o
DMAC_Handler                                      src/ASF/sam0/utils/cmsis/samd21/source/gcc/startup_samd21.o
Dummy_Handler                                     src/ASF/sam0/utils/cmsis/samd21/source/gcc/startup_samd21.o
EIC_Handler                                       src/ASF/sam0/utils/cmsis/samd21/source/gcc/startup_samd21.o
EVSYS_Handler                                     src/ASF/sam0/utils/cmsis/samd21/source/gcc/startup_samd21.o
HardFault_Handler                                 src/ASF/sam0/utils/cmsis/samd21/source/gcc/startup_samd21.o
I2S_Handler                                       src/ASF/sam0/utils/cmsis/samd21/source/gcc/startup_samd21.o
NMI_Handler                                       src/ASF/sam0/utils/cmsis/samd21/source/gcc/startup_samd21.o
NVMCTRL_Handler                                   src/ASF/sam0/utils/cmsis/samd21/source/gcc/startup_samd21.o
PM_Handler                                        src/ASF/sam0/utils/cmsis/samd21/source/gcc/startup_samd21.o
PTC_Handler                                       src/ASF/sam0/utils/cmsis/samd21/source/gcc/startup_samd21.o
PendSV_Handler                                    src/ASF/sam0/utils/cmsis/samd21/source/gcc/startup_samd21.o
RTC_Handler                                       src/ASF/sam0/utils/cmsis/samd21/source/gcc/startup_samd21.o
Reset_Handler                                     src/ASF/sam0/utils/cmsis/samd21/source/gcc/startup_samd21.o
SERCOM0_Handler                                   src/ASF/sam0/drivers/sercom/sercom_interrupt.o
SERCOM1_Handler                                   src/ASF/sam0/drivers/sercom/sercom_interrupt.o
SERCOM2_Handler                                   src/ASF/sam0/drivers/sercom/sercom_interrupt.o
SERCOM3_Handler                                   src/ASF/sam0/drivers/sercom/sercom_interrupt.o
SERCOM4_Handler                                   src/ASF/sam0/drivers/sercom/sercom_interrupt.o
SERCOM5_Handler                                   src/ASF/sam0/drivers/sercom/sercom_interrupt.o
SVC_Handler                                       src/ASF/sam0/utils/cmsis/samd21/source/gcc/startup_samd21.o
SYSCTRL_Handler                                   src/ASF/sam0/utils/cmsis/samd21/source/gcc/startup_samd21.o
SysTick_Handler                                   src/ASF/sam0/utils/cmsis/samd21/source/gcc/startup_samd21.o
SystemCoreClock                                   src/ASF/sam0/utils/cmsis/samd21/source/system_samd21.o
SystemCoreClockUpdate                             src/ASF/sam0/utils/cmsis/samd21/source/system_samd21.o
SystemInit                                        src/ASF/sam0/utils/cmsis/samd21/source/system_samd21.o
TC3_Handler                                       src/ASF/sam0/utils/cmsis/samd21/source/gcc/startup_samd21.o
TC4_Handler                                       src/ASF/sam0/utils/cmsis/samd21/source/gcc/startup_samd21.o
TC5_Handler                                       src/ASF/sam0/utils/cmsis/samd21/source/gcc/startup_samd21.o
TCC0_Handler                                      src/ASF/sam0/utils/cmsis/samd21/source/gcc/startup_samd21.o
TCC1_Handler                                      src/ASF/sam0/utils/cmsis/samd21/source/gcc/startup_samd21.o
TCC2_Handler                                      src/ASF/sam0/utils/cmsis/samd21/source/gcc/startup_samd21.o
USB_Handler                                       src/ASF/sam0/utils/cmsis/samd21/source/gcc/startup_samd21.o
WDT_Handler                                       src/ASF/sam0/utils/cmsis/samd21/source/gcc/startup_samd21.o
_Jv_RegisterClasses                               c:/program files (x86)/atmel/studio/7.0/toolchain/arm/arm-gnu-toolchain/bin/../lib/gcc/arm-none-eabi/6.3.1/thumb/v6-m/crtbegin.o
__aeabi_idiv0                                     c:/program files (x86)/atmel/studio/7.0/toolchain/arm/arm-gnu-toolchain/bin/../lib/gcc/arm-none-eabi/6.3.1/thumb/v6-m\libgcc.a(_dvmd_tls.o)
                                                  c:/program files (x86)/atmel/studio/7.0/toolchain/arm/arm-gnu-toolchain/bin/../lib/gcc/arm-none-eabi/6.3.1/thumb/v6-m\libgcc.a(_udivsi3.o)
__aeabi_ldiv0                                     c:/program files (x86)/atmel/studio/7.0/toolchain/arm/arm-gnu-toolchain/bin/../lib/gcc/arm-none-eabi/6.3.1/thumb/v6-m\libgcc.a(_dvmd_tls.o)
__aeabi_lmul                                      c:/program files (x86)/atmel/studio/7.0/toolchain/arm/arm-gnu-toolchain/bin/../lib/gcc/arm-none-eabi/6.3.1/thumb/v6-m\libgcc.a(_muldi3.o)
                                                  src/ASF/sam0/drivers/sercom/sercom.o
__aeabi_uidiv                                     c:/program files (x86)/atmel/studio/7.0/toolchain/arm/arm-gnu-toolchain/bin/../lib/gcc/arm-none-eabi/6.3.1/thumb/v6-m\libgcc.a(_udivsi3.o)
                                                  src/ASF/sam0/drivers/system/clock/clock_samd21_r21_da_ha1/gclk.o
                                                  src/ASF/sam0/drivers/system/clock/clock_samd21_r21_da_ha1/clock.o
__aeabi_uidivmod                                  c:/program files (x86)/atmel/studio/7.0/toolchain/arm/arm-gnu-toolchain/bin/../lib/gcc/arm-none-eabi/6.3.1/thumb/v6-m\libgcc.a(_udivsi3.o)
__bss_end__                                       c:/program files (x86)/atmel/studio/7.0/toolchain/arm/arm-gnu-toolchain/bin/../lib/gcc/arm-none-eabi/6.3.1/../../../../arm-none-eabi/lib/thumb/v6-m/crt0.o
__bss_start__                                     c:/program files (x86)/atmel/studio/7.0/toolchain/arm/arm-gnu-toolchain/bin/../lib/gcc/arm-none-eabi/6.3.1/../../../../arm-none-eabi/lib/thumb/v6-m/crt0.o
__call_exitprocs                                  c:/program files (x86)/atmel/studio/7.0/toolchain/arm/arm-gnu-toolchain/bin/../lib/gcc/arm-none-eabi/6.3.1/../../../../arm-none-eabi/lib/thumb/v6-m\libc_nano.a(lib_a-exit.o)
__deregister_frame_info                           c:/program files (x86)/atmel/studio/7.0/toolchain/arm/arm-gnu-toolchain/bin/../lib/gcc/arm-none-eabi/6.3.1/thumb/v6-m/crtbegin.o
__dso_handle                                      c:/program files (x86)/atmel/studio/7.0/toolchain/arm/arm-gnu-toolchain/bin/../lib/gcc/arm-none-eabi/6.3.1/thumb/v6-m/crtbegin.o
__init_array_end                                  c:/program files (x86)/atmel/studio/7.0/toolchain/arm/arm-gnu-toolchain/bin/../lib/gcc/arm-none-eabi/6.3.1/../../../../arm-none-eabi/lib/thumb/v6-m\libc_nano.a(lib_a-init.o)
__init_array_start                                c:/program files (x86)/atmel/studio/7.0/toolchain/arm/arm-gnu-toolchain/bin/../lib/gcc/arm-none-eabi/6.3.1/../../../../arm-none-eabi/lib/thumb/v6-m\libc_nano.a(lib_a-init.o)
__libc_fini_array                                 c:/program files (x86)/atmel/studio/7.0/toolchain/arm/arm-gnu-toolchain/bin/../lib/gcc/arm-none-eabi/6.3.1/../../../../arm-none-eabi/lib/thumb/v6-m/crt0.o
__libc_init_array                                 c:/program files (x86)/atmel/studio/7.0/toolchain/arm/arm-gnu-toolchain/bin/../lib/gcc/arm-none-eabi/6.3.1/../../../../arm-none-eabi/lib/thumb/v6-m\libc_nano.a(lib_a-init.o)
                                                  src/ASF/sam0/utils/cmsis/samd21/source/gcc/startup_samd21.o
                                                  c:/program files (x86)/atmel/studio/7.0/toolchain/arm/arm-gnu-toolchain/bin/../lib/gcc/arm-none-eabi/6.3.1/../../../../arm-none-eabi/lib/thumb/v6-m/crt0.o
__muldi3                                          c:/program files (x86)/atmel/studio/7.0/toolchain/arm/arm-gnu-toolchain/bin/../lib/gcc/arm-none-eabi/6.3.1/thumb/v6-m\libgcc.a(_muldi3.o)
__preinit_array_end                               c:/program files (x86)/atmel/studio/7.0/toolchain/arm/arm-gnu-toolchain/bin/../lib/gcc/arm-none-eabi/6.3.1/../../../../arm-none-eabi/lib/thumb/v6-m\libc_nano.a(lib_a-init.o)
__preinit_array_start                             c:/program files (x86)/atmel/studio/7.0/toolchain/arm/arm-gnu-toolchain/bin/../lib/gcc/arm-none-eabi/6.3.1/../../../../arm-none-eabi/lib/thumb/v6-m\libc_nano.a(lib_a-init.o)
__register_frame_info                             c:/program files (x86)/atmel/studio/7.0/toolchain/arm/arm-gnu-toolchain/bin/../lib/gcc/arm-none-eabi/6.3.1/thumb/v6-m/crtbegin.o
__sf_fake_stderr                                  c:/program files (x86)/atmel/studio/7.0/toolchain/arm/arm-gnu-toolchain/bin/../lib/gcc/arm-none-eabi/6.3.1/../../../../arm-none-eabi/lib/thumb/v6-m\libc_nano.a(lib_a-impure.o)
__sf_fake_stdin                                   c:/program files (x86)/atmel/studio/7.0/toolchain/arm/arm-gnu-toolchain/bin/../lib/gcc/arm-none-eabi/6.3.1/../../../../arm-none-eabi/lib/thumb/v6-m\libc_nano.a(lib_a-impure.o)
__sf_fake_stdout                                  c:/program files (x86)/atmel/studio/7.0/toolchain/arm/arm-gnu-toolchain/bin/../lib/gcc/arm-none-eabi/6.3.1/../../../../arm-none-eabi/lib/thumb/v6-m\libc_nano.a(lib_a-impure.o)
__stack                                           c:/program files (x86)/atmel/studio/7.0/toolchain/arm/arm-gnu-toolchain/bin/../lib/gcc/arm-none-eabi/6.3.1/../../../../arm-none-eabi/lib/thumb/v6-m/crt0.o
__udivsi3                                         c:/program files (x86)/atmel/studio/7.0/toolchain/arm/arm-gnu-toolchain/bin/../lib/gcc/arm-none-eabi/6.3.1/thumb/v6-m\libgcc.a(_udivsi3.o)
_close                                            src/ASF/sam0/utils/syscalls/gcc/syscalls.o
_end                                              src/ASF/sam0/utils/syscalls/gcc/syscalls.o
_erelocate                                        src/ASF/sam0/utils/cmsis/samd21/source/gcc/startup_samd21.o
_estack                                           src/ASF/sam0/utils/cmsis/samd21/source/gcc/startup_samd21.o
_etext                                            src/ASF/sam0/utils/cmsis/samd21/source/gcc/startup_samd21.o
_exit                                             src/ASF/sam0/utils/syscalls/gcc/syscalls.o
                                                  c:/program files (x86)/atmel/studio/7.0/toolchain/arm/arm-gnu-toolchain/bin/../lib/gcc/arm-none-eabi/6.3.1/../../../../arm-none-eabi/lib/thumb/v6-m\libc_nano.a(lib_a-exit.o)
_ezero                                            src/ASF/sam0/utils/cmsis/samd21/source/gcc/startup_samd21.o
_fini                                             c:/program files (x86)/atmel/studio/7.0/toolchain/arm/arm-gnu-toolchain/bin/../lib/gcc/arm-none-eabi/6.3.1/thumb/v6-m/crti.o
_fstat                                            src/ASF/sam0/utils/syscalls/gcc/syscalls.o
_getpid                                           src/ASF/sam0/utils/syscalls/gcc/syscalls.o
_global_impure_ptr                                c:/program files (x86)/atmel/studio/7.0/toolchain/arm/arm-gnu-toolchain/bin/../lib/gcc/arm-none-eabi/6.3.1/../../../../arm-none-eabi/lib/thumb/v6-m\libc_nano.a(lib_a-impure.o)
                                                  c:/program files (x86)/atmel/studio/7.0/toolchain/arm/arm-gnu-toolchain/bin/../lib/gcc/arm-none-eabi/6.3.1/../../../../arm-none-eabi/lib/thumb/v6-m\libc_nano.a(lib_a-exit.o)
_impure_ptr                                       c:/program files (x86)/atmel/studio/7.0/toolchain/arm/arm-gnu-toolchain/bin/../lib/gcc/arm-none-eabi/6.3.1/../../../../arm-none-eabi/lib/thumb/v6-m\libc_nano.a(lib_a-impure.o)
_init                                             c:/program files (x86)/atmel/studio/7.0/toolchain/arm/arm-gnu-toolchain/bin/../lib/gcc/arm-none-eabi/6.3.1/thumb/v6-m/crti.o
                                                  c:/program files (x86)/atmel/studio/7.0/toolchain/arm/arm-gnu-toolchain/bin/../lib/gcc/arm-none-eabi/6.3.1/../../../../arm-none-eabi/lib/thumb/v6-m\libc_nano.a(lib_a-init.o)
_isatty                                           src/ASF/sam0/utils/syscalls/gcc/syscalls.o
_kill                                             src/ASF/sam0/utils/syscalls/gcc/syscalls.o
_lseek                                            src/ASF/sam0/utils/syscalls/gcc/syscalls.o
_mainCRTStartup                                   c:/program files (x86)/atmel/studio/7.0/toolchain/arm/arm-gnu-toolchain/bin/../lib/gcc/arm-none-eabi/6.3.1/../../../../arm-none-eabi/lib/thumb/v6-m/crt0.o
_sbrk                                             src/ASF/sam0/utils/syscalls/gcc/syscalls.o
_sercom_get_async_baud_val                        src/ASF/sam0/drivers/sercom/sercom.o
_sercom_get_default_pad                           src/ASF/sam0/drivers/sercom/sercom.o
                                                  src/ASF/sam0/drivers/sercom/spi/spi.o
_sercom_get_interrupt_vector                      src/ASF/sam0/drivers/sercom/sercom_interrupt.o
                                                  src/main.o
                                                  src/ASF/sam0/drivers/sercom/spi/spi.o
_sercom_get_sercom_inst_index                     src/ASF/sam0/drivers/sercom/sercom.o
                                                  src/ASF/sam0/drivers/sercom/spi/spi.o
                                                  src/ASF/sam0/drivers/sercom/sercom_interrupt.o
_sercom_get_sync_baud_val                         src/ASF/sam0/drivers/sercom/sercom.o
                                                  src/ASF/sam0/drivers/sercom/spi/spi.o
_sercom_instances                                 src/ASF/sam0/drivers/sercom/sercom_interrupt.o
                                                  src/ASF/sam0/drivers/sercom/spi/spi_interrupt.o
                                                  src/ASF/sam0/drivers/sercom/spi/spi.o
_sercom_set_handler                               src/ASF/sam0/drivers/sercom/sercom_interrupt.o
                                                  src/ASF/sam0/drivers/sercom/spi/spi.o
_sfixed                                           src/ASF/sam0/utils/cmsis/samd21/source/gcc/startup_samd21.o
_spi_interrupt_handler                            src/ASF/sam0/drivers/sercom/spi/spi_interrupt.o
                                                  src/ASF/sam0/drivers/sercom/spi/spi.o
_srelocate                                        src/ASF/sam0/utils/cmsis/samd21/source/gcc/startup_samd21.o
_start                                            c:/program files (x86)/atmel/studio/7.0/toolchain/arm/arm-gnu-toolchain/bin/../lib/gcc/arm-none-eabi/6.3.1/../../../../arm-none-eabi/lib/thumb/v6-m/crt0.o
_system_divas_init                                src/ASF/sam0/drivers/system/system.o
_system_dummy_init                                src/ASF/sam0/drivers/system/system.o
_system_events_init                               src/ASF/sam0/drivers/system/system.o
_system_extint_init                               src/ASF/sam0/drivers/system/system.o
_szero                                            src/ASF/sam0/utils/cmsis/samd21/source/gcc/startup_samd21.o
at25dfx_chip                                      src/main.o
at25dfx_chip_check_presence                       src/ASF/common2/components/memory/serial_flash/at25dfx/at25dfx.o
                                                  src/main.o
at25dfx_chip_erase                                src/ASF/common2/components/memory/serial_flash/at25dfx/at25dfx.o
at25dfx_chip_erase_block                          src/ASF/common2/components/memory/serial_flash/at25dfx/at25dfx.o
                                                  src/main.o
at25dfx_chip_get_sector_protect                   src/ASF/common2/components/memory/serial_flash/at25dfx/at25dfx.o
at25dfx_chip_read_buffer                          src/ASF/common2/components/memory/serial_flash/at25dfx/at25dfx.o
                                                  src/main.o
at25dfx_chip_set_global_sector_protect            src/ASF/common2/components/memory/serial_flash/at25dfx/at25dfx.o
                                                  src/main.o
at25dfx_chip_set_sector_protect                   src/ASF/common2/components/memory/serial_flash/at25dfx/at25dfx.o
                                                  src/main.o
at25dfx_chip_sleep                                src/ASF/common2/components/memory/serial_flash/at25dfx/at25dfx.o
                                                  src/main.o
at25dfx_chip_wake                                 src/ASF/common2/components/memory/serial_flash/at25dfx/at25dfx.o
                                                  src/main.o
at25dfx_chip_write_buffer                         src/ASF/common2/components/memory/serial_flash/at25dfx/at25dfx.o
                                                  src/main.o
at25dfx_spi                                       src/main.o
atexit                                            c:/program files (x86)/atmel/studio/7.0/toolchain/arm/arm-gnu-toolchain/bin/../lib/gcc/arm-none-eabi/6.3.1/../../../../arm-none-eabi/lib/thumb/v6-m/crt0.o
board_init                                        src/ASF/common2/boards/user_board/init.o
cpu_irq_enter_critical                            src/ASF/common/utils/interrupt/interrupt_sam_nvic.o
                                                  src/ASF/sam0/drivers/system/clock/clock_samd21_r21_da_ha1/gclk.o
                                                  src/ASF/common2/components/memory/serial_flash/at25dfx/at25dfx.o
cpu_irq_leave_critical                            src/ASF/common/utils/interrupt/interrupt_sam_nvic.o
                                                  src/ASF/sam0/drivers/system/clock/clock_samd21_r21_da_ha1/gclk.o
                                                  src/ASF/common2/components/memory/serial_flash/at25dfx/at25dfx.o
dummy_write                                       src/ASF/sam0/drivers/sercom/spi/spi_interrupt.o
exception_table                                   src/ASF/sam0/utils/cmsis/samd21/source/gcc/startup_samd21.o
exit                                              c:/program files (x86)/atmel/studio/7.0/toolchain/arm/arm-gnu-toolchain/bin/../lib/gcc/arm-none-eabi/6.3.1/../../../../arm-none-eabi/lib/thumb/v6-m\libc_nano.a(lib_a-exit.o)
                                                  c:/program files (x86)/atmel/studio/7.0/toolchain/arm/arm-gnu-toolchain/bin/../lib/gcc/arm-none-eabi/6.3.1/../../../../arm-none-eabi/lib/thumb/v6-m/crt0.o
g_interrupt_enabled                               src/ASF/common/utils/interrupt/interrupt_sam_nvic.o
hardware_init_hook                                c:/program files (x86)/atmel/studio/7.0/toolchain/arm/arm-gnu-toolchain/bin/../lib/gcc/arm-none-eabi/6.3.1/../../../../arm-none-eabi/lib/thumb/v6-m/crt0.o
link                                              src/ASF/sam0/utils/syscalls/gcc/syscalls.o
main                                              src/main.o
                                                  src/ASF/sam0/utils/cmsis/samd21/source/gcc/startup_samd21.o
                                                  c:/program files (x86)/atmel/studio/7.0/toolchain/arm/arm-gnu-toolchain/bin/../lib/gcc/arm-none-eabi/6.3.1/../../../../arm-none-eabi/lib/thumb/v6-m/crt0.o
memset                                            c:/program files (x86)/atmel/studio/7.0/toolchain/arm/arm-gnu-toolchain/bin/../lib/gcc/arm-none-eabi/6.3.1/../../../../arm-none-eabi/lib/thumb/v6-m\libc_nano.a(lib_a-memset.o)
                                                  src/main.o
                                                  c:/program files (x86)/atmel/studio/7.0/toolchain/arm/arm-gnu-toolchain/bin/../lib/gcc/arm-none-eabi/6.3.1/../../../../arm-none-eabi/lib/thumb/v6-m/crt0.o
port_group_set_config                             src/ASF/sam0/drivers/port/port.o
port_pin_set_config                               src/ASF/sam0/drivers/port/port.o
                                                  src/main.o
sercom_set_gclk_generator                         src/ASF/sam0/drivers/sercom/sercom.o
                                                  src/ASF/sam0/drivers/sercom/spi/spi.o
software_init_hook                                c:/program files (x86)/atmel/studio/7.0/toolchain/arm/arm-gnu-toolchain/bin/../lib/gcc/arm-none-eabi/6.3.1/../../../../arm-none-eabi/lib/thumb/v6-m/crt0.o
spi_abort_job                                     src/ASF/sam0/drivers/sercom/spi/spi_interrupt.o
spi_init                                          src/ASF/sam0/drivers/sercom/spi/spi.o
                                                  src/main.o
spi_read_buffer_job                               src/ASF/sam0/drivers/sercom/spi/spi_interrupt.o
spi_read_buffer_wait                              src/ASF/sam0/drivers/sercom/spi/spi.o
                                                  src/ASF/common2/components/memory/serial_flash/at25dfx/at25dfx.o
spi_register_callback                             src/ASF/sam0/drivers/sercom/spi/spi_interrupt.o
spi_reset                                         src/ASF/sam0/drivers/sercom/spi/spi.o
spi_select_slave                                  src/ASF/sam0/drivers/sercom/spi/spi.o
spi_set_baudrate                                  src/ASF/sam0/drivers/sercom/spi/spi.o
spi_transceive_buffer_job                         src/ASF/sam0/drivers/sercom/spi/spi_interrupt.o
spi_transceive_buffer_wait                        src/ASF/sam0/drivers/sercom/spi/spi.o
spi_transceive_wait                               src/ASF/sam0/drivers/sercom/spi/spi.o
spi_unregister_callback                           src/ASF/sam0/drivers/sercom/spi/spi_interrupt.o
spi_write_buffer_job                              src/ASF/sam0/drivers/sercom/spi/spi_interrupt.o
spi_write_buffer_wait                             src/ASF/sam0/drivers/sercom/spi/spi.o
                                                  src/ASF/common2/components/memory/serial_flash/at25dfx/at25dfx.o
system_board_init                                 src/ASF/common2/boards/user_board/init.o
system_clock_init                                 src/ASF/sam0/drivers/system/clock/clock_samd21_r21_da_ha1/clock.o
system_clock_source_dfll_set_config               src/ASF/sam0/drivers/system/clock/clock_samd21_r21_da_ha1/clock.o
system_clock_source_disable                       src/ASF/sam0/drivers/system/clock/clock_samd21_r21_da_ha1/clock.o
system_clock_source_dpll_set_config               src/ASF/sam0/drivers/system/clock/clock_samd21_r21_da_ha1/clock.o
system_clock_source_enable                        src/ASF/sam0/drivers/system/clock/clock_samd21_r21_da_ha1/clock.o
system_clock_source_get_hz                        src/ASF/sam0/drivers/system/clock/clock_samd21_r21_da_ha1/clock.o
                                                  src/ASF/sam0/drivers/system/clock/clock_samd21_r21_da_ha1/gclk.o
system_clock_source_is_ready                      src/ASF/sam0/drivers/system/clock/clock_samd21_r21_da_ha1/clock.o
system_clock_source_osc32k_set_config             src/ASF/sam0/drivers/system/clock/clock_samd21_r21_da_ha1/clock.o
system_clock_source_osc8m_set_config              src/ASF/sam0/drivers/system/clock/clock_samd21_r21_da_ha1/clock.o
system_clock_source_write_calibration             src/ASF/sam0/drivers/system/clock/clock_samd21_r21_da_ha1/clock.o
system_clock_source_xosc32k_set_config            src/ASF/sam0/drivers/system/clock/clock_samd21_r21_da_ha1/clock.o
system_clock_source_xosc_set_config               src/ASF/sam0/drivers/system/clock/clock_samd21_r21_da_ha1/clock.o
system_gclk_chan_disable                          src/ASF/sam0/drivers/system/clock/clock_samd21_r21_da_ha1/gclk.o
system_gclk_chan_enable                           src/ASF/sam0/drivers/system/clock/clock_samd21_r21_da_ha1/gclk.o
                                                  src/ASF/sam0/drivers/sercom/spi/spi.o
                                                  src/ASF/sam0/drivers/sercom/sercom.o
system_gclk_chan_get_hz                           src/ASF/sam0/drivers/system/clock/clock_samd21_r21_da_ha1/gclk.o
                                                  src/ASF/sam0/drivers/system/clock/clock_samd21_r21_da_ha1/clock.o
                                                  src/ASF/sam0/drivers/sercom/spi/spi.o
system_gclk_chan_is_enabled                       src/ASF/sam0/drivers/system/clock/clock_samd21_r21_da_ha1/gclk.o
system_gclk_chan_is_locked                        src/ASF/sam0/drivers/system/clock/clock_samd21_r21_da_ha1/gclk.o
system_gclk_chan_lock                             src/ASF/sam0/drivers/system/clock/clock_samd21_r21_da_ha1/gclk.o
system_gclk_chan_set_config                       src/ASF/sam0/drivers/system/clock/clock_samd21_r21_da_ha1/gclk.o
                                                  src/ASF/sam0/drivers/system/clock/clock_samd21_r21_da_ha1/clock.o
                                                  src/ASF/sam0/drivers/sercom/spi/spi.o
                                                  src/ASF/sam0/drivers/sercom/sercom.o
system_gclk_gen_disable                           src/ASF/sam0/drivers/system/clock/clock_samd21_r21_da_ha1/gclk.o
system_gclk_gen_enable                            src/ASF/sam0/drivers/system/clock/clock_samd21_r21_da_ha1/gclk.o
                                                  src/ASF/sam0/drivers/system/clock/clock_samd21_r21_da_ha1/clock.o
system_gclk_gen_get_hz                            src/ASF/sam0/drivers/system/clock/clock_samd21_r21_da_ha1/gclk.o
system_gclk_gen_is_enabled                        src/ASF/sam0/drivers/system/clock/clock_samd21_r21_da_ha1/gclk.o
system_gclk_gen_set_config                        src/ASF/sam0/drivers/system/clock/clock_samd21_r21_da_ha1/gclk.o
                                                  src/ASF/sam0/drivers/system/clock/clock_samd21_r21_da_ha1/clock.o
system_gclk_init                                  src/ASF/sam0/drivers/system/clock/clock_samd21_r21_da_ha1/gclk.o
                                                  src/ASF/sam0/drivers/system/clock/clock_samd21_r21_da_ha1/clock.o
system_init                                       src/ASF/sam0/drivers/system/system.o
                                                  src/main.o
system_interrupt_clear_pending                    src/ASF/sam0/drivers/system/interrupt/system_interrupt.o
system_interrupt_get_priority                     src/ASF/sam0/drivers/system/interrupt/system_interrupt.o
system_interrupt_is_pending                       src/ASF/sam0/drivers/system/interrupt/system_interrupt.o
system_interrupt_set_pending                      src/ASF/sam0/drivers/system/interrupt/system_interrupt.o
system_interrupt_set_priority                     src/ASF/sam0/drivers/system/interrupt/system_interrupt.o
system_pinmux_group_set_config                    src/ASF/sam0/drivers/system/pinmux/pinmux.o
                                                  src/ASF/sam0/drivers/port/port.o
system_pinmux_group_set_input_sample_mode         src/ASF/sam0/drivers/system/pinmux/pinmux.o
system_pinmux_group_set_output_strength           src/ASF/sam0/drivers/system/pinmux/pinmux.o
system_pinmux_pin_set_config                      src/ASF/sam0/drivers/system/pinmux/pinmux.o
                                                  src/ASF/sam0/drivers/sercom/spi/spi.o
                                                  src/ASF/sam0/drivers/port/port.o
